Archive member included to satisfy reference by file (symbol)

C:/EIGENE~1/DSP_LA~1/DEPEND~1/GCC-13~1.REL/bin/../lib/gcc/arm-none-eabi/13.3.1/thumb/v7e-m+fp/hard\libc.a(libc_a-exit.o)
                              C:/EIGENE~1/DSP_LA~1/DEPEND~1/GCC-13~1.REL/bin/../lib/gcc/arm-none-eabi/13.3.1/thumb/v7e-m+fp/hard\crt0.o (exit)
C:/EIGENE~1/DSP_LA~1/DEPEND~1/GCC-13~1.REL/bin/../lib/gcc/arm-none-eabi/13.3.1/thumb/v7e-m+fp/hard\libc.a(libc_a-findfp.o)
                              C:/EIGENE~1/DSP_LA~1/DEPEND~1/GCC-13~1.REL/bin/../lib/gcc/arm-none-eabi/13.3.1/thumb/v7e-m+fp/hard\libc.a(libc_a-exit.o) (__stdio_exit_handler)
C:/EIGENE~1/DSP_LA~1/DEPEND~1/GCC-13~1.REL/bin/../lib/gcc/arm-none-eabi/13.3.1/thumb/v7e-m+fp/hard\libc.a(libc_a-fwalk.o)
                              C:/EIGENE~1/DSP_LA~1/DEPEND~1/GCC-13~1.REL/bin/../lib/gcc/arm-none-eabi/13.3.1/thumb/v7e-m+fp/hard\libc.a(libc_a-findfp.o) (_fwalk_sglue)
C:/EIGENE~1/DSP_LA~1/DEPEND~1/GCC-13~1.REL/bin/../lib/gcc/arm-none-eabi/13.3.1/thumb/v7e-m+fp/hard\libc.a(libc_a-stdio.o)
                              C:/EIGENE~1/DSP_LA~1/DEPEND~1/GCC-13~1.REL/bin/../lib/gcc/arm-none-eabi/13.3.1/thumb/v7e-m+fp/hard\libc.a(libc_a-findfp.o) (__sread)
C:/EIGENE~1/DSP_LA~1/DEPEND~1/GCC-13~1.REL/bin/../lib/gcc/arm-none-eabi/13.3.1/thumb/v7e-m+fp/hard\libc.a(libc_a-vsnprintf.o)
                              CMakeFiles/hello_world.axf.dir/utils/debug_utils.cpp.obj (vsnprintf)
C:/EIGENE~1/DSP_LA~1/DEPEND~1/GCC-13~1.REL/bin/../lib/gcc/arm-none-eabi/13.3.1/thumb/v7e-m+fp/hard\libc.a(libc_a-memset.o)
                              CMakeFiles/hello_world.axf.dir/hello_world.cpp.obj (memset)
C:/EIGENE~1/DSP_LA~1/DEPEND~1/GCC-13~1.REL/bin/../lib/gcc/arm-none-eabi/13.3.1/thumb/v7e-m+fp/hard\libc.a(libc_a-closer.o)
                              C:/EIGENE~1/DSP_LA~1/DEPEND~1/GCC-13~1.REL/bin/../lib/gcc/arm-none-eabi/13.3.1/thumb/v7e-m+fp/hard\libc.a(libc_a-stdio.o) (_close_r)
C:/EIGENE~1/DSP_LA~1/DEPEND~1/GCC-13~1.REL/bin/../lib/gcc/arm-none-eabi/13.3.1/thumb/v7e-m+fp/hard\libc.a(libc_a-reent.o)
                              C:/EIGENE~1/DSP_LA~1/DEPEND~1/GCC-13~1.REL/bin/../lib/gcc/arm-none-eabi/13.3.1/thumb/v7e-m+fp/hard\libc.a(libc_a-closer.o) (errno)
C:/EIGENE~1/DSP_LA~1/DEPEND~1/GCC-13~1.REL/bin/../lib/gcc/arm-none-eabi/13.3.1/thumb/v7e-m+fp/hard\libc.a(libc_a-impure.o)
                              C:/EIGENE~1/DSP_LA~1/DEPEND~1/GCC-13~1.REL/bin/../lib/gcc/arm-none-eabi/13.3.1/thumb/v7e-m+fp/hard\libc.a(libc_a-vsnprintf.o) (_impure_ptr)
C:/EIGENE~1/DSP_LA~1/DEPEND~1/GCC-13~1.REL/bin/../lib/gcc/arm-none-eabi/13.3.1/thumb/v7e-m+fp/hard\libc.a(libc_a-lseekr.o)
                              C:/EIGENE~1/DSP_LA~1/DEPEND~1/GCC-13~1.REL/bin/../lib/gcc/arm-none-eabi/13.3.1/thumb/v7e-m+fp/hard\libc.a(libc_a-stdio.o) (_lseek_r)
C:/EIGENE~1/DSP_LA~1/DEPEND~1/GCC-13~1.REL/bin/../lib/gcc/arm-none-eabi/13.3.1/thumb/v7e-m+fp/hard\libc.a(libc_a-readr.o)
                              C:/EIGENE~1/DSP_LA~1/DEPEND~1/GCC-13~1.REL/bin/../lib/gcc/arm-none-eabi/13.3.1/thumb/v7e-m+fp/hard\libc.a(libc_a-stdio.o) (_read_r)
C:/EIGENE~1/DSP_LA~1/DEPEND~1/GCC-13~1.REL/bin/../lib/gcc/arm-none-eabi/13.3.1/thumb/v7e-m+fp/hard\libc.a(libc_a-writer.o)
                              C:/EIGENE~1/DSP_LA~1/DEPEND~1/GCC-13~1.REL/bin/../lib/gcc/arm-none-eabi/13.3.1/thumb/v7e-m+fp/hard\libc.a(libc_a-stdio.o) (_write_r)
C:/EIGENE~1/DSP_LA~1/DEPEND~1/GCC-13~1.REL/bin/../lib/gcc/arm-none-eabi/13.3.1/thumb/v7e-m+fp/hard\libc.a(libc_a-errno.o)
                              CMakeFiles/hello_world.axf.dir/utils/crt_dummy_syscalls.c.obj (__errno)
C:/EIGENE~1/DSP_LA~1/DEPEND~1/GCC-13~1.REL/bin/../lib/gcc/arm-none-eabi/13.3.1/thumb/v7e-m+fp/hard\libc.a(libc_a-init.o)
                              C:/EIGENE~1/DSP_LA~1/DEPEND~1/GCC-13~1.REL/bin/../lib/gcc/arm-none-eabi/13.3.1/thumb/v7e-m+fp/hard\crt0.o (__libc_init_array)
C:/EIGENE~1/DSP_LA~1/DEPEND~1/GCC-13~1.REL/bin/../lib/gcc/arm-none-eabi/13.3.1/thumb/v7e-m+fp/hard\libc.a(libc_a-lock.o)
                              C:/EIGENE~1/DSP_LA~1/DEPEND~1/GCC-13~1.REL/bin/../lib/gcc/arm-none-eabi/13.3.1/thumb/v7e-m+fp/hard\libc.a(libc_a-findfp.o) (__retarget_lock_init_recursive)
C:/EIGENE~1/DSP_LA~1/DEPEND~1/GCC-13~1.REL/bin/../lib/gcc/arm-none-eabi/13.3.1/thumb/v7e-m+fp/hard\libc.a(libc_a-__call_atexit.o)
                              C:/EIGENE~1/DSP_LA~1/DEPEND~1/GCC-13~1.REL/bin/../lib/gcc/arm-none-eabi/13.3.1/thumb/v7e-m+fp/hard\libc.a(libc_a-exit.o) (__call_exitprocs)
C:/EIGENE~1/DSP_LA~1/DEPEND~1/GCC-13~1.REL/bin/../lib/gcc/arm-none-eabi/13.3.1/thumb/v7e-m+fp/hard\libc.a(libc_a-atexit.o)
                              C:/EIGENE~1/DSP_LA~1/DEPEND~1/GCC-13~1.REL/bin/../lib/gcc/arm-none-eabi/13.3.1/thumb/v7e-m+fp/hard\libc.a(libc_a-__call_atexit.o) (atexit)
C:/EIGENE~1/DSP_LA~1/DEPEND~1/GCC-13~1.REL/bin/../lib/gcc/arm-none-eabi/13.3.1/thumb/v7e-m+fp/hard\libc.a(libc_a-freer.o)
[...]
Memory Configuration

Name             Origin             Length             Attributes
FLASH            0x00000000         0x00200000         xr
RAM              0x1ffd0000         0x0002f000         xrw
STACK            0x1fffe000         0x00001000         xrw
*default*        0x00000000         0xffffffff

Linker script and memory map

LOAD CMakeFiles/hello_world.axf.dir/device/startup_S6E2CCAJOA.c.obj
LOAD CMakeFiles/hello_world.axf.dir/PDL/pdl.c.obj
LOAD CMakeFiles/hello_world.axf.dir/PDL/system_s6e2cc.c.obj
LOAD CMakeFiles/hello_world.axf.dir/PDL/mfs.c.obj
LOAD CMakeFiles/hello_world.axf.dir/PDL/clk.c.obj
LOAD CMakeFiles/hello_world.axf.dir/PDL/dstc.c.obj
LOAD CMakeFiles/hello_world.axf.dir/PDL/i2s.c.obj
LOAD CMakeFiles/hello_world.axf.dir/PDL/interrupts_fm4_type_b.c.obj
LOAD CMakeFiles/hello_world.axf.dir/PDL/wm8731.c.obj
LOAD CMakeFiles/hello_world.axf.dir/utils/crt_dummy_syscalls.c.obj
LOAD CMakeFiles/hello_world.axf.dir/utils/platform.cpp.obj
LOAD CMakeFiles/hello_world.axf.dir/utils/utils.cpp.obj
LOAD CMakeFiles/hello_world.axf.dir/utils/debug_utils.cpp.obj
LOAD CMakeFiles/hello_world.axf.dir/hello_world.cpp.obj
LOAD CMakeFiles/hello_world.axf.dir/hello_world_circ_buffer.cpp.obj
LOAD lib_dsp/libCMSISDSP.a
                0x00000000                        __ROM_BASE = 0x0
                0x00200000                        __ROM_SIZE = 0x200000
                0x1ffd0000                        __RAM_BASE = 0x1ffd0000
                0x00030000                        __RAM_SIZE = 0x30000
                0x00001000                        __STACK_SIZE = 0x1000
                0x00000400                        __HEAP_SIZE = 0x400
START GROUP
LOAD C:/EIGENE~1/DSP_LA~1/DEPEND~1/GCC-13~1.REL/bin/../lib/gcc/arm-none-eabi/13.3.1/thumb/v7e-m+fp/hard\crt0.o
LOAD C:/EIGENE~1/DSP_LA~1/DEPEND~1/GCC-13~1.REL/bin/../lib/gcc/arm-none-eabi/13.3.1/thumb/v7e-m+fp/hard\crti.o
LOAD C:/EIGENE~1/DSP_LA~1/DEPEND~1/GCC-13~1.REL/bin/../lib/gcc/arm-none-eabi/13.3.1/thumb/v7e-m+fp/hard\crtn.o
LOAD C:/EIGENE~1/DSP_LA~1/DEPEND~1/GCC-13~1.REL/bin/../lib/gcc/arm-none-eabi/13.3.1/thumb/v7e-m+fp/hard\crtbegin.o
LOAD C:/EIGENE~1/DSP_LA~1/DEPEND~1/GCC-13~1.REL/bin/../lib/gcc/arm-none-eabi/13.3.1/thumb/v7e-m+fp/hard\crtend.o
LOAD C:/EIGENE~1/DSP_LA~1/DEPEND~1/GCC-13~1.REL/bin/../lib/gcc/arm-none-eabi/13.3.1/thumb/v7e-m+fp/hard\libgcc.a
LOAD C:/EIGENE~1/DSP_LA~1/DEPEND~1/GCC-13~1.REL/bin/../lib/gcc/arm-none-eabi/13.3.1/thumb/v7e-m+fp/hard\libc.a
LOAD C:/EIGENE~1/DSP_LA~1/DEPEND~1/GCC-13~1.REL/bin/../lib/gcc/arm-none-eabi/13.3.1/thumb/v7e-m+fp/hard\libnosys.a
LOAD C:/EIGENE~1/DSP_LA~1/DEPEND~1/GCC-13~1.REL/bin/../lib/gcc/arm-none-eabi/13.3.1/thumb/v7e-m+fp/hard\libsupc++.a
LOAD C:/EIGENE~1/DSP_LA~1/DEPEND~1/GCC-13~1.REL/bin/../lib/gcc/arm-none-eabi/13.3.1/thumb/v7e-m+fp/hard\libm.a
END GROUP

.text           0x00000000     0xa758
 *(.vectors)
 .vectors       0x00000000      0x240 CMakeFiles/hello_world.axf.dir/device/startup_S6E2CCAJOA.c.obj
                0x00000000                __Vectors
 *(.text*)
 .text.Reset_Handler
                0x00000240       0xa8 CMakeFiles/hello_world.axf.dir/device/startup_S6E2CCAJOA.c.obj
                0x00000240                Reset_Handler
 .text.HardFault_Handler
                0x000002e8        0x8 CMakeFiles/hello_world.axf.dir/device/startup_S6E2CCAJOA.c.obj
                0x000002e8                HardFault_Handler
 .text.Default_Handler
                0x000002f0        0x8 CMakeFiles/hello_world.axf.dir/device/startup_S6E2CCAJOA.c.obj
                0x000002f0                MFS15_TX_IRQHandler
                0x000002f0                EXINT28_31_IRQHandler
                0x000002f0                EXINT2_IRQHandler
                0x000002f0                DebugMon_Handler
                0x000002f0                BT2_IRQHandler
                0x000002f0                LVD_IRQHandler
                0x000002f0                BT9_IRQHandler
                0x000002f0                USB0_F_IRQHandler
                0x000002f0                MFT0_FRT_ZERO_IRQHandler
                0x000002f0                DMAC7_IRQHandler
                0x000002f0                USB0_H_F_IRQHandler
                0x000002f0                MFS4_RX_IRQHandler
                0x000002f0                BT12_15_IRQHandler
                0x000002f0                WC_IRQHandler
                0x000002f0                SysTick_Handler
                0x000002f0                DMAC6_IRQHandler
                0x000002f0                BT0_IRQHandler
                0x000002f0                PendSV_Handler
                0x000002f0                NMI_Handler
                0x000002f0                DMAC4_IRQHandler
                0x000002f0                BT6_IRQHandler
                0x000002f0                MFT0_ICU_IRQHandler
                0x000002f0                MFT2_WFG_DTIF_IRQHandler
                0x000002f0                MFS6_TX_IRQHandler
                0x000002f0                DMAC2_IRQHandler
                0x000002f0                EXINT15_IRQHandler
                0x000002f0                MFS8_TX_IRQHandler
                0x000002f0                ETHER0_IRQHandler
                0x000002f0                MFS3_RX_IRQHandler
                0x000002f0                PPG08_10_12_IRQHandler
                0x000002f0                MFS8_RX_IRQHandler
                0x000002f0                ADC0_IRQHandler
                0x000002f0                MFS9_RX_IRQHandler
                0x000002f0                UsageFault_Handler
                0x000002f0                USB1_H_F_IRQHandler
                0x000002f0                EXINT24_27_IRQHandler
                0x000002f0                MFT2_ICU_IRQHandler
                0x000002f0                MFS12_RX_IRQHandler
                0x000002f0                BT7_IRQHandler
                0x000002f0                PPG00_02_04_IRQHandler
                0x000002f0                BT8_IRQHandler
                0x000002f0                EXINT6_IRQHandler
                0x000002f0                EXINT12_IRQHandler
                0x000002f0                MFS14_TX_IRQHandler
                0x000002f0                EXINT10_IRQHandler
                0x000002f0                IRQ005SEL_IRQHandler
                0x000002f0                ADC1_IRQHandler
                0x000002f0                MFT2_OCU_IRQHandler
                0x000002f0                MFT1_WFG_DTIF_IRQHandler
                0x000002f0                MFS6_RX_IRQHandler
                0x000002f0                MFS11_TX_IRQHandler
                0x000002f0                EXINT0_IRQHandler
                0x000002f0                BT10_IRQHandler
                0x000002f0                RTC_IRQHandler
                0x000002f0                MFS0_RX_IRQHandler
                0x000002f0                TIM_IRQHandler
                0x000002f0                QPRC1_IRQHandler
                0x000002f0                BT3_IRQHandler
                0x000002f0                MFS11_RX_IRQHandler
                0x000002f0                MFS1_RX_IRQHandler
                0x000002f0                DMAC3_IRQHandler
                0x000002f0                EXINT13_IRQHandler
                0x000002f0                IRQ004SEL_IRQHandler
                0x000002f0                DSTC_IRQHandler
                0x000002f0                BT1_IRQHandler
                0x000002f0                IRQ007SEL_IRQHandler
                0x000002f0                MFT0_FRT_PEAK_IRQHandler
                0x000002f0                EXINT3_IRQHandler
                0x000002f0                PPG16_18_20_IRQHandler
                0x000002f0                Default_Handler
                0x000002f0                MFS4_TX_IRQHandler
                0x000002f0                MFS13_RX_IRQHandler
                0x000002f0                MFS14_RX_IRQHandler
                0x000002f0                IRQ010SEL_IRQHandler
                0x000002f0                MFT1_FRT_ZERO_IRQHandler
                0x000002f0                EXINT7_IRQHandler
                0x000002f0                EXINT11_IRQHandler
                0x000002f0                ADC2_IRQHandler
                0x000002f0                MFT0_WFG_DTIF_IRQHandler
                0x000002f0                EXINT20_23_IRQHandler
                0x000002f0                MFS2_RX_IRQHandler
                0x000002f0                MFT2_FRT_ZERO_IRQHandler
                0x000002f0                MemManage_Handler
                0x000002f0                IRQ009SEL_IRQHandler
                0x000002f0                SVC_Handler
                0x000002f0                MFS7_TX_IRQHandler
                0x000002f0                BT5_IRQHandler
                0x000002f0                QPRC3_IRQHandler
                0x000002f0                MFS13_TX_IRQHandler
                0x000002f0                USB1_F_IRQHandler
                0x000002f0                CAN1_CANFD0_IRQHandler
                0x000002f0                IRQ003SEL_IRQHandler
                0x000002f0                MFS5_TX_IRQHandler
                0x000002f0                EXINT5_IRQHandler
                0x000002f0                EXINT14_IRQHandler
                0x000002f0                FLASHIF_IRQHandler
                0x000002f0                DMAC0_IRQHandler
                0x000002f0                QPRC0_IRQHandler
                0x000002f0                MFS3_TX_IRQHandler
                0x000002f0                EXINT4_IRQHandler
                0x000002f0                CSV_IRQHandler
                0x000002f0                MFS10_RX_IRQHandler
                0x000002f0                DT_IRQHandler
                0x000002f0                MFS1_TX_IRQHandler
                0x000002f0                EXTBUS_ERR_IRQHandler
                0x000002f0                DMAC1_IRQHandler
                0x000002f0                CAN0_IRQHandler
                0x000002f0                MFT1_ICU_IRQHandler
                0x000002f0                MFS10_TX_IRQHandler
                0x000002f0                IRQ008SEL_IRQHandler
                0x000002f0                EXINT8_IRQHandler
                0x000002f0                IRQ006SEL_IRQHandler
                0x000002f0                MFS0_TX_IRQHandler
                0x000002f0                EXINT1_IRQHandler
                0x000002f0                HSSPI_IRQHandler
                0x000002f0                QPRC2_IRQHandler
                0x000002f0                MFT1_OCU_IRQHandler
                0x000002f0                MFS9_TX_IRQHandler
                0x000002f0                MFT1_FRT_PEAK_IRQHandler
                0x000002f0                MFS7_RX_IRQHandler
                0x000002f0                SD_IRQHandler
                0x000002f0                BT4_IRQHandler
                0x000002f0                DMAC5_IRQHandler
                0x000002f0                BT11_IRQHandler
                0x000002f0                BusFault_Handler
                0x000002f0                EXINT9_IRQHandler
                0x000002f0                SWDT_IRQHandler
                0x000002f0                MFS12_TX_IRQHandler
                0x000002f0                EXINT16_19_IRQHandler
                0x000002f0                MFS15_RX_IRQHandler
                0x000002f0                MFT0_OCU_IRQHandler
                0x000002f0                MFT2_FRT_PEAK_IRQHandler
                0x000002f0                MFS2_TX_IRQHandler
                0x000002f0                MFS5_RX_IRQHandler
 .text.pdl_memclr
                0x000002f8       0x2e CMakeFiles/hello_world.axf.dir/PDL/pdl.c.obj
                0x000002f8                pdl_memclr
 *fill*         0x00000326        0x2 
 .text.SystemCoreClockUpdate
                0x00000328      0x124 CMakeFiles/hello_world.axf.dir/PDL/system_s6e2cc.c.obj
                0x00000328                SystemCoreClockUpdate
 .text.SystemInit
                0x0000044c      0x140 CMakeFiles/hello_world.axf.dir/PDL/system_s6e2cc.c.obj
                0x0000044c                SystemInit
 .text.MfsUartGetInternDataPtr
                0x0000058c       0x60 CMakeFiles/hello_world.axf.dir/PDL/mfs.c.obj
 .text.Mfs_Uart_Init
                0x000005ec      0x2d0 CMakeFiles/hello_world.axf.dir/PDL/mfs.c.obj
                0x000005ec                Mfs_Uart_Init
 .text.Mfs_Uart_SetBaudRate
                0x000008bc       0x60 CMakeFiles/hello_world.axf.dir/PDL/mfs.c.obj
                0x000008bc                Mfs_Uart_SetBaudRate
 .text.Mfs_Uart_EnableFunc
                0x0000091c       0x4c CMakeFiles/hello_world.axf.dir/PDL/mfs.c.obj
                0x0000091c                Mfs_Uart_EnableFunc
 .text.Mfs_Uart_GetStatus
                0x00000968       0xac CMakeFiles/hello_world.axf.dir/PDL/mfs.c.obj
                0x00000968                Mfs_Uart_GetStatus
 .text.Mfs_Uart_SendData
                0x00000a14       0x2a CMakeFiles/hello_world.axf.dir/PDL/mfs.c.obj
                0x00000a14                Mfs_Uart_SendData
 *fill*         0x00000a3e        0x2 
 .text.MfsI2cGetInternDataPtr
                0x00000a40       0x64 CMakeFiles/hello_world.axf.dir/PDL/mfs.c.obj
 .text.Mfs_I2c_Init
                0x00000aa4      0x19a CMakeFiles/hello_world.axf.dir/PDL/mfs.c.obj
                0x00000aa4                Mfs_I2c_Init
 *fill*         0x00000c3e        0x2 
 .text.Mfs_I2c_SetBaudRate
                0x00000c40       0x94 CMakeFiles/hello_world.axf.dir/PDL/mfs.c.obj
                0x00000c40                Mfs_I2c_SetBaudRate
 .text.Mfs_I2c_GenerateStart
                0x00000cd4       0x60 CMakeFiles/hello_world.axf.dir/PDL/mfs.c.obj
                0x00000cd4                Mfs_I2c_GenerateStart
 .text.Mfs_I2c_GenerateStop
                0x00000d34       0x64 CMakeFiles/hello_world.axf.dir/PDL/mfs.c.obj
                0x00000d34                Mfs_I2c_GenerateStop
 .text.Mfs_I2c_SendData
                0x00000d98       0x2c CMakeFiles/hello_world.axf.dir/PDL/mfs.c.obj
                0x00000d98                Mfs_I2c_SendData
 .text.Mfs_I2c_ConfigAck
                0x00000dc4       0x54 CMakeFiles/hello_world.axf.dir/PDL/mfs.c.obj
                0x00000dc4                Mfs_I2c_ConfigAck
 .text.Mfs_I2c_GetAck
                0x00000e18       0x22 CMakeFiles/hello_world.axf.dir/PDL/mfs.c.obj
                0x00000e18                Mfs_I2c_GetAck
 *fill*         0x00000e3a        0x2 
 .text.Mfs_I2c_GetStatus
                0x00000e3c      0x120 CMakeFiles/hello_world.axf.dir/PDL/mfs.c.obj
                0x00000e3c                Mfs_I2c_GetStatus
 .text.Mfs_I2c_ClrStatus
                0x00000f5c       0xa0 CMakeFiles/hello_world.axf.dir/PDL/mfs.c.obj
                0x00000f5c                Mfs_I2c_ClrStatus
 .text.Clk_PeripheralClockEnable
                0x00000ffc      0x320 CMakeFiles/hello_world.axf.dir/PDL/clk.c.obj
                0x00000ffc                Clk_PeripheralClockEnable
 .text.__NVIC_EnableIRQ
                0x0000131c       0x3c CMakeFiles/hello_world.axf.dir/PDL/dstc.c.obj
 .text.__NVIC_ClearPendingIRQ
                0x00001358       0x3c CMakeFiles/hello_world.axf.dir/PDL/dstc.c.obj
 .text.__NVIC_SetPriority
                0x00001394       0x54 CMakeFiles/hello_world.axf.dir/PDL/dstc.c.obj
 .text.Dstc_ReleaseStandBy
                0x000013e8       0x50 CMakeFiles/hello_world.axf.dir/PDL/dstc.c.obj
                0x000013e8                Dstc_ReleaseStandBy
 .text.Dstc_Init
                0x00001438      0x1b0 CMakeFiles/hello_world.axf.dir/PDL/dstc.c.obj
                0x00001438                Dstc_Init
 .text.Dstc_SetHwdesp
                0x000015e8       0x48 CMakeFiles/hello_world.axf.dir/PDL/dstc.c.obj
                0x000015e8                Dstc_SetHwdesp
 .text.Dstc_SetCommand
                0x00001630       0x78 CMakeFiles/hello_world.axf.dir/PDL/dstc.c.obj
                0x00001630                Dstc_SetCommand
 .text.Dstc_SetDreqenbBit
                0x000016a8       0x50 CMakeFiles/hello_world.axf.dir/PDL/dstc.c.obj
                0x000016a8                Dstc_SetDreqenbBit
 .text.Dstc_ReadHwintBit
                0x000016f8       0x4c CMakeFiles/hello_world.axf.dir/PDL/dstc.c.obj
                0x000016f8                Dstc_ReadHwintBit
 .text.Dstc_SetHwintclrBit
                0x00001744       0x44 CMakeFiles/hello_world.axf.dir/PDL/dstc.c.obj
                0x00001744                Dstc_SetHwintclrBit
 .text.Dstc_SetDqmskclrBit
                0x00001788       0x54 CMakeFiles/hello_world.axf.dir/PDL/dstc.c.obj
                0x00001788                Dstc_SetDqmskclrBit
 .text.Dstc_I2sIrqHandler
                0x000017dc       0x58 CMakeFiles/hello_world.axf.dir/PDL/dstc.c.obj
                0x000017dc                Dstc_I2sIrqHandler
 .text.__NVIC_EnableIRQ
                0x00001834       0x3c CMakeFiles/hello_world.axf.dir/PDL/i2s.c.obj
 .text.__NVIC_ClearPendingIRQ
                0x00001870       0x3c CMakeFiles/hello_world.axf.dir/PDL/i2s.c.obj
 .text.__NVIC_SetPriority
                0x000018ac       0x54 CMakeFiles/hello_world.axf.dir/PDL/i2s.c.obj
 .text.I2sGetInternDataPtr
                0x00001900       0x54 CMakeFiles/hello_world.axf.dir/PDL/i2s.c.obj
 .text.I2sIrqHandler
                0x00001954      0x1a2 CMakeFiles/hello_world.axf.dir/PDL/i2s.c.obj
                0x00001954                I2sIrqHandler
 .text.I2sInitNvic
                0x00001af6       0x24 CMakeFiles/hello_world.axf.dir/PDL/i2s.c.obj
 *fill*         0x00001b1a        0x2 
 .text.I2s_DisablePll
                0x00001b1c       0x20 CMakeFiles/hello_world.axf.dir/PDL/i2s.c.obj
                0x00001b1c                I2s_DisablePll
 .text.I2s_StartClk
                0x00001b3c       0x30 CMakeFiles/hello_world.axf.dir/PDL/i2s.c.obj
                0x00001b3c                I2s_StartClk
 .text.I2s_StopClk
                0x00001b6c       0x30 CMakeFiles/hello_world.axf.dir/PDL/i2s.c.obj
                0x00001b6c                I2s_StopClk
 .text.I2s_Init
                0x00001b9c      0x520 CMakeFiles/hello_world.axf.dir/PDL/i2s.c.obj
                0x00001b9c                I2s_Init
 .text.I2s_Start
                0x000020bc       0x20 CMakeFiles/hello_world.axf.dir/PDL/i2s.c.obj
                0x000020bc                I2s_Start
 .text.I2s_EnableTx
                0x000020dc       0x2a CMakeFiles/hello_world.axf.dir/PDL/i2s.c.obj
                0x000020dc                I2s_EnableTx
 .text.I2s_EnableRx
                0x00002106       0x2a CMakeFiles/hello_world.axf.dir/PDL/i2s.c.obj
                0x00002106                I2s_EnableRx
 .text.PCRC_I2S0_1_IRQHandler
                0x00002130       0x34 CMakeFiles/hello_world.axf.dir/PDL/interrupts_fm4_type_b.c.obj
                0x00002130                PCRC_I2S0_1_IRQHandler
 .text.DSTC_HW_IRQHandler
                0x00002164       0x2c CMakeFiles/hello_world.axf.dir/PDL/interrupts_fm4_type_b.c.obj
                0x00002164                DSTC_HW_IRQHandler
 .text.I2cCheckErrorStatus
                0x00002190       0x3c CMakeFiles/hello_world.axf.dir/PDL/wm8731.c.obj
 .text.I2cStart
                0x000021cc       0x80 CMakeFiles/hello_world.axf.dir/PDL/wm8731.c.obj
 .text.I2cSendData
                0x0000224c       0xa0 CMakeFiles/hello_world.axf.dir/PDL/wm8731.c.obj
 .text.I2cStop  0x000022ec       0x68 CMakeFiles/hello_world.axf.dir/PDL/wm8731.c.obj
 .text.Wm8731_SendCmd
                0x00002354       0x52 CMakeFiles/hello_world.axf.dir/PDL/wm8731.c.obj
                0x00002354                Wm8731_SendCmd
 *fill*         0x000023a6        0x2 
 .text.Wm8731_Init
                0x000023a8      0x12c CMakeFiles/hello_world.axf.dir/PDL/wm8731.c.obj
                0x000023a8                Wm8731_Init
 .text._close   0x000024d4       0x18 CMakeFiles/hello_world.axf.dir/utils/crt_dummy_syscalls.c.obj
                0x000024d4                _close
 .text._fstat   0x000024ec       0x20 CMakeFiles/hello_world.axf.dir/utils/crt_dummy_syscalls.c.obj
                0x000024ec                _fstat
 .text._getpid  0x0000250c       0x10 CMakeFiles/hello_world.axf.dir/utils/crt_dummy_syscalls.c.obj
                0x0000250c                _getpid
 .text._isatty  0x0000251c       0x16 CMakeFiles/hello_world.axf.dir/utils/crt_dummy_syscalls.c.obj
                0x0000251c                _isatty
 .text._kill    0x00002532       0x20 CMakeFiles/hello_world.axf.dir/utils/crt_dummy_syscalls.c.obj
                0x00002532                _kill
 .text._lseek   0x00002552       0x1c CMakeFiles/hello_world.axf.dir/utils/crt_dummy_syscalls.c.obj
                0x00002552                _lseek
 .text._read    0x0000256e       0x1c CMakeFiles/hello_world.axf.dir/utils/crt_dummy_syscalls.c.obj
                0x0000256e                _read
 .text._write   0x0000258a       0x1c CMakeFiles/hello_world.axf.dir/utils/crt_dummy_syscalls.c.obj
                0x0000258a                _write
 .text._Z13init_platformm13sampling_rate11audio_input
                0x000025a6       0x3a CMakeFiles/hello_world.axf.dir/utils/platform.cpp.obj
                0x000025a6                init_platform(unsigned long, sampling_rate, audio_input)
 .text._Z14platform_startv
                0x000025e0       0x24 CMakeFiles/hello_world.axf.dir/utils/platform.cpp.obj
                0x000025e0                platform_start()
 .text._Z10init_codec13sampling_rate11audio_input
                0x00002604       0xa4 CMakeFiles/hello_world.axf.dir/utils/platform.cpp.obj
                0x00002604                init_codec(sampling_rate, audio_input)
 .text._Z9init_dstcv
                0x000026a8      0x2dc CMakeFiles/hello_world.axf.dir/utils/platform.cpp.obj
                0x000026a8                init_dstc()
 .text._Z6isr_txv
                0x00002984       0x30 CMakeFiles/hello_world.axf.dir/utils/platform.cpp.obj
                0x00002984                isr_tx()
 .text._Z6isr_rxv
                0x000029b4       0x30 CMakeFiles/hello_world.axf.dir/utils/platform.cpp.obj
                0x000029b4                isr_rx()
 .text._Z9init_I2S013sampling_rate
                0x000029e4      0x228 CMakeFiles/hello_world.axf.dir/utils/platform.cpp.obj
                0x000029e4                init_I2S0(sampling_rate)
 .text._Z10init_uart0m
                0x00002c0c       0xc4 CMakeFiles/hello_world.axf.dir/utils/platform.cpp.obj
                0x00002c0c                init_uart0(unsigned long)
 .text._Z9init_gpiov
                0x00002cd0      0x10c CMakeFiles/hello_world.axf.dir/utils/platform.cpp.obj
                0x00002cd0                init_gpio()
 .text._Z8gpio_set9user_gpioh
                0x00002ddc       0x70 CMakeFiles/hello_world.axf.dir/utils/utils.cpp.obj
                0x00002ddc                gpio_set(user_gpio, unsigned char)
 .text._Z11write_uart0PKc
                0x00002e4c       0x4c CMakeFiles/hello_world.axf.dir/utils/debug_utils.cpp.obj
                0x00002e4c                write_uart0(char const*)
 .text._Z12debug_printfPKcz
                0x00002e98       0x30 CMakeFiles/hello_world.axf.dir/utils/debug_utils.cpp.obj
                0x00002e98                debug_printf(char const*, ...)
 .text._Z11fatal_errorv
                0x00002ec8       0x2c CMakeFiles/hello_world.axf.dir/utils/debug_utils.cpp.obj
                0x00002ec8                fatal_error()
 .text._Z27convert_audio_sample_to_2chPmPsS0_
                0x00002ef4       0x52 CMakeFiles/hello_world.axf.dir/hello_world.cpp.obj
                0x00002ef4                convert_audio_sample_to_2ch(unsigned long*, short*, short*)
 .text._Z27convert_2ch_to_audio_samplePsS_Pm
                0x00002f46       0x5e CMakeFiles/hello_world.axf.dir/hello_world.cpp.obj
                0x00002f46                convert_2ch_to_audio_sample(short*, short*, unsigned long*)
 .text.main     0x00002fa4      0x118 CMakeFiles/hello_world.axf.dir/hello_world.cpp.obj
                0x00002fa4                main
 .text._Z21get_new_tx_buffer_ptrv
                0x000030bc       0x28 CMakeFiles/hello_world.axf.dir/hello_world.cpp.obj
                0x000030bc                get_new_tx_buffer_ptr()
 .text._Z21get_new_rx_buffer_ptrv
                0x000030e4       0x28 CMakeFiles/hello_world.axf.dir/hello_world.cpp.obj
                0x000030e4                get_new_rx_buffer_ptr()
 .text._Z41__static_initialization_and_destruction_0v
                0x0000310c       0x1c CMakeFiles/hello_world.axf.dir/hello_world.cpp.obj
 .text._GLOBAL__sub_I_rx_buffer
                0x00003128        0xa CMakeFiles/hello_world.axf.dir/hello_world.cpp.obj
 *fill*         0x00003132        0x2 
 .text.__NVIC_EnableIRQ
                0x00003134       0x3c CMakeFiles/hello_world.axf.dir/hello_world_circ_buffer.cpp.obj
 .text.__NVIC_DisableIRQ
                0x00003170       0x48 CMakeFiles/hello_world.axf.dir/hello_world_circ_buffer.cpp.obj
 .text._ZN14CircularBufferC2Ev
                0x000031b8       0x36 CMakeFiles/hello_world.axf.dir/hello_world_circ_buffer.cpp.obj
                0x000031b8                CircularBuffer::CircularBuffer()
                0x000031b8                CircularBuffer::CircularBuffer()
 .text._ZN14CircularBuffer4initEv
                0x000031ee       0x1e CMakeFiles/hello_world.axf.dir/hello_world_circ_buffer.cpp.obj
                0x000031ee                CircularBuffer::init()
 .text._ZN14CircularBuffer4readEPm
                0x0000320c       0x96 CMakeFiles/hello_world.axf.dir/hello_world_circ_buffer.cpp.obj
                0x0000320c                CircularBuffer::read(unsigned long*)
 .text._ZN14CircularBuffer12get_read_ptrEv
                0x000032a2       0x9e CMakeFiles/hello_world.axf.dir/hello_world_circ_buffer.cpp.obj
                0x000032a2                CircularBuffer::get_read_ptr()
 .text._ZN14CircularBuffer5writeEPm
                0x00003340       0xa0 CMakeFiles/hello_world.axf.dir/hello_world_circ_buffer.cpp.obj
                0x00003340                CircularBuffer::write(unsigned long*)
 .text._ZN14CircularBuffer13get_write_ptrEv
                0x000033e0       0x98 CMakeFiles/hello_world.axf.dir/hello_world_circ_buffer.cpp.obj
                0x000033e0                CircularBuffer::get_write_ptr()
 .text          0x00003478       0x7c C:/EIGENE~1/DSP_LA~1/DEPEND~1/GCC-13~1.REL/bin/../lib/gcc/arm-none-eabi/13.3.1/thumb/v7e-m+fp/hard\crt0.o
                0x00003478                _stack_init
                0x00003480                _start
                0x00003480                _mainCRTStartup
 .text.deregister_tm_clones
                0x000034f4       0x1c C:/EIGENE~1/DSP_LA~1/DEPEND~1/GCC-13~1.REL/bin/../lib/gcc/arm-none-eabi/13.3.1/thumb/v7e-m+fp/hard\crtbegin.o
 .text.register_tm_clones
                0x00003510       0x24 C:/EIGENE~1/DSP_LA~1/DEPEND~1/GCC-13~1.REL/bin/../lib/gcc/arm-none-eabi/13.3.1/thumb/v7e-m+fp/hard\crtbegin.o
 .text.__do_global_dtors_aux
                0x00003534       0x28 C:/EIGENE~1/DSP_LA~1/DEPEND~1/GCC-13~1.REL/bin/../lib/gcc/arm-none-eabi/13.3.1/thumb/v7e-m+fp/hard\crtbegin.o
 .text.frame_dummy
                0x0000355c       0x24 C:/EIGENE~1/DSP_LA~1/DEPEND~1/GCC-13~1.REL/bin/../lib/gcc/arm-none-eabi/13.3.1/thumb/v7e-m+fp/hard\crtbegin.o
 .text.exit     0x00003580       0x1c C:/EIGENE~1/DSP_LA~1/DEPEND~1/GCC-13~1.REL/bin/../lib/gcc/arm-none-eabi/13.3.1/thumb/v7e-m+fp/hard\libc.a(libc_a-exit.o)
                0x00003580                exit
 .text.stdio_exit_handler
                0x0000359c       0x18 C:/EIGENE~1/DSP_LA~1/DEPEND~1/GCC-13~1.REL/bin/../lib/gcc/arm-none-eabi/13.3.1/thumb/v7e-m+fp/hard\libc.a(libc_a-findfp.o)
 .text.cleanup_stdio
                0x000035b4       0x40 C:/EIGENE~1/DSP_LA~1/DEPEND~1/GCC-13~1.REL/bin/../lib/gcc/arm-none-eabi/13.3.1/thumb/v7e-m+fp/hard\libc.a(libc_a-findfp.o)
 .text.global_stdio_init.part.0
                0x000035f4       0xf0 C:/EIGENE~1/DSP_LA~1/DEPEND~1/GCC-13~1.REL/bin/../lib/gcc/arm-none-eabi/13.3.1/thumb/v7e-m+fp/hard\libc.a(libc_a-findfp.o)
 .text.__sinit  0x000036e4       0x3c C:/EIGENE~1/DSP_LA~1/DEPEND~1/GCC-13~1.REL/bin/../lib/gcc/arm-none-eabi/13.3.1/thumb/v7e-m+fp/hard\libc.a(libc_a-findfp.o)
                0x000036e4                __sinit
 .text.__sfp_lock_acquire
                0x00003720        0xc C:/EIGENE~1/DSP_LA~1/DEPEND~1/GCC-13~1.REL/bin/../lib/gcc/arm-none-eabi/13.3.1/thumb/v7e-m+fp/hard\libc.a(libc_a-findfp.o)
                0x00003720                __sfp_lock_acquire
 .text.__sfp_lock_release
                0x0000372c        0xc C:/EIGENE~1/DSP_LA~1/DEPEND~1/GCC-13~1.REL/bin/../lib/gcc/arm-none-eabi/13.3.1/thumb/v7e-m+fp/hard\libc.a(libc_a-findfp.o)
                0x0000372c                __sfp_lock_release
 .text._fwalk_sglue
                0x00003738       0x44 C:/EIGENE~1/DSP_LA~1/DEPEND~1/GCC-13~1.REL/bin/../lib/gcc/arm-none-eabi/13.3.1/thumb/v7e-m+fp/hard\libc.a(libc_a-fwalk.o)
                0x00003738                _fwalk_sglue
 .text.__sread  0x0000377c       0x24 C:/EIGENE~1/DSP_LA~1/DEPEND~1/GCC-13~1.REL/bin/../lib/gcc/arm-none-eabi/13.3.1/thumb/v7e-m+fp/hard\libc.a(libc_a-stdio.o)
                0x0000377c                __sread
 .text.__swrite
                0x000037a0       0x40 C:/EIGENE~1/DSP_LA~1/DEPEND~1/GCC-13~1.REL/bin/../lib/gcc/arm-none-eabi/13.3.1/thumb/v7e-m+fp/hard\libc.a(libc_a-stdio.o)
                0x000037a0                __swrite
 .text.__sseek  0x000037e0       0x24 C:/EIGENE~1/DSP_LA~1/DEPEND~1/GCC-13~1.REL/bin/../lib/gcc/arm-none-eabi/13.3.1/thumb/v7e-m+fp/hard\libc.a(libc_a-stdio.o)
                0x000037e0                __sseek
 .text.__sclose
                0x00003804        0x8 C:/EIGENE~1/DSP_LA~1/DEPEND~1/GCC-13~1.REL/bin/../lib/gcc/arm-none-eabi/13.3.1/thumb/v7e-m+fp/hard\libc.a(libc_a-stdio.o)
                0x00003804                __sclose
 .text.vsnprintf
                0x0000380c       0x78 C:/EIGENE~1/DSP_LA~1/DEPEND~1/GCC-13~1.REL/bin/../lib/gcc/arm-none-eabi/13.3.1/thumb/v7e-m+fp/hard\libc.a(libc_a-vsnprintf.o)
                0x0000380c                vsnprintf
 .text.memset   0x00003884       0xa4 C:/EIGENE~1/DSP_LA~1/DEPEND~1/GCC-13~1.REL/bin/../lib/gcc/arm-none-eabi/13.3.1/thumb/v7e-m+fp/hard\libc.a(libc_a-memset.o)
                0x00003884                memset
 .text._close_r
                0x00003928       0x24 C:/EIGENE~1/DSP_LA~1/DEPEND~1/GCC-13~1.REL/bin/../lib/gcc/arm-none-eabi/13.3.1/thumb/v7e-m+fp/hard\libc.a(libc_a-closer.o)
                0x00003928                _close_r
 .text._lseek_r
                0x0000394c       0x2c C:/EIGENE~1/DSP_LA~1/DEPEND~1/GCC-13~1.REL/bin/../lib/gcc/arm-none-eabi/13.3.1/thumb/v7e-m+fp/hard\libc.a(libc_a-lseekr.o)
                0x0000394c                _lseek_r
 .text._read_r  0x00003978       0x2c C:/EIGENE~1/DSP_LA~1/DEPEND~1/GCC-13~1.REL/bin/../lib/gcc/arm-none-eabi/13.3.1/thumb/v7e-m+fp/hard\libc.a(libc_a-readr.o)
                0x00003978                _read_r
 .text._write_r
                0x000039a4       0x2c C:/EIGENE~1/DSP_LA~1/DEPEND~1/GCC-13~1.REL/bin/../lib/gcc/arm-none-eabi/13.3.1/thumb/v7e-m+fp/hard\libc.a(libc_a-writer.o)
                0x000039a4                _write_r
 .text.__errno  0x000039d0        0xc C:/EIGENE~1/DSP_LA~1/DEPEND~1/GCC-13~1.REL/bin/../lib/gcc/arm-none-eabi/13.3.1/thumb/v7e-m+fp/hard\libc.a(libc_a-errno.o)
                0x000039d0                __errno
 .text.__libc_init_array
                0x000039dc       0x50 C:/EIGENE~1/DSP_LA~1/DEPEND~1/GCC-13~1.REL/bin/../lib/gcc/arm-none-eabi/13.3.1/thumb/v7e-m+fp/hard\libc.a(libc_a-init.o)
                0x000039dc                __libc_init_array
 .text.__retarget_lock_init_recursive
                0x00003a2c        0x4 C:/EIGENE~1/DSP_LA~1/DEPEND~1/GCC-13~1.REL/bin/../lib/gcc/arm-none-eabi/13.3.1/thumb/v7e-m+fp/hard\libc.a(libc_a-lock.o)
                0x00003a2c                __retarget_lock_init_recursive
 .text.__retarget_lock_close_recursive
                0x00003a30        0x4 C:/EIGENE~1/DSP_LA~1/DEPEND~1/GCC-13~1.REL/bin/../lib/gcc/arm-none-eabi/13.3.1/thumb/v7e-m+fp/hard\libc.a(libc_a-lock.o)
                0x00003a30                __retarget_lock_close_recursive
 .text.__retarget_lock_acquire_recursive
                0x00003a34        0x4 C:/EIGENE~1/DSP_LA~1/DEPEND~1/GCC-13~1.REL/bin/../lib/gcc/arm-none-eabi/13.3.1/thumb/v7e-m+fp/hard\libc.a(libc_a-lock.o)
                0x00003a34                __retarget_lock_acquire_recursive
 .text.__retarget_lock_release_recursive
                0x00003a38        0x4 C:/EIGENE~1/DSP_LA~1/DEPEND~1/GCC-13~1.REL/bin/../lib/gcc/arm-none-eabi/13.3.1/thumb/v7e-m+fp/hard\libc.a(libc_a-lock.o)
                0x00003a38                __retarget_lock_release_recursive
 .text.startup.register_fini
                0x00003a3c       0x14 C:/EIGENE~1/DSP_LA~1/DEPEND~1/GCC-13~1.REL/bin/../lib/gcc/arm-none-eabi/13.3.1/thumb/v7e-m+fp/hard\libc.a(libc_a-__call_atexit.o)
 .text.__call_exitprocs
                0x00003a50       0xc0 C:/EIGENE~1/DSP_LA~1/DEPEND~1/GCC-13~1.REL/bin/../lib/gcc/arm-none-eabi/13.3.1/thumb/v7e-m+fp/hard\libc.a(libc_a-__call_atexit.o)
                0x00003a50                __call_exitprocs
 .text.atexit   0x00003b10        0xc C:/EIGENE~1/DSP_LA~1/DEPEND~1/GCC-13~1.REL/bin/../lib/gcc/arm-none-eabi/13.3.1/thumb/v7e-m+fp/hard\libc.a(libc_a-atexit.o)
                0x00003b10                atexit
 .text._malloc_trim_r
                0x00003b1c       0xb8 C:/EIGENE~1/DSP_LA~1/DEPEND~1/GCC-13~1.REL/bin/../lib/gcc/arm-none-eabi/13.3.1/thumb/v7e-m+fp/hard\libc.a(libc_a-freer.o)
                0x00003b1c                _malloc_trim_r
 .text._free_r  0x00003bd4      0x1f8 C:/EIGENE~1/DSP_LA~1/DEPEND~1/GCC-13~1.REL/bin/../lib/gcc/arm-none-eabi/13.3.1/thumb/v7e-m+fp/hard\libc.a(libc_a-freer.o)
                0x00003bd4                _free_r
 .text._malloc_r
                0x00003dcc      0x564 C:/EIGENE~1/DSP_LA~1/DEPEND~1/GCC-13~1.REL/bin/../lib/gcc/arm-none-eabi/13.3.1/thumb/v7e-m+fp/hard\libc.a(libc_a-mallocr.o)
                0x00003dcc                _malloc_r
 .text.__malloc_lock
                0x00004330        0xc C:/EIGENE~1/DSP_LA~1/DEPEND~1/GCC-13~1.REL/bin/../lib/gcc/arm-none-eabi/13.3.1/thumb/v7e-m+fp/hard\libc.a(libc_a-mlock.o)
                0x00004330                __malloc_lock
 .text.__malloc_unlock
                0x0000433c        0xc C:/EIGENE~1/DSP_LA~1/DEPEND~1/GCC-13~1.REL/bin/../lib/gcc/arm-none-eabi/13.3.1/thumb/v7e-m+fp/hard\libc.a(libc_a-mlock.o)
                0x0000433c                __malloc_unlock
 .text._svfprintf_r
                0x00004348     0x1b3c C:/EIGENE~1/DSP_LA~1/DEPEND~1/GCC-13~1.REL/bin/../lib/gcc/arm-none-eabi/13.3.1/thumb/v7e-m+fp/hard\libc.a(libc_a-svfprintf.o)
                0x00004348                _svfprintf_r
 .text.__ssprint_r
                0x00005e84       0x58 C:/EIGENE~1/DSP_LA~1/DEPEND~1/GCC-13~1.REL/bin/../lib/gcc/arm-none-eabi/13.3.1/thumb/v7e-m+fp/hard\libc.a(libc_a-ssprint_r.o)
                0x00005e84                __ssprint_r
 .text._fclose_r
                0x00005edc       0xc0 C:/EIGENE~1/DSP_LA~1/DEPEND~1/GCC-13~1.REL/bin/../lib/gcc/arm-none-eabi/13.3.1/thumb/v7e-m+fp/hard\libc.a(libc_a-fclose.o)
                0x00005edc                _fclose_r
 .text.__sflush_r
                0x00005f9c      0x138 C:/EIGENE~1/DSP_LA~1/DEPEND~1/GCC-13~1.REL/bin/../lib/gcc/arm-none-eabi/13.3.1/thumb/v7e-m+fp/hard\libc.a(libc_a-fflush.o)
                0x00005f9c                __sflush_r
 .text._fflush_r
                0x000060d4       0x54 C:/EIGENE~1/DSP_LA~1/DEPEND~1/GCC-13~1.REL/bin/../lib/gcc/arm-none-eabi/13.3.1/thumb/v7e-m+fp/hard\libc.a(libc_a-fflush.o)
                0x000060d4                _fflush_r
 .text.strncpy  0x00006128       0x68 C:/EIGENE~1/DSP_LA~1/DEPEND~1/GCC-13~1.REL/bin/../lib/gcc/arm-none-eabi/13.3.1/thumb/v7e-m+fp/hard\libc.a(libc_a-strncpy.o)
                0x00006128                strncpy
 .text.__locale_mb_cur_max
                0x00006190        0xc C:/EIGENE~1/DSP_LA~1/DEPEND~1/GCC-13~1.REL/bin/../lib/gcc/arm-none-eabi/13.3.1/thumb/v7e-m+fp/hard\libc.a(libc_a-locale.o)
                0x00006190                __locale_mb_cur_max
 .text._localeconv_r
                0x0000619c        0x8 C:/EIGENE~1/DSP_LA~1/DEPEND~1/GCC-13~1.REL/bin/../lib/gcc/arm-none-eabi/13.3.1/thumb/v7e-m+fp/hard\libc.a(libc_a-localeconv.o)
                0x0000619c                _localeconv_r
 .text._sbrk_r  0x000061a4       0x24 C:/EIGENE~1/DSP_LA~1/DEPEND~1/GCC-13~1.REL/bin/../lib/gcc/arm-none-eabi/13.3.1/thumb/v7e-m+fp/hard\libc.a(libc_a-sbrkr.o)
                0x000061a4                _sbrk_r
 .text.__libc_fini_array
                0x000061c8       0x28 C:/EIGENE~1/DSP_LA~1/DEPEND~1/GCC-13~1.REL/bin/../lib/gcc/arm-none-eabi/13.3.1/thumb/v7e-m+fp/hard\libc.a(libc_a-fini.o)
                0x000061c8                __libc_fini_array
 .text.sysconf  0x000061f0       0x1c C:/EIGENE~1/DSP_LA~1/DEPEND~1/GCC-13~1.REL/bin/../lib/gcc/arm-none-eabi/13.3.1/thumb/v7e-m+fp/hard\libc.a(libc_a-sysconf.o)
                0x000061f0                sysconf
 *fill*         0x0000620c        0x4 
 .text          0x00006210       0xa0 C:/EIGENE~1/DSP_LA~1/DEPEND~1/GCC-13~1.REL/bin/../lib/gcc/arm-none-eabi/13.3.1/thumb/v7e-m+fp/hard\libc.a(libc_a-memchr.o)
                0x00006210                memchr
 *fill*         0x000062b0       0x10 
 .text          0x000062c0       0xd8 C:/EIGENE~1/DSP_LA~1/DEPEND~1/GCC-13~1.REL/bin/../lib/gcc/arm-none-eabi/13.3.1/thumb/v7e-m+fp/hard\libc.a(libc_a-strlen.o)
                0x000062c0                strlen
 .text.frexp    0x00006398       0x64 C:/EIGENE~1/DSP_LA~1/DEPEND~1/GCC-13~1.REL/bin/../lib/gcc/arm-none-eabi/13.3.1/thumb/v7e-m+fp/hard\libc.a(libm_a-s_frexp.o)
                0x00006398                frexp
 .text.__register_exitproc
                0x000063fc       0x80 C:/EIGENE~1/DSP_LA~1/DEPEND~1/GCC-13~1.REL/bin/../lib/gcc/arm-none-eabi/13.3.1/thumb/v7e-m+fp/hard\libc.a(libc_a-__atexit.o)
                0x000063fc                __register_exitproc
 .text.quorem   0x0000647c      0x12c C:/EIGENE~1/DSP_LA~1/DEPEND~1/GCC-13~1.REL/bin/../lib/gcc/arm-none-eabi/13.3.1/thumb/v7e-m+fp/hard\libc.a(libc_a-dtoa.o)
 .text._dtoa_r  0x000065a8      0xe80 C:/EIGENE~1/DSP_LA~1/DEPEND~1/GCC-13~1.REL/bin/../lib/gcc/arm-none-eabi/13.3.1/thumb/v7e-m+fp/hard\libc.a(libc_a-dtoa.o)
                0x000065a8                _dtoa_r
 .text.__ascii_mbtowc
                0x00007428       0x2c C:/EIGENE~1/DSP_LA~1/DEPEND~1/GCC-13~1.REL/bin/../lib/gcc/arm-none-eabi/13.3.1/thumb/v7e-m+fp/hard\libc.a(libc_a-mbtowc_r.o)
                0x00007428                __ascii_mbtowc
 .text._Balloc  0x00007454       0x4c C:/EIGENE~1/DSP_LA~1/DEPEND~1/GCC-13~1.REL/bin/../lib/gcc/arm-none-eabi/13.3.1/thumb/v7e-m+fp/hard\libc.a(libc_a-mprec.o)
                0x00007454                _Balloc
 .text._Bfree   0x000074a0       0x14 C:/EIGENE~1/DSP_LA~1/DEPEND~1/GCC-13~1.REL/bin/../lib/gcc/arm-none-eabi/13.3.1/thumb/v7e-m+fp/hard\libc.a(libc_a-mprec.o)
                0x000074a0                _Bfree
 .text.__multadd
                0x000074b4       0xa0 C:/EIGENE~1/DSP_LA~1/DEPEND~1/GCC-13~1.REL/bin/../lib/gcc/arm-none-eabi/13.3.1/thumb/v7e-m+fp/hard\libc.a(libc_a-mprec.o)
                0x000074b4                __multadd
 .text.__hi0bits
                0x00007554       0x44 C:/EIGENE~1/DSP_LA~1/DEPEND~1/GCC-13~1.REL/bin/../lib/gcc/arm-none-eabi/13.3.1/thumb/v7e-m+fp/hard\libc.a(libc_a-mprec.o)
                0x00007554                __hi0bits
 .text.__lo0bits
                0x00007598       0x60 C:/EIGENE~1/DSP_LA~1/DEPEND~1/GCC-13~1.REL/bin/../lib/gcc/arm-none-eabi/13.3.1/thumb/v7e-m+fp/hard\libc.a(libc_a-mprec.o)
                0x00007598                __lo0bits
 .text.__i2b    0x000075f8       0x5c C:/EIGENE~1/DSP_LA~1/DEPEND~1/GCC-13~1.REL/bin/../lib/gcc/arm-none-eabi/13.3.1/thumb/v7e-m+fp/hard\libc.a(libc_a-mprec.o)
                0x000075f8                __i2b
 .text.__multiply
                0x00007654      0x16c C:/EIGENE~1/DSP_LA~1/DEPEND~1/GCC-13~1.REL/bin/../lib/gcc/arm-none-eabi/13.3.1/thumb/v7e-m+fp/hard\libc.a(libc_a-mprec.o)
                0x00007654                __multiply
 .text.__pow5mult
                0x000077c0       0xb4 C:/EIGENE~1/DSP_LA~1/DEPEND~1/GCC-13~1.REL/bin/../lib/gcc/arm-none-eabi/13.3.1/thumb/v7e-m+fp/hard\libc.a(libc_a-mprec.o)
                0x000077c0                __pow5mult
 .text.__lshift
                0x00007874       0xf0 C:/EIGENE~1/DSP_LA~1/DEPEND~1/GCC-13~1.REL/bin/../lib/gcc/arm-none-eabi/13.3.1/thumb/v7e-m+fp/hard\libc.a(libc_a-mprec.o)
                0x00007874                __lshift
 .text.__mcmp   0x00007964       0x44 C:/EIGENE~1/DSP_LA~1/DEPEND~1/GCC-13~1.REL/bin/../lib/gcc/arm-none-eabi/13.3.1/thumb/v7e-m+fp/hard\libc.a(libc_a-mprec.o)
                0x00007964                __mcmp
 .text.__mdiff  0x000079a8      0x178 C:/EIGENE~1/DSP_LA~1/DEPEND~1/GCC-13~1.REL/bin/../lib/gcc/arm-none-eabi/13.3.1/thumb/v7e-m+fp/hard\libc.a(libc_a-mprec.o)
                0x000079a8                __mdiff
 .text.__d2b    0x00007b20       0xc0 C:/EIGENE~1/DSP_LA~1/DEPEND~1/GCC-13~1.REL/bin/../lib/gcc/arm-none-eabi/13.3.1/thumb/v7e-m+fp/hard\libc.a(libc_a-mprec.o)
                0x00007b20                __d2b
 .text.__ascii_wctomb
                0x00007be0       0x1c C:/EIGENE~1/DSP_LA~1/DEPEND~1/GCC-13~1.REL/bin/../lib/gcc/arm-none-eabi/13.3.1/thumb/v7e-m+fp/hard\libc.a(libc_a-wctomb_r.o)
                0x00007be0                __ascii_wctomb
 .text._wcrtomb_r
                0x00007bfc       0x4c C:/EIGENE~1/DSP_LA~1/DEPEND~1/GCC-13~1.REL/bin/../lib/gcc/arm-none-eabi/13.3.1/thumb/v7e-m+fp/hard\libc.a(libc_a-wcrtomb.o)
                0x00007bfc                _wcrtomb_r
 .text._wcsrtombs_r
                0x00007c48       0x18 C:/EIGENE~1/DSP_LA~1/DEPEND~1/GCC-13~1.REL/bin/../lib/gcc/arm-none-eabi/13.3.1/thumb/v7e-m+fp/hard\libc.a(libc_a-wcsrtombs.o)
                0x00007c48                _wcsrtombs_r
 .text.__ssputs_r
                0x00007c60       0xc0 C:/EIGENE~1/DSP_LA~1/DEPEND~1/GCC-13~1.REL/bin/../lib/gcc/arm-none-eabi/13.3.1/thumb/v7e-m+fp/hard\libc.a(libc_a-ssputs_r.o)
                0x00007c60                __ssputs_r
 .text.memmove  0x00007d20      0x100 C:/EIGENE~1/DSP_LA~1/DEPEND~1/GCC-13~1.REL/bin/../lib/gcc/arm-none-eabi/13.3.1/thumb/v7e-m+fp/hard\libc.a(libc_a-memmove.o)
                0x00007d20                memmove
 .text          0x00007e20      0x134 C:/EIGENE~1/DSP_LA~1/DEPEND~1/GCC-13~1.REL/bin/../lib/gcc/arm-none-eabi/13.3.1/thumb/v7e-m+fp/hard\libc.a(libc_a-memcpy.o)
                0x00007e20                memcpy
 .text.__assert_func
                0x00007f54       0x40 C:/EIGENE~1/DSP_LA~1/DEPEND~1/GCC-13~1.REL/bin/../lib/gcc/arm-none-eabi/13.3.1/thumb/v7e-m+fp/hard\libc.a(libc_a-assert.o)
                0x00007f54                __assert_func
 .text._calloc_r
                0x00007f94       0x6c C:/EIGENE~1/DSP_LA~1/DEPEND~1/GCC-13~1.REL/bin/../lib/gcc/arm-none-eabi/13.3.1/thumb/v7e-m+fp/hard\libc.a(libc_a-callocr.o)
                0x00007f94                _calloc_r
 .text._realloc_r
                0x00008000      0x344 C:/EIGENE~1/DSP_LA~1/DEPEND~1/GCC-13~1.REL/bin/../lib/gcc/arm-none-eabi/13.3.1/thumb/v7e-m+fp/hard\libc.a(libc_a-reallocr.o)
                0x00008000                _realloc_r
 .text._wcsnrtombs_l
                0x00008344       0xfc C:/EIGENE~1/DSP_LA~1/DEPEND~1/GCC-13~1.REL/bin/../lib/gcc/arm-none-eabi/13.3.1/thumb/v7e-m+fp/hard\libc.a(libc_a-wcsnrtombs.o)
                0x00008344                _wcsnrtombs_l
 .text._wcsnrtombs_r
                0x00008440       0x24 C:/EIGENE~1/DSP_LA~1/DEPEND~1/GCC-13~1.REL/bin/../lib/gcc/arm-none-eabi/13.3.1/thumb/v7e-m+fp/hard\libc.a(libc_a-wcsnrtombs.o)
                0x00008440                _wcsnrtombs_r
 .text.fiprintf
                0x00008464       0x28 C:/EIGENE~1/DSP_LA~1/DEPEND~1/GCC-13~1.REL/bin/../lib/gcc/arm-none-eabi/13.3.1/thumb/v7e-m+fp/hard\libc.a(libc_a-fiprintf.o)
                0x00008464                fiprintf
 .text._vfiprintf_r
                0x0000848c      0xe68 C:/EIGENE~1/DSP_LA~1/DEPEND~1/GCC-13~1.REL/bin/../lib/gcc/arm-none-eabi/13.3.1/thumb/v7e-m+fp/hard\libc.a(libc_a-vfiprintf.o)
                0x0000848c                _vfiprintf_r
 .text.__sbprintf
                0x000092f4       0x80 C:/EIGENE~1/DSP_LA~1/DEPEND~1/GCC-13~1.REL/bin/../lib/gcc/arm-none-eabi/13.3.1/thumb/v7e-m+fp/hard\libc.a(libc_a-vfiprintf.o)
 .text.__sprint_r
                0x00009374       0x20 C:/EIGENE~1/DSP_LA~1/DEPEND~1/GCC-13~1.REL/bin/../lib/gcc/arm-none-eabi/13.3.1/thumb/v7e-m+fp/hard\libc.a(libc_a-sprint_r.o)
                0x00009374                __sprint_r
 .text.__sfvwrite_r
                0x00009394      0x300 C:/EIGENE~1/DSP_LA~1/DEPEND~1/GCC-13~1.REL/bin/../lib/gcc/arm-none-eabi/13.3.1/thumb/v7e-m+fp/hard\libc.a(libc_a-fvwrite.o)
                0x00009394                __sfvwrite_r
 .text.__swsetup_r
                0x00009694       0xc4 C:/EIGENE~1/DSP_LA~1/DEPEND~1/GCC-13~1.REL/bin/../lib/gcc/arm-none-eabi/13.3.1/thumb/v7e-m+fp/hard\libc.a(libc_a-wsetup.o)
                0x00009694                __swsetup_r
 .text.abort    0x00009758       0x10 C:/EIGENE~1/DSP_LA~1/DEPEND~1/GCC-13~1.REL/bin/../lib/gcc/arm-none-eabi/13.3.1/thumb/v7e-m+fp/hard\libc.a(libc_a-abort.o)
                0x00009758                abort
 .text.__smakebuf_r
                0x00009768       0xdc C:/EIGENE~1/DSP_LA~1/DEPEND~1/GCC-13~1.REL/bin/../lib/gcc/arm-none-eabi/13.3.1/thumb/v7e-m+fp/hard\libc.a(libc_a-makebuf.o)
                0x00009768                __smakebuf_r
 .text.raise    0x00009844       0x58 C:/EIGENE~1/DSP_LA~1/DEPEND~1/GCC-13~1.REL/bin/../lib/gcc/arm-none-eabi/13.3.1/thumb/v7e-m+fp/hard\libc.a(libc_a-signal.o)
                0x00009844                raise
 .text._fstat_r
                0x0000989c       0x2c C:/EIGENE~1/DSP_LA~1/DEPEND~1/GCC-13~1.REL/bin/../lib/gcc/arm-none-eabi/13.3.1/thumb/v7e-m+fp/hard\libc.a(libc_a-fstatr.o)
                0x0000989c                _fstat_r
 .text._isatty_r
                0x000098c8       0x24 C:/EIGENE~1/DSP_LA~1/DEPEND~1/GCC-13~1.REL/bin/../lib/gcc/arm-none-eabi/13.3.1/thumb/v7e-m+fp/hard\libc.a(libc_a-isattyr.o)
                0x000098c8                _isatty_r
 .text._kill_r  0x000098ec       0x2c C:/EIGENE~1/DSP_LA~1/DEPEND~1/GCC-13~1.REL/bin/../lib/gcc/arm-none-eabi/13.3.1/thumb/v7e-m+fp/hard\libc.a(libc_a-signalr.o)
                0x000098ec                _kill_r
 .text._getpid_r
                0x00009918        0x4 C:/EIGENE~1/DSP_LA~1/DEPEND~1/GCC-13~1.REL/bin/../lib/gcc/arm-none-eabi/13.3.1/thumb/v7e-m+fp/hard\libc.a(libc_a-signalr.o)
                0x00009918                _getpid_r
 .text._sbrk    0x0000991c       0x1c C:/EIGENE~1/DSP_LA~1/DEPEND~1/GCC-13~1.REL/bin/../lib/gcc/arm-none-eabi/13.3.1/thumb/v7e-m+fp/hard\libnosys.a(sbrk.o)
                0x0000991c                _sbrk
 .text._exit    0x00009938        0x4 C:/EIGENE~1/DSP_LA~1/DEPEND~1/GCC-13~1.REL/bin/../lib/gcc/arm-none-eabi/13.3.1/thumb/v7e-m+fp/hard\libnosys.a(_exit.o)
                0x00009938                _exit
 .text          0x0000993c      0x378 C:/EIGENE~1/DSP_LA~1/DEPEND~1/GCC-13~1.REL/bin/../lib/gcc/arm-none-eabi/13.3.1/thumb/v7e-m+fp/hard\libgcc.a(_arm_addsubdf3.o)
                0x0000993c                __aeabi_drsub
                0x00009944                __aeabi_dsub
                0x00009944                __subdf3
                0x00009948                __aeabi_dadd
                0x00009948                __adddf3
                0x00009bc0                __floatunsidf
                0x00009bc0                __aeabi_ui2d
                0x00009be0                __floatsidf
                0x00009be0                __aeabi_i2d
                0x00009c04                __aeabi_f2d
                0x00009c04                __extendsfdf2
                0x00009c48                __floatundidf
                0x00009c48                __aeabi_ul2d
                0x00009c58                __floatdidf
                0x00009c58                __aeabi_l2d
 .text          0x00009cb4      0x424 C:/EIGENE~1/DSP_LA~1/DEPEND~1/GCC-13~1.REL/bin/../lib/gcc/arm-none-eabi/13.3.1/thumb/v7e-m+fp/hard\libgcc.a(_arm_muldivdf3.o)
                0x00009cb4                __aeabi_dmul
                0x00009cb4                __muldf3
                0x00009f08                __divdf3
                0x00009f08                __aeabi_ddiv
 .text          0x0000a0d8      0x110 C:/EIGENE~1/DSP_LA~1/DEPEND~1/GCC-13~1.REL/bin/../lib/gcc/arm-none-eabi/13.3.1/thumb/v7e-m+fp/hard\libgcc.a(_arm_cmpdf2.o)
                0x0000a0d8                __gtdf2
                0x0000a0d8                __gedf2
                0x0000a0e0                __ltdf2
                0x0000a0e0                __ledf2
                0x0000a0e8                __nedf2
                0x0000a0e8                __eqdf2
                0x0000a0e8                __cmpdf2
                0x0000a164                __aeabi_cdrcmple
                0x0000a174                __aeabi_cdcmpeq
                0x0000a174                __aeabi_cdcmple
                0x0000a184                __aeabi_dcmpeq
                0x0000a198                __aeabi_dcmplt
                0x0000a1ac                __aeabi_dcmple
                0x0000a1c0                __aeabi_dcmpge
                0x0000a1d4                __aeabi_dcmpgt
 .text          0x0000a1e8       0x2c C:/EIGENE~1/DSP_LA~1/DEPEND~1/GCC-13~1.REL/bin/../lib/gcc/arm-none-eabi/13.3.1/thumb/v7e-m+fp/hard\libgcc.a(_arm_unorddf2.o)
                0x0000a1e8                __unorddf2
                0x0000a1e8                __aeabi_dcmpun
 .text          0x0000a214       0x50 C:/EIGENE~1/DSP_LA~1/DEPEND~1/GCC-13~1.REL/bin/../lib/gcc/arm-none-eabi/13.3.1/thumb/v7e-m+fp/hard\libgcc.a(_arm_fixdfsi.o)
                0x0000a214                __aeabi_d2iz
                0x0000a214                __fixdfsi
 *(.init)
 .init          0x0000a264        0x4 C:/EIGENE~1/DSP_LA~1/DEPEND~1/GCC-13~1.REL/bin/../lib/gcc/arm-none-eabi/13.3.1/thumb/v7e-m+fp/hard\crti.o
                0x0000a264                _init
 .init          0x0000a268        0x8 C:/EIGENE~1/DSP_LA~1/DEPEND~1/GCC-13~1.REL/bin/../lib/gcc/arm-none-eabi/13.3.1/thumb/v7e-m+fp/hard\crtn.o
 *(.fini)
 .fini          0x0000a270        0x4 C:/EIGENE~1/DSP_LA~1/DEPEND~1/GCC-13~1.REL/bin/../lib/gcc/arm-none-eabi/13.3.1/thumb/v7e-m+fp/hard\crti.o
                0x0000a270                _fini
 .fini          0x0000a274        0x8 C:/EIGENE~1/DSP_LA~1/DEPEND~1/GCC-13~1.REL/bin/../lib/gcc/arm-none-eabi/13.3.1/thumb/v7e-m+fp/hard\crtn.o
 *crtbegin.o(.ctors)
 *crtbegin?.o(.ctors)
 *(EXCLUDE_FILE(*crtend.o *crtend?.o) .ctors)
 *(SORT_BY_NAME(.ctors.*))
 *(.ctors)
 *crtbegin.o(.dtors)
 *crtbegin?.o(.dtors)
 *(EXCLUDE_FILE(*crtend.o *crtend?.o) .dtors)
 *(SORT_BY_NAME(.dtors.*))
 *(.dtors)
 *(.rodata*)
 .rodata        0x0000a27c        0xd CMakeFiles/hello_world.axf.dir/utils/debug_utils.cpp.obj
 *fill*         0x0000a289        0x3 
 .rodata        0x0000a28c       0x2e CMakeFiles/hello_world.axf.dir/hello_world.cpp.obj
 *fill*         0x0000a2ba        0x2 
 .rodata._svfprintf_r.str1.4
                0x0000a2bc      0x1a7 C:/EIGENE~1/DSP_LA~1/DEPEND~1/GCC-13~1.REL/bin/../lib/gcc/arm-none-eabi/13.3.1/thumb/v7e-m+fp/hard\libc.a(libc_a-svfprintf.o)
                                 0x42 (size before relaxing)
 *fill*         0x0000a463        0x1 
 .rodata.zeroes.0
                0x0000a464       0x10 C:/EIGENE~1/DSP_LA~1/DEPEND~1/GCC-13~1.REL/bin/../lib/gcc/arm-none-eabi/13.3.1/thumb/v7e-m+fp/hard\libc.a(libc_a-svfprintf.o)
 .rodata.blanks.1
                0x0000a474       0x10 C:/EIGENE~1/DSP_LA~1/DEPEND~1/GCC-13~1.REL/bin/../lib/gcc/arm-none-eabi/13.3.1/thumb/v7e-m+fp/hard\libc.a(libc_a-svfprintf.o)
 .rodata.str1.4
                0x0000a484       0x4c C:/EIGENE~1/DSP_LA~1/DEPEND~1/GCC-13~1.REL/bin/../lib/gcc/arm-none-eabi/13.3.1/thumb/v7e-m+fp/hard\libc.a(libc_a-locale.o)
 .rodata._dtoa_r.str1.4
                0x0000a484       0x81 C:/EIGENE~1/DSP_LA~1/DEPEND~1/GCC-13~1.REL/bin/../lib/gcc/arm-none-eabi/13.3.1/thumb/v7e-m+fp/hard\libc.a(libc_a-dtoa.o)
 .rodata.__multadd.str1.4
                0x0000a484       0x6e C:/EIGENE~1/DSP_LA~1/DEPEND~1/GCC-13~1.REL/bin/../lib/gcc/arm-none-eabi/13.3.1/thumb/v7e-m+fp/hard\libc.a(libc_a-mprec.o)
 .rodata.p05.0  0x0000a484        0xc C:/EIGENE~1/DSP_LA~1/DEPEND~1/GCC-13~1.REL/bin/../lib/gcc/arm-none-eabi/13.3.1/thumb/v7e-m+fp/hard\libc.a(libc_a-mprec.o)
 .rodata.__mprec_bigtens
                0x0000a490       0x28 C:/EIGENE~1/DSP_LA~1/DEPEND~1/GCC-13~1.REL/bin/../lib/gcc/arm-none-eabi/13.3.1/thumb/v7e-m+fp/hard\libc.a(libc_a-mprec.o)
                0x0000a490                __mprec_bigtens
 .rodata.__mprec_tens
                0x0000a4b8       0xc8 C:/EIGENE~1/DSP_LA~1/DEPEND~1/GCC-13~1.REL/bin/../lib/gcc/arm-none-eabi/13.3.1/thumb/v7e-m+fp/hard\libc.a(libc_a-mprec.o)
                0x0000a4b8                __mprec_tens
 .rodata._ctype_
                0x0000a580      0x101 C:/EIGENE~1/DSP_LA~1/DEPEND~1/GCC-13~1.REL/bin/../lib/gcc/arm-none-eabi/13.3.1/thumb/v7e-m+fp/hard\libc.a(libc_a-ctype_.o)
                0x0000a580                _ctype_
 .rodata.__assert_func.str1.4
                0x0000a681       0x43 C:/EIGENE~1/DSP_LA~1/DEPEND~1/GCC-13~1.REL/bin/../lib/gcc/arm-none-eabi/13.3.1/thumb/v7e-m+fp/hard\libc.a(libc_a-assert.o)
 .rodata._vfiprintf_r.str1.4
                0x0000a681       0x2f C:/EIGENE~1/DSP_LA~1/DEPEND~1/GCC-13~1.REL/bin/../lib/gcc/arm-none-eabi/13.3.1/thumb/v7e-m+fp/hard\libc.a(libc_a-vfiprintf.o)
 *fill*         0x0000a681        0x3 
 .rodata.zeroes.0
                0x0000a684       0x10 C:/EIGENE~1/DSP_LA~1/DEPEND~1/GCC-13~1.REL/bin/../lib/gcc/arm-none-eabi/13.3.1/thumb/v7e-m+fp/hard\libc.a(libc_a-vfiprintf.o)
 .rodata.blanks.1
                0x0000a694       0x10 C:/EIGENE~1/DSP_LA~1/DEPEND~1/GCC-13~1.REL/bin/../lib/gcc/arm-none-eabi/13.3.1/thumb/v7e-m+fp/hard\libc.a(libc_a-vfiprintf.o)
 *(.eh_frame*)
 .eh_frame      0x0000a6a4        0x0 C:/EIGENE~1/DSP_LA~1/DEPEND~1/GCC-13~1.REL/bin/../lib/gcc/arm-none-eabi/13.3.1/thumb/v7e-m+fp/hard\crtbegin.o
 .eh_frame      0x0000a6a4        0x4 C:/EIGENE~1/DSP_LA~1/DEPEND~1/GCC-13~1.REL/bin/../lib/gcc/arm-none-eabi/13.3.1/thumb/v7e-m+fp/hard\crtend.o
 .eh_frame      0x0000a6a8       0x50 C:/EIGENE~1/DSP_LA~1/DEPEND~1/GCC-13~1.REL/bin/../lib/gcc/arm-none-eabi/13.3.1/thumb/v7e-m+fp/hard\libc.a(libc_a-memchr.o)
 .eh_frame      0x0000a6f8       0x34 C:/EIGENE~1/DSP_LA~1/DEPEND~1/GCC-13~1.REL/bin/../lib/gcc/arm-none-eabi/13.3.1/thumb/v7e-m+fp/hard\libc.a(libc_a-strlen.o)
 .eh_frame      0x0000a72c       0x2c C:/EIGENE~1/DSP_LA~1/DEPEND~1/GCC-13~1.REL/bin/../lib/gcc/arm-none-eabi/13.3.1/thumb/v7e-m+fp/hard\libc.a(libc_a-memcpy.o)

.glue_7         0x0000a758        0x0
 .glue_7        0x0000a758        0x0 linker stubs

.glue_7t        0x0000a758        0x0
 .glue_7t       0x0000a758        0x0 linker stubs

.vfp11_veneer   0x0000a758        0x0
 .vfp11_veneer  0x0000a758        0x0 linker stubs

.v4_bx          0x0000a758        0x0
 .v4_bx         0x0000a758        0x0 linker stubs

.iplt           0x0000a758        0x0
 .iplt          0x0000a758        0x0 CMakeFiles/hello_world.axf.dir/device/startup_S6E2CCAJOA.c.obj

.ARM.extab
 *(.ARM.extab* .gnu.linkonce.armextab.*)
                0x0000a758                        __exidx_start = .

.ARM.exidx      0x0000a758        0x8
 *(.ARM.exidx* .gnu.linkonce.armexidx.*)
 .ARM.exidx     0x0000a758        0x8 C:/EIGENE~1/DSP_LA~1/DEPEND~1/GCC-13~1.REL/bin/../lib/gcc/arm-none-eabi/13.3.1/thumb/v7e-m+fp/hard\crt0.o
                                 0x10 (size before relaxing)
 .ARM.exidx     0x0000a760        0x0 C:/EIGENE~1/DSP_LA~1/DEPEND~1/GCC-13~1.REL/bin/../lib/gcc/arm-none-eabi/13.3.1/thumb/v7e-m+fp/hard\libc.a(libc_a-memchr.o)
                                  0x8 (size before relaxing)
 .ARM.exidx     0x0000a760        0x0 C:/EIGENE~1/DSP_LA~1/DEPEND~1/GCC-13~1.REL/bin/../lib/gcc/arm-none-eabi/13.3.1/thumb/v7e-m+fp/hard\libc.a(libc_a-strlen.o)
                                  0x8 (size before relaxing)
 .ARM.exidx     0x0000a760        0x0 C:/EIGENE~1/DSP_LA~1/DEPEND~1/GCC-13~1.REL/bin/../lib/gcc/arm-none-eabi/13.3.1/thumb/v7e-m+fp/hard\libc.a(libc_a-memcpy.o)
                                  0x8 (size before relaxing)
                0x0000a760                        __exidx_end = .

.copy.table     0x0000a760        0xc
                0x0000a760                        . = ALIGN (0x4)
                0x0000a760                        __copy_table_start__ = .
                0x0000a760        0x4 LONG 0xa76c LOADADDR (.data)
                0x0000a764        0x4 LONG 0x1ffd0000 ADDR (.data)
                0x0000a768        0x4 LONG 0x1d9 (SIZEOF (.data) / 0x4)
                0x0000a76c                        __copy_table_end__ = .

.rel.dyn        0x0000a76c        0x0
 .rel.iplt      0x0000a76c        0x0 CMakeFiles/hello_world.axf.dir/device/startup_S6E2CCAJOA.c.obj

.zero.table     0x0000a76c        0x0
                0x0000a76c                        . = ALIGN (0x4)
                0x0000a76c                        __zero_table_start__ = .
                0x0000a76c                        __zero_table_end__ = .
                [!provide]                        PROVIDE (__etext = LOADADDR (.data))

.data           0x1ffd0000      0x764 load address 0x0000a76c
                0x1ffd0000                        __data_start__ = .
 *(vtable)
 *(.data)
 *(.data.*)
 .data.SystemCoreClock
                0x1ffd0000        0x4 CMakeFiles/hello_world.axf.dir/PDL/system_s6e2cc.c.obj
                0x1ffd0000                SystemCoreClock
 .data.m_astcMfsInstanceDataLut
                0x1ffd0004       0x48 CMakeFiles/hello_world.axf.dir/PDL/mfs.c.obj
                0x1ffd0004                m_astcMfsInstanceDataLut
 .data.m_astcI2sInstanceDataLut
                0x1ffd004c       0x30 CMakeFiles/hello_world.axf.dir/PDL/i2s.c.obj
                0x1ffd004c                m_astcI2sInstanceDataLut
 .data.__sglue  0x1ffd007c        0xc C:/EIGENE~1/DSP_LA~1/DEPEND~1/GCC-13~1.REL/bin/../lib/gcc/arm-none-eabi/13.3.1/thumb/v7e-m+fp/hard\libc.a(libc_a-findfp.o)
                0x1ffd007c                __sglue
 .data._impure_ptr
                0x1ffd0088        0x4 C:/EIGENE~1/DSP_LA~1/DEPEND~1/GCC-13~1.REL/bin/../lib/gcc/arm-none-eabi/13.3.1/thumb/v7e-m+fp/hard\libc.a(libc_a-impure.o)
                0x1ffd0088                _impure_ptr
 *fill*         0x1ffd008c        0x4 
 .data._impure_data
                0x1ffd0090      0x140 C:/EIGENE~1/DSP_LA~1/DEPEND~1/GCC-13~1.REL/bin/../lib/gcc/arm-none-eabi/13.3.1/thumb/v7e-m+fp/hard\libc.a(libc_a-impure.o)
                0x1ffd0090                _impure_data
 .data.__atexit_recursive_mutex
                0x1ffd01d0        0x4 C:/EIGENE~1/DSP_LA~1/DEPEND~1/GCC-13~1.REL/bin/../lib/gcc/arm-none-eabi/13.3.1/thumb/v7e-m+fp/hard\libc.a(libc_a-__call_atexit.o)
                0x1ffd01d0                __atexit_recursive_mutex
 .data.__malloc_sbrk_base
                0x1ffd01d4        0x4 C:/EIGENE~1/DSP_LA~1/DEPEND~1/GCC-13~1.REL/bin/../lib/gcc/arm-none-eabi/13.3.1/thumb/v7e-m+fp/hard\libc.a(libc_a-mallocr.o)
                0x1ffd01d4                __malloc_sbrk_base
 .data.__malloc_trim_threshold
                0x1ffd01d8        0x4 C:/EIGENE~1/DSP_LA~1/DEPEND~1/GCC-13~1.REL/bin/../lib/gcc/arm-none-eabi/13.3.1/thumb/v7e-m+fp/hard\libc.a(libc_a-mallocr.o)
                0x1ffd01d8                __malloc_trim_threshold
 *fill*         0x1ffd01dc        0x4 
 .data.__malloc_av_
                0x1ffd01e0      0x408 C:/EIGENE~1/DSP_LA~1/DEPEND~1/GCC-13~1.REL/bin/../lib/gcc/arm-none-eabi/13.3.1/thumb/v7e-m+fp/hard\libc.a(libc_a-mallocr.o)
                0x1ffd01e0                __malloc_av_
 .data.__global_locale
                0x1ffd05e8      0x16c C:/EIGENE~1/DSP_LA~1/DEPEND~1/GCC-13~1.REL/bin/../lib/gcc/arm-none-eabi/13.3.1/thumb/v7e-m+fp/hard\libc.a(libc_a-locale.o)
                0x1ffd05e8                __global_locale
                0x1ffd0754                        . = ALIGN (0x4)
                0x1ffd0754                        PROVIDE (__preinit_array_start = .)
 *(.preinit_array)
                0x1ffd0754                        PROVIDE (__preinit_array_end = .)
                0x1ffd0754                        . = ALIGN (0x4)
                0x1ffd0754                        PROVIDE (__init_array_start = .)
 *(SORT_BY_NAME(.init_array.*))
 .init_array.00000
                0x1ffd0754        0x4 C:/EIGENE~1/DSP_LA~1/DEPEND~1/GCC-13~1.REL/bin/../lib/gcc/arm-none-eabi/13.3.1/thumb/v7e-m+fp/hard\libc.a(libc_a-__call_atexit.o)
 *(.init_array)
 .init_array    0x1ffd0758        0x4 CMakeFiles/hello_world.axf.dir/hello_world.cpp.obj
 .init_array    0x1ffd075c        0x4 C:/EIGENE~1/DSP_LA~1/DEPEND~1/GCC-13~1.REL/bin/../lib/gcc/arm-none-eabi/13.3.1/thumb/v7e-m+fp/hard\crtbegin.o
                0x1ffd0760                        PROVIDE (__init_array_end = .)
                0x1ffd0760                        . = ALIGN (0x4)
                0x1ffd0760                        PROVIDE (__fini_array_start = .)
 *(SORT_BY_NAME(.fini_array.*))
 *(.fini_array)
 .fini_array    0x1ffd0760        0x4 C:/EIGENE~1/DSP_LA~1/DEPEND~1/GCC-13~1.REL/bin/../lib/gcc/arm-none-eabi/13.3.1/thumb/v7e-m+fp/hard\crtbegin.o
                0x1ffd0764                        PROVIDE (__fini_array_end = .)
 *(.jcr*)
                0x1ffd0764                        . = ALIGN (0x4)
                0x1ffd0764                        __data_end__ = .

.igot.plt       0x1ffd0764        0x0 load address 0x0000aed0
 .igot.plt      0x1ffd0764        0x0 CMakeFiles/hello_world.axf.dir/device/startup_S6E2CCAJOA.c.obj

.tm_clone_table
                0x1ffd0764        0x0 load address 0x0000aed0
 .tm_clone_table
                0x1ffd0764        0x0 C:/EIGENE~1/DSP_LA~1/DEPEND~1/GCC-13~1.REL/bin/../lib/gcc/arm-none-eabi/13.3.1/thumb/v7e-m+fp/hard\crtbegin.o
 .tm_clone_table
                0x1ffd0764        0x0 C:/EIGENE~1/DSP_LA~1/DEPEND~1/GCC-13~1.REL/bin/../lib/gcc/arm-none-eabi/13.3.1/thumb/v7e-m+fp/hard\crtend.o

.bss            0x1ffd0764     0x2ba0
                0x1ffd0764                        . = ALIGN (0x4)
                0x1ffd0764                        __bss_start__ = .
 *(.bss)
 *(.bss.*)
 .bss.u32IoRegisterRead.0
                0x1ffd0764        0x4 CMakeFiles/hello_world.axf.dir/PDL/system_s6e2cc.c.obj
 .bss.stcDstcInternData
                0x1ffd0768       0x10 CMakeFiles/hello_world.axf.dir/PDL/dstc.c.obj
 .bss.pstcI2cInstance
                0x1ffd0778        0x4 CMakeFiles/hello_world.axf.dir/PDL/wm8731.c.obj
                0x1ffd0778                pstcI2cInstance
 .bss.u16LeftHpOut
                0x1ffd077c        0x2 CMakeFiles/hello_world.axf.dir/PDL/wm8731.c.obj
                0x1ffd077c                u16LeftHpOut
 .bss.u16RightHpOut
                0x1ffd077e        0x2 CMakeFiles/hello_world.axf.dir/PDL/wm8731.c.obj
                0x1ffd077e                u16RightHpOut
 .bss.stcDES    0x1ffd0780       0x38 CMakeFiles/hello_world.axf.dir/utils/platform.cpp.obj
                0x1ffd0780                stcDES
 .bss.rx_buffer
                0x1ffd07b8      0xc0c CMakeFiles/hello_world.axf.dir/hello_world.cpp.obj
                0x1ffd07b8                rx_buffer
 .bss.tx_buffer
                0x1ffd13c4      0xc0c CMakeFiles/hello_world.axf.dir/hello_world.cpp.obj
                0x1ffd13c4                tx_buffer
 .bss.in        0x1ffd1fd0      0x400 CMakeFiles/hello_world.axf.dir/hello_world.cpp.obj
                0x1ffd1fd0                in
 .bss.out       0x1ffd23d0      0x400 CMakeFiles/hello_world.axf.dir/hello_world.cpp.obj
                0x1ffd23d0                out
 .bss.left_in   0x1ffd27d0      0x200 CMakeFiles/hello_world.axf.dir/hello_world.cpp.obj
                0x1ffd27d0                left_in
 .bss.right_in  0x1ffd29d0      0x200 CMakeFiles/hello_world.axf.dir/hello_world.cpp.obj
                0x1ffd29d0                right_in
 .bss.left_out  0x1ffd2bd0      0x200 CMakeFiles/hello_world.axf.dir/hello_world.cpp.obj
                0x1ffd2bd0                left_out
 .bss.right_out
                0x1ffd2dd0      0x200 CMakeFiles/hello_world.axf.dir/hello_world.cpp.obj
                0x1ffd2dd0                right_out
 .bss.completed.1
                0x1ffd2fd0        0x1 C:/EIGENE~1/DSP_LA~1/DEPEND~1/GCC-13~1.REL/bin/../lib/gcc/arm-none-eabi/13.3.1/thumb/v7e-m+fp/hard\crtbegin.o
 *fill*         0x1ffd2fd1        0x3 
 .bss.object.0  0x1ffd2fd4       0x18 C:/EIGENE~1/DSP_LA~1/DEPEND~1/GCC-13~1.REL/bin/../lib/gcc/arm-none-eabi/13.3.1/thumb/v7e-m+fp/hard\crtbegin.o
 .bss.__sf      0x1ffd2fec      0x138 C:/EIGENE~1/DSP_LA~1/DEPEND~1/GCC-13~1.REL/bin/../lib/gcc/arm-none-eabi/13.3.1/thumb/v7e-m+fp/hard\libc.a(libc_a-findfp.o)
                0x1ffd2fec                __sf
 .bss.__stdio_exit_handler
                0x1ffd3124        0x4 C:/EIGENE~1/DSP_LA~1/DEPEND~1/GCC-13~1.REL/bin/../lib/gcc/arm-none-eabi/13.3.1/thumb/v7e-m+fp/hard\libc.a(libc_a-findfp.o)
                0x1ffd3124                __stdio_exit_handler
 .bss.errno     0x1ffd3128        0x4 C:/EIGENE~1/DSP_LA~1/DEPEND~1/GCC-13~1.REL/bin/../lib/gcc/arm-none-eabi/13.3.1/thumb/v7e-m+fp/hard\libc.a(libc_a-reent.o)
                0x1ffd3128                errno
 .bss.__lock___malloc_recursive_mutex
                0x1ffd312c        0x1 C:/EIGENE~1/DSP_LA~1/DEPEND~1/GCC-13~1.REL/bin/../lib/gcc/arm-none-eabi/13.3.1/thumb/v7e-m+fp/hard\libc.a(libc_a-lock.o)
                0x1ffd312c                __lock___malloc_recursive_mutex
 *fill*         0x1ffd312d        0x3 
 .bss.__lock___atexit_recursive_mutex
                0x1ffd3130        0x1 C:/EIGENE~1/DSP_LA~1/DEPEND~1/GCC-13~1.REL/bin/../lib/gcc/arm-none-eabi/13.3.1/thumb/v7e-m+fp/hard\libc.a(libc_a-lock.o)
                0x1ffd3130                __lock___atexit_recursive_mutex
 *fill*         0x1ffd3131        0x3 
 .bss.__lock___sfp_recursive_mutex
                0x1ffd3134        0x1 C:/EIGENE~1/DSP_LA~1/DEPEND~1/GCC-13~1.REL/bin/../lib/gcc/arm-none-eabi/13.3.1/thumb/v7e-m+fp/hard\libc.a(libc_a-lock.o)
                0x1ffd3134                __lock___sfp_recursive_mutex
 *fill*         0x1ffd3135        0x3 
 .bss.__atexit  0x1ffd3138        0x4 C:/EIGENE~1/DSP_LA~1/DEPEND~1/GCC-13~1.REL/bin/../lib/gcc/arm-none-eabi/13.3.1/thumb/v7e-m+fp/hard\libc.a(libc_a-__call_atexit.o)
                0x1ffd3138                __atexit
 .bss.__malloc_current_mallinfo
                0x1ffd313c       0x28 C:/EIGENE~1/DSP_LA~1/DEPEND~1/GCC-13~1.REL/bin/../lib/gcc/arm-none-eabi/13.3.1/thumb/v7e-m+fp/hard\libc.a(libc_a-mallocr.o)
                0x1ffd313c                __malloc_current_mallinfo
 .bss.__malloc_max_total_mem
                0x1ffd3164        0x4 C:/EIGENE~1/DSP_LA~1/DEPEND~1/GCC-13~1.REL/bin/../lib/gcc/arm-none-eabi/13.3.1/thumb/v7e-m+fp/hard\libc.a(libc_a-mallocr.o)
                0x1ffd3164                __malloc_max_total_mem
 .bss.__malloc_max_sbrked_mem
                0x1ffd3168        0x4 C:/EIGENE~1/DSP_LA~1/DEPEND~1/GCC-13~1.REL/bin/../lib/gcc/arm-none-eabi/13.3.1/thumb/v7e-m+fp/hard\libc.a(libc_a-mallocr.o)
                0x1ffd3168                __malloc_max_sbrked_mem
 .bss.__malloc_top_pad
                0x1ffd316c        0x4 C:/EIGENE~1/DSP_LA~1/DEPEND~1/GCC-13~1.REL/bin/../lib/gcc/arm-none-eabi/13.3.1/thumb/v7e-m+fp/hard\libc.a(libc_a-mallocr.o)
                0x1ffd316c                __malloc_top_pad
 .bss.__atexit0
                0x1ffd3170      0x190 C:/EIGENE~1/DSP_LA~1/DEPEND~1/GCC-13~1.REL/bin/../lib/gcc/arm-none-eabi/13.3.1/thumb/v7e-m+fp/hard\libc.a(libc_a-__atexit.o)
                0x1ffd3170                __atexit0
 .bss.heap_end.0
                0x1ffd3300        0x4 C:/EIGENE~1/DSP_LA~1/DEPEND~1/GCC-13~1.REL/bin/../lib/gcc/arm-none-eabi/13.3.1/thumb/v7e-m+fp/hard\libnosys.a(sbrk.o)
 *(COMMON)
                0x1ffd3304                        . = ALIGN (0x4)
                0x1ffd3304                        __bss_end__ = .

.heap           0x1ffd3304      0x404
                0x1ffd3308                        . = ALIGN (0x8)
 *fill*         0x1ffd3304        0x4 
                0x1ffd3308                        __end__ = .
                0x1ffd3308                        PROVIDE (end = .)
                0x1ffd3708                        . = (. + __HEAP_SIZE)
 *fill*         0x1ffd3308      0x400 
                0x1ffd3708                        . = ALIGN (0x8)
                0x1ffd3708                        __HeapLimit = .

.stack          0x1fffe000     0x1000
                0x1fffe000                        . = ALIGN (0x8)
                0x1fffe000                        __StackLimit = .
                0x1ffff000                        . = (. + __STACK_SIZE)
 *fill*         0x1fffe000     0x1000 
                0x1ffff000                        . = ALIGN (0x8)
                0x1ffff000                        __StackTop = .
                0x1ffff000                        PROVIDE (__stack = __StackTop)
                0x00000001                        ASSERT ((__StackLimit >= __HeapLimit), region RAM overflowed with stack)
OUTPUT(hello_world.axf elf32-littlearm)
LOAD linker stubs

.debug_info     0x00000000    0x441ef
 .debug_info    0x00000000      0x2d9 CMakeFiles/hello_world.axf.dir/device/startup_S6E2CCAJOA.c.obj
 .debug_info    0x000002d9      0x106 CMakeFiles/hello_world.axf.dir/PDL/pdl.c.obj
 .debug_info    0x000003df     0x79a1 CMakeFiles/hello_world.axf.dir/PDL/system_s6e2cc.c.obj
 .debug_info    0x00007d80     0x51dd CMakeFiles/hello_world.axf.dir/PDL/mfs.c.obj
 .debug_info    0x0000cf5d     0x3c18 CMakeFiles/hello_world.axf.dir/PDL/clk.c.obj
 .debug_info    0x00010b75     0x3823 CMakeFiles/hello_world.axf.dir/PDL/dstc.c.obj
 .debug_info    0x00014398     0x3b94 CMakeFiles/hello_world.axf.dir/PDL/i2s.c.obj
 .debug_info    0x00017f2c     0xc29f CMakeFiles/hello_world.axf.dir/PDL/interrupts_fm4_type_b.c.obj
 .debug_info    0x000241cb     0x17e0 CMakeFiles/hello_world.axf.dir/PDL/wm8731.c.obj
 .debug_info    0x000259ab      0x50d CMakeFiles/hello_world.axf.dir/utils/crt_dummy_syscalls.c.obj
 .debug_info    0x00025eb8    0x16baf CMakeFiles/hello_world.axf.dir/utils/platform.cpp.obj
 .debug_info    0x0003ca67     0x1a2a CMakeFiles/hello_world.axf.dir/utils/utils.cpp.obj
 .debug_info    0x0003e491     0x2385 CMakeFiles/hello_world.axf.dir/utils/debug_utils.cpp.obj
 .debug_info    0x00040816     0x1bb5 CMakeFiles/hello_world.axf.dir/hello_world.cpp.obj
 .debug_info    0x000423cb     0x1e24 CMakeFiles/hello_world.axf.dir/hello_world_circ_buffer.cpp.obj

.debug_abbrev   0x00000000     0x2549
 .debug_abbrev  0x00000000      0x20d CMakeFiles/hello_world.axf.dir/device/startup_S6E2CCAJOA.c.obj
 .debug_abbrev  0x0000020d       0x8b CMakeFiles/hello_world.axf.dir/PDL/pdl.c.obj
 .debug_abbrev  0x00000298      0x1d9 CMakeFiles/hello_world.axf.dir/PDL/system_s6e2cc.c.obj
 .debug_abbrev  0x00000471      0x23b CMakeFiles/hello_world.axf.dir/PDL/mfs.c.obj
 .debug_abbrev  0x000006ac      0x1d2 CMakeFiles/hello_world.axf.dir/PDL/clk.c.obj
 .debug_abbrev  0x0000087e      0x2f0 CMakeFiles/hello_world.axf.dir/PDL/dstc.c.obj
 .debug_abbrev  0x00000b6e      0x32e CMakeFiles/hello_world.axf.dir/PDL/i2s.c.obj
 .debug_abbrev  0x00000e9c      0x1fd CMakeFiles/hello_world.axf.dir/PDL/interrupts_fm4_type_b.c.obj
 .debug_abbrev  0x00001099      0x2e4 CMakeFiles/hello_world.axf.dir/PDL/wm8731.c.obj
 .debug_abbrev  0x0000137d      0x12e CMakeFiles/hello_world.axf.dir/utils/crt_dummy_syscalls.c.obj
 .debug_abbrev  0x000014ab      0x487 CMakeFiles/hello_world.axf.dir/utils/platform.cpp.obj
 .debug_abbrev  0x00001932      0x28e CMakeFiles/hello_world.axf.dir/utils/utils.cpp.obj
 .debug_abbrev  0x00001bc0      0x2ea CMakeFiles/hello_world.axf.dir/utils/debug_utils.cpp.obj
 .debug_abbrev  0x00001eaa      0x358 CMakeFiles/hello_world.axf.dir/hello_world.cpp.obj
 .debug_abbrev  0x00002202      0x347 CMakeFiles/hello_world.axf.dir/hello_world_circ_buffer.cpp.obj

.debug_aranges  0x00000000      0x688
 .debug_aranges
                0x00000000       0x30 CMakeFiles/hello_world.axf.dir/device/startup_S6E2CCAJOA.c.obj
 .debug_aranges
                0x00000030       0x28 CMakeFiles/hello_world.axf.dir/PDL/pdl.c.obj
 .debug_aranges
                0x00000058       0x28 CMakeFiles/hello_world.axf.dir/PDL/system_s6e2cc.c.obj
 .debug_aranges
                0x00000080      0x108 CMakeFiles/hello_world.axf.dir/PDL/mfs.c.obj
 .debug_aranges
                0x00000188       0x90 CMakeFiles/hello_world.axf.dir/PDL/clk.c.obj
 .debug_aranges
                0x00000218       0xe0 CMakeFiles/hello_world.axf.dir/PDL/dstc.c.obj
 .debug_aranges
                0x000002f8      0x118 CMakeFiles/hello_world.axf.dir/PDL/i2s.c.obj
 .debug_aranges
                0x00000410       0x30 CMakeFiles/hello_world.axf.dir/PDL/interrupts_fm4_type_b.c.obj
 .debug_aranges
                0x00000440       0x50 CMakeFiles/hello_world.axf.dir/PDL/wm8731.c.obj
 .debug_aranges
                0x00000490       0x78 CMakeFiles/hello_world.axf.dir/utils/crt_dummy_syscalls.c.obj
 .debug_aranges
                0x00000508       0x60 CMakeFiles/hello_world.axf.dir/utils/platform.cpp.obj
 .debug_aranges
                0x00000568       0x48 CMakeFiles/hello_world.axf.dir/utils/utils.cpp.obj
 .debug_aranges
                0x000005b0       0x30 CMakeFiles/hello_world.axf.dir/utils/debug_utils.cpp.obj
 .debug_aranges
                0x000005e0       0x50 CMakeFiles/hello_world.axf.dir/hello_world.cpp.obj
 .debug_aranges
                0x00000630       0x58 CMakeFiles/hello_world.axf.dir/hello_world_circ_buffer.cpp.obj

.debug_rnglists
                0x00000000      0x4c4
 .debug_rnglists
                0x00000000       0x20 CMakeFiles/hello_world.axf.dir/device/startup_S6E2CCAJOA.c.obj
 .debug_rnglists
                0x00000020       0x19 CMakeFiles/hello_world.axf.dir/PDL/pdl.c.obj
 .debug_rnglists
                0x00000039       0x1b CMakeFiles/hello_world.axf.dir/PDL/system_s6e2cc.c.obj
 .debug_rnglists
                0x00000054       0xc8 CMakeFiles/hello_world.axf.dir/PDL/mfs.c.obj
 .debug_rnglists
                0x0000011c       0x6e CMakeFiles/hello_world.axf.dir/PDL/clk.c.obj
 .debug_rnglists
                0x0000018a       0xa5 CMakeFiles/hello_world.axf.dir/PDL/dstc.c.obj
 .debug_rnglists
                0x0000022f       0xd5 CMakeFiles/hello_world.axf.dir/PDL/i2s.c.obj
 .debug_rnglists
                0x00000304       0x1f CMakeFiles/hello_world.axf.dir/PDL/interrupts_fm4_type_b.c.obj
 .debug_rnglists
                0x00000323       0x3a CMakeFiles/hello_world.axf.dir/PDL/wm8731.c.obj
 .debug_rnglists
                0x0000035d       0x55 CMakeFiles/hello_world.axf.dir/utils/crt_dummy_syscalls.c.obj
 .debug_rnglists
                0x000003b2       0x48 CMakeFiles/hello_world.axf.dir/utils/platform.cpp.obj
 .debug_rnglists
                0x000003fa       0x32 CMakeFiles/hello_world.axf.dir/utils/utils.cpp.obj
 .debug_rnglists
                0x0000042c       0x1f CMakeFiles/hello_world.axf.dir/utils/debug_utils.cpp.obj
 .debug_rnglists
                0x0000044b       0x38 CMakeFiles/hello_world.axf.dir/hello_world.cpp.obj
 .debug_rnglists
                0x00000483       0x41 CMakeFiles/hello_world.axf.dir/hello_world_circ_buffer.cpp.obj

.debug_macro    0x00000000    0x444a1
 .debug_macro   0x00000000       0xd6 CMakeFiles/hello_world.axf.dir/device/startup_S6E2CCAJOA.c.obj
 .debug_macro   0x000000d6      0xae4 CMakeFiles/hello_world.axf.dir/device/startup_S6E2CCAJOA.c.obj
 .debug_macro   0x00000bba      0x877 CMakeFiles/hello_world.axf.dir/device/startup_S6E2CCAJOA.c.obj
 .debug_macro   0x00001431       0x22 CMakeFiles/hello_world.axf.dir/device/startup_S6E2CCAJOA.c.obj
 .debug_macro   0x00001453       0x8e CMakeFiles/hello_world.axf.dir/device/startup_S6E2CCAJOA.c.obj
 .debug_macro   0x000014e1       0x51 CMakeFiles/hello_world.axf.dir/device/startup_S6E2CCAJOA.c.obj
 .debug_macro   0x00001532      0x103 CMakeFiles/hello_world.axf.dir/device/startup_S6E2CCAJOA.c.obj
 .debug_macro   0x00001635       0x6a CMakeFiles/hello_world.axf.dir/device/startup_S6E2CCAJOA.c.obj
 .debug_macro   0x0000169f      0x1df CMakeFiles/hello_world.axf.dir/device/startup_S6E2CCAJOA.c.obj
 .debug_macro   0x0000187e       0x2e CMakeFiles/hello_world.axf.dir/device/startup_S6E2CCAJOA.c.obj
 .debug_macro   0x000018ac       0x10 CMakeFiles/hello_world.axf.dir/device/startup_S6E2CCAJOA.c.obj
 .debug_macro   0x000018bc       0x34 CMakeFiles/hello_world.axf.dir/device/startup_S6E2CCAJOA.c.obj
 .debug_macro   0x000018f0      0x26d CMakeFiles/hello_world.axf.dir/device/startup_S6E2CCAJOA.c.obj
 .debug_macro   0x00001b5d       0x28 CMakeFiles/hello_world.axf.dir/device/startup_S6E2CCAJOA.c.obj
 .debug_macro   0x00001b85     0x11ae CMakeFiles/hello_world.axf.dir/device/startup_S6E2CCAJOA.c.obj
 .debug_macro   0x00002d33      0x11f CMakeFiles/hello_world.axf.dir/device/startup_S6E2CCAJOA.c.obj
 .debug_macro   0x00002e52    0x34e84 CMakeFiles/hello_world.axf.dir/device/startup_S6E2CCAJOA.c.obj
 .debug_macro   0x00037cd6      0x118 CMakeFiles/hello_world.axf.dir/device/startup_S6E2CCAJOA.c.obj
 .debug_macro   0x00037dee      0x110 CMakeFiles/hello_world.axf.dir/PDL/pdl.c.obj
 .debug_macro   0x00037efe     0x394c CMakeFiles/hello_world.axf.dir/PDL/pdl.c.obj
 .debug_macro   0x0003b84a      0x190 CMakeFiles/hello_world.axf.dir/PDL/pdl.c.obj
 .debug_macro   0x0003b9da       0x22 CMakeFiles/hello_world.axf.dir/PDL/pdl.c.obj
 .debug_macro   0x0003b9fc      0x15c CMakeFiles/hello_world.axf.dir/PDL/pdl.c.obj
 .debug_macro   0x0003bb58       0xe9 CMakeFiles/hello_world.axf.dir/PDL/system_s6e2cc.c.obj
 .debug_macro   0x0003bc41      0x146 CMakeFiles/hello_world.axf.dir/PDL/mfs.c.obj
 .debug_macro   0x0003bd87     0x114a CMakeFiles/hello_world.axf.dir/PDL/mfs.c.obj
 .debug_macro   0x0003ced1      0x169 CMakeFiles/hello_world.axf.dir/PDL/mfs.c.obj
 .debug_macro   0x0003d03a      0x12e CMakeFiles/hello_world.axf.dir/PDL/clk.c.obj
 .debug_macro   0x0003d168       0x46 CMakeFiles/hello_world.axf.dir/PDL/clk.c.obj
 .debug_macro   0x0003d1ae      0x12e CMakeFiles/hello_world.axf.dir/PDL/dstc.c.obj
 .debug_macro   0x0003d2dc      0x5c9 CMakeFiles/hello_world.axf.dir/PDL/dstc.c.obj
 .debug_macro   0x0003d8a5      0x12e CMakeFiles/hello_world.axf.dir/PDL/i2s.c.obj
 .debug_macro   0x0003d9d3       0x1c CMakeFiles/hello_world.axf.dir/PDL/i2s.c.obj
 .debug_macro   0x0003d9ef      0x13d CMakeFiles/hello_world.axf.dir/PDL/interrupts_fm4_type_b.c.obj
 .debug_macro   0x0003db2c       0x22 CMakeFiles/hello_world.axf.dir/PDL/interrupts_fm4_type_b.c.obj
 .debug_macro   0x0003db4e      0x5cf CMakeFiles/hello_world.axf.dir/PDL/interrupts_fm4_type_b.c.obj
 .debug_macro   0x0003e11d      0x1f1 CMakeFiles/hello_world.axf.dir/PDL/wm8731.c.obj
 .debug_macro   0x0003e30e      0x16f CMakeFiles/hello_world.axf.dir/PDL/wm8731.c.obj
 .debug_macro   0x0003e47d       0x4c CMakeFiles/hello_world.axf.dir/PDL/wm8731.c.obj
 .debug_macro   0x0003e4c9       0x7b CMakeFiles/hello_world.axf.dir/PDL/wm8731.c.obj
 .debug_macro   0x0003e544       0x2a CMakeFiles/hello_world.axf.dir/PDL/wm8731.c.obj
 .debug_macro   0x0003e56e       0x3c CMakeFiles/hello_world.axf.dir/PDL/wm8731.c.obj
 .debug_macro   0x0003e5aa       0x34 CMakeFiles/hello_world.axf.dir/PDL/wm8731.c.obj
 .debug_macro   0x0003e5de      0x370 CMakeFiles/hello_world.axf.dir/PDL/wm8731.c.obj
 .debug_macro   0x0003e94e       0x16 CMakeFiles/hello_world.axf.dir/PDL/wm8731.c.obj
 .debug_macro   0x0003e964       0x4a CMakeFiles/hello_world.axf.dir/PDL/wm8731.c.obj
 .debug_macro   0x0003e9ae       0x34 CMakeFiles/hello_world.axf.dir/PDL/wm8731.c.obj
 .debug_macro   0x0003e9e2       0x10 CMakeFiles/hello_world.axf.dir/PDL/wm8731.c.obj
 .debug_macro   0x0003e9f2       0x58 CMakeFiles/hello_world.axf.dir/PDL/wm8731.c.obj
 .debug_macro   0x0003ea4a      0x1e5 CMakeFiles/hello_world.axf.dir/PDL/wm8731.c.obj
 .debug_macro   0x0003ec2f       0x10 CMakeFiles/hello_world.axf.dir/PDL/wm8731.c.obj
 .debug_macro   0x0003ec3f       0x3c CMakeFiles/hello_world.axf.dir/PDL/wm8731.c.obj
 .debug_macro   0x0003ec7b      0x1ab CMakeFiles/hello_world.axf.dir/utils/crt_dummy_syscalls.c.obj
 .debug_macro   0x0003ee26       0x10 CMakeFiles/hello_world.axf.dir/utils/crt_dummy_syscalls.c.obj
 .debug_macro   0x0003ee36       0x75 CMakeFiles/hello_world.axf.dir/utils/crt_dummy_syscalls.c.obj
 .debug_macro   0x0003eeab       0x94 CMakeFiles/hello_world.axf.dir/utils/crt_dummy_syscalls.c.obj
 .debug_macro   0x0003ef3f       0x57 CMakeFiles/hello_world.axf.dir/utils/crt_dummy_syscalls.c.obj
 .debug_macro   0x0003ef96      0x23c CMakeFiles/hello_world.axf.dir/utils/crt_dummy_syscalls.c.obj
 .debug_macro   0x0003f1d2       0x10 CMakeFiles/hello_world.axf.dir/utils/crt_dummy_syscalls.c.obj
 .debug_macro   0x0003f1e2       0x10 CMakeFiles/hello_world.axf.dir/utils/crt_dummy_syscalls.c.obj
 .debug_macro   0x0003f1f2       0x10 CMakeFiles/hello_world.axf.dir/utils/crt_dummy_syscalls.c.obj
 .debug_macro   0x0003f202       0x10 CMakeFiles/hello_world.axf.dir/utils/crt_dummy_syscalls.c.obj
 .debug_macro   0x0003f212       0x1c CMakeFiles/hello_world.axf.dir/utils/crt_dummy_syscalls.c.obj
 .debug_macro   0x0003f22e       0x52 CMakeFiles/hello_world.axf.dir/utils/crt_dummy_syscalls.c.obj
 .debug_macro   0x0003f280       0x22 CMakeFiles/hello_world.axf.dir/utils/crt_dummy_syscalls.c.obj
 .debug_macro   0x0003f2a2       0x10 CMakeFiles/hello_world.axf.dir/utils/crt_dummy_syscalls.c.obj
 .debug_macro   0x0003f2b2       0x52 CMakeFiles/hello_world.axf.dir/utils/crt_dummy_syscalls.c.obj
 .debug_macro   0x0003f304       0xcf CMakeFiles/hello_world.axf.dir/utils/crt_dummy_syscalls.c.obj
 .debug_macro   0x0003f3d3       0x1c CMakeFiles/hello_world.axf.dir/utils/crt_dummy_syscalls.c.obj
 .debug_macro   0x0003f3ef       0x3d CMakeFiles/hello_world.axf.dir/utils/crt_dummy_syscalls.c.obj
 .debug_macro   0x0003f42c       0x35 CMakeFiles/hello_world.axf.dir/utils/crt_dummy_syscalls.c.obj
 .debug_macro   0x0003f461      0x12c CMakeFiles/hello_world.axf.dir/utils/crt_dummy_syscalls.c.obj
 .debug_macro   0x0003f58d      0x4a1 CMakeFiles/hello_world.axf.dir/utils/platform.cpp.obj
 .debug_macro   0x0003fa2e      0xbbc CMakeFiles/hello_world.axf.dir/utils/platform.cpp.obj
 .debug_macro   0x000405ea       0x34 CMakeFiles/hello_world.axf.dir/utils/platform.cpp.obj
 .debug_macro   0x0004061e       0x16 CMakeFiles/hello_world.axf.dir/utils/platform.cpp.obj
 .debug_macro   0x00040634       0x9e CMakeFiles/hello_world.axf.dir/utils/platform.cpp.obj
 .debug_macro   0x000406d2      0x38c CMakeFiles/hello_world.axf.dir/utils/platform.cpp.obj
 .debug_macro   0x00040a5e      0x119 CMakeFiles/hello_world.axf.dir/utils/platform.cpp.obj
 .debug_macro   0x00040b77       0x10 CMakeFiles/hello_world.axf.dir/utils/platform.cpp.obj
 .debug_macro   0x00040b87       0x4a CMakeFiles/hello_world.axf.dir/utils/platform.cpp.obj
 .debug_macro   0x00040bd1       0x16 CMakeFiles/hello_world.axf.dir/utils/platform.cpp.obj
 .debug_macro   0x00040be7       0x16 CMakeFiles/hello_world.axf.dir/utils/platform.cpp.obj
 .debug_macro   0x00040bfd      0x138 CMakeFiles/hello_world.axf.dir/utils/platform.cpp.obj
 .debug_macro   0x00040d35      0x1f2 CMakeFiles/hello_world.axf.dir/utils/platform.cpp.obj
 .debug_macro   0x00040f27       0x10 CMakeFiles/hello_world.axf.dir/utils/platform.cpp.obj
 .debug_macro   0x00040f37      0x402 CMakeFiles/hello_world.axf.dir/utils/platform.cpp.obj
 .debug_macro   0x00041339       0x16 CMakeFiles/hello_world.axf.dir/utils/platform.cpp.obj
 .debug_macro   0x0004134f       0x3c CMakeFiles/hello_world.axf.dir/utils/platform.cpp.obj
 .debug_macro   0x0004138b       0x8e CMakeFiles/hello_world.axf.dir/utils/platform.cpp.obj
 .debug_macro   0x00041419       0x1c CMakeFiles/hello_world.axf.dir/utils/platform.cpp.obj
 .debug_macro   0x00041435     0x11ae CMakeFiles/hello_world.axf.dir/utils/platform.cpp.obj
 .debug_macro   0x000425e3       0x4c CMakeFiles/hello_world.axf.dir/utils/platform.cpp.obj
 .debug_macro   0x0004262f       0x46 CMakeFiles/hello_world.axf.dir/utils/platform.cpp.obj
 .debug_macro   0x00042675       0x52 CMakeFiles/hello_world.axf.dir/utils/platform.cpp.obj
 .debug_macro   0x000426c7       0x2e CMakeFiles/hello_world.axf.dir/utils/platform.cpp.obj
 .debug_macro   0x000426f5       0x1c CMakeFiles/hello_world.axf.dir/utils/platform.cpp.obj
 .debug_macro   0x00042711       0x18 CMakeFiles/hello_world.axf.dir/utils/platform.cpp.obj
 .debug_macro   0x00042729      0x194 CMakeFiles/hello_world.axf.dir/utils/platform.cpp.obj
 .debug_macro   0x000428bd       0x10 CMakeFiles/hello_world.axf.dir/utils/platform.cpp.obj
 .debug_macro   0x000428cd       0x16 CMakeFiles/hello_world.axf.dir/utils/platform.cpp.obj
 .debug_macro   0x000428e3       0x16 CMakeFiles/hello_world.axf.dir/utils/platform.cpp.obj
 .debug_macro   0x000428f9       0x29 CMakeFiles/hello_world.axf.dir/utils/platform.cpp.obj
 .debug_macro   0x00042922       0x10 CMakeFiles/hello_world.axf.dir/utils/platform.cpp.obj
 .debug_macro   0x00042932      0x3c7 CMakeFiles/hello_world.axf.dir/utils/platform.cpp.obj
 .debug_macro   0x00042cf9      0x183 CMakeFiles/hello_world.axf.dir/utils/platform.cpp.obj
 .debug_macro   0x00042e7c       0x7c CMakeFiles/hello_world.axf.dir/utils/platform.cpp.obj
 .debug_macro   0x00042ef8       0x17 CMakeFiles/hello_world.axf.dir/utils/platform.cpp.obj
 .debug_macro   0x00042f0f       0xee CMakeFiles/hello_world.axf.dir/utils/platform.cpp.obj
 .debug_macro   0x00042ffd       0xb9 CMakeFiles/hello_world.axf.dir/utils/platform.cpp.obj
 .debug_macro   0x000430b6       0x42 CMakeFiles/hello_world.axf.dir/utils/platform.cpp.obj
 .debug_macro   0x000430f8       0x35 CMakeFiles/hello_world.axf.dir/utils/platform.cpp.obj
 .debug_macro   0x0004312d       0x1d CMakeFiles/hello_world.axf.dir/utils/platform.cpp.obj
 .debug_macro   0x0004314a       0x22 CMakeFiles/hello_world.axf.dir/utils/platform.cpp.obj
 .debug_macro   0x0004316c       0x16 CMakeFiles/hello_world.axf.dir/utils/platform.cpp.obj
 .debug_macro   0x00043182       0x16 CMakeFiles/hello_world.axf.dir/utils/platform.cpp.obj
 .debug_macro   0x00043198       0x10 CMakeFiles/hello_world.axf.dir/utils/platform.cpp.obj
 .debug_macro   0x000431a8       0x10 CMakeFiles/hello_world.axf.dir/utils/platform.cpp.obj
 .debug_macro   0x000431b8      0x4a1 CMakeFiles/hello_world.axf.dir/utils/utils.cpp.obj
 .debug_macro   0x00043659      0x4ba CMakeFiles/hello_world.axf.dir/utils/debug_utils.cpp.obj
 .debug_macro   0x00043b13       0x4c CMakeFiles/hello_world.axf.dir/utils/debug_utils.cpp.obj
 .debug_macro   0x00043b5f      0x4a1 CMakeFiles/hello_world.axf.dir/hello_world.cpp.obj
 .debug_macro   0x00044000      0x4a1 CMakeFiles/hello_world.axf.dir/hello_world_circ_buffer.cpp.obj

.debug_line     0x00000000     0x8761
 .debug_line    0x00000000      0x42d CMakeFiles/hello_world.axf.dir/device/startup_S6E2CCAJOA.c.obj
 .debug_line    0x0000042d      0x389 CMakeFiles/hello_world.axf.dir/PDL/pdl.c.obj
 .debug_line    0x000007b6      0x4f9 CMakeFiles/hello_world.axf.dir/PDL/system_s6e2cc.c.obj
 .debug_line    0x00000caf      0xbb7 CMakeFiles/hello_world.axf.dir/PDL/mfs.c.obj
 .debug_line    0x00001866      0xda4 CMakeFiles/hello_world.axf.dir/PDL/clk.c.obj
 .debug_line    0x0000260a      0xac1 CMakeFiles/hello_world.axf.dir/PDL/dstc.c.obj
 .debug_line    0x000030cb      0xd24 CMakeFiles/hello_world.axf.dir/PDL/i2s.c.obj
 .debug_line    0x00003def      0x405 CMakeFiles/hello_world.axf.dir/PDL/interrupts_fm4_type_b.c.obj
 .debug_line    0x000041f4      0x641 CMakeFiles/hello_world.axf.dir/PDL/wm8731.c.obj
 .debug_line    0x00004835      0x453 CMakeFiles/hello_world.axf.dir/utils/crt_dummy_syscalls.c.obj
 .debug_line    0x00004c88      0xcce CMakeFiles/hello_world.axf.dir/utils/platform.cpp.obj
 .debug_line    0x00005956      0xb53 CMakeFiles/hello_world.axf.dir/utils/utils.cpp.obj
 .debug_line    0x000064a9      0xa99 CMakeFiles/hello_world.axf.dir/utils/debug_utils.cpp.obj
 .debug_line    0x00006f42      0xb9b CMakeFiles/hello_world.axf.dir/hello_world.cpp.obj
 .debug_line    0x00007add      0xc84 CMakeFiles/hello_world.axf.dir/hello_world_circ_buffer.cpp.obj

.debug_str      0x00000000   0x1d6e5d
 .debug_str     0x00000000   0x1d6e5d CMakeFiles/hello_world.axf.dir/device/startup_S6E2CCAJOA.c.obj
                             0x17e1ad (size before relaxing)
 .debug_str     0x001d6e5d   0x1b1100 CMakeFiles/hello_world.axf.dir/PDL/pdl.c.obj
 .debug_str     0x001d6e5d   0x1b3c3c CMakeFiles/hello_world.axf.dir/PDL/system_s6e2cc.c.obj
 .debug_str     0x001d6e5d   0x1b9920 CMakeFiles/hello_world.axf.dir/PDL/mfs.c.obj
 .debug_str     0x001d6e5d   0x1b8971 CMakeFiles/hello_world.axf.dir/PDL/clk.c.obj
 .debug_str     0x001d6e5d   0x1b9f41 CMakeFiles/hello_world.axf.dir/PDL/dstc.c.obj
 .debug_str     0x001d6e5d   0x1b8c40 CMakeFiles/hello_world.axf.dir/PDL/i2s.c.obj
 .debug_str     0x001d6e5d   0x1be7a9 CMakeFiles/hello_world.axf.dir/PDL/interrupts_fm4_type_b.c.obj
 .debug_str     0x001d6e5d   0x1bad1e CMakeFiles/hello_world.axf.dir/PDL/wm8731.c.obj
 .debug_str     0x001d6e5d     0x7805 CMakeFiles/hello_world.axf.dir/utils/crt_dummy_syscalls.c.obj
 .debug_str     0x001d6e5d   0x1c90a8 CMakeFiles/hello_world.axf.dir/utils/platform.cpp.obj
 .debug_str     0x001d6e5d   0x1c121d CMakeFiles/hello_world.axf.dir/utils/utils.cpp.obj
 .debug_str     0x001d6e5d   0x1c17d3 CMakeFiles/hello_world.axf.dir/utils/debug_utils.cpp.obj
 .debug_str     0x001d6e5d   0x1c1544 CMakeFiles/hello_world.axf.dir/hello_world.cpp.obj
 .debug_str     0x001d6e5d   0x1c19a1 CMakeFiles/hello_world.axf.dir/hello_world_circ_buffer.cpp.obj

.comment        0x00000000       0x45
 .comment       0x00000000       0x45 CMakeFiles/hello_world.axf.dir/device/startup_S6E2CCAJOA.c.obj
                                 0x46 (size before relaxing)
 .comment       0x00000045       0x46 CMakeFiles/hello_world.axf.dir/PDL/pdl.c.obj
 .comment       0x00000045       0x46 CMakeFiles/hello_world.axf.dir/PDL/system_s6e2cc.c.obj
 .comment       0x00000045       0x46 CMakeFiles/hello_world.axf.dir/PDL/mfs.c.obj
 .comment       0x00000045       0x46 CMakeFiles/hello_world.axf.dir/PDL/clk.c.obj
 .comment       0x00000045       0x46 CMakeFiles/hello_world.axf.dir/PDL/dstc.c.obj
 .comment       0x00000045       0x46 CMakeFiles/hello_world.axf.dir/PDL/i2s.c.obj
 .comment       0x00000045       0x46 CMakeFiles/hello_world.axf.dir/PDL/interrupts_fm4_type_b.c.obj
 .comment       0x00000045       0x46 CMakeFiles/hello_world.axf.dir/PDL/wm8731.c.obj
 .comment       0x00000045       0x46 CMakeFiles/hello_world.axf.dir/utils/crt_dummy_syscalls.c.obj
 .comment       0x00000045       0x46 CMakeFiles/hello_world.axf.dir/utils/platform.cpp.obj
 .comment       0x00000045       0x46 CMakeFiles/hello_world.axf.dir/utils/utils.cpp.obj
 .comment       0x00000045       0x46 CMakeFiles/hello_world.axf.dir/utils/debug_utils.cpp.obj
 .comment       0x00000045       0x46 CMakeFiles/hello_world.axf.dir/hello_world.cpp.obj
 .comment       0x00000045       0x46 CMakeFiles/hello_world.axf.dir/hello_world_circ_buffer.cpp.obj

.ARM.attributes
                0x00000000       0x32
 .ARM.attributes
                0x00000000       0x34 CMakeFiles/hello_world.axf.dir/device/startup_S6E2CCAJOA.c.obj
 .ARM.attributes
                0x00000034       0x34 CMakeFiles/hello_world.axf.dir/PDL/pdl.c.obj
 .ARM.attributes
                0x00000068       0x34 CMakeFiles/hello_world.axf.dir/PDL/system_s6e2cc.c.obj
 .ARM.attributes
                0x0000009c       0x34 CMakeFiles/hello_world.axf.dir/PDL/mfs.c.obj
 .ARM.attributes
                0x000000d0       0x34 CMakeFiles/hello_world.axf.dir/PDL/clk.c.obj
 .ARM.attributes
                0x00000104       0x34 CMakeFiles/hello_world.axf.dir/PDL/dstc.c.obj
 .ARM.attributes
                0x00000138       0x34 CMakeFiles/hello_world.axf.dir/PDL/i2s.c.obj
 .ARM.attributes
                0x0000016c       0x34 CMakeFiles/hello_world.axf.dir/PDL/interrupts_fm4_type_b.c.obj
 .ARM.attributes
                0x000001a0       0x34 CMakeFiles/hello_world.axf.dir/PDL/wm8731.c.obj
 .ARM.attributes
                0x000001d4       0x34 CMakeFiles/hello_world.axf.dir/utils/crt_dummy_syscalls.c.obj
 .ARM.attributes
                0x00000208       0x34 CMakeFiles/hello_world.axf.dir/utils/platform.cpp.obj
 .ARM.attributes
                0x0000023c       0x34 CMakeFiles/hello_world.axf.dir/utils/utils.cpp.obj
 .ARM.attributes
                0x00000270       0x34 CMakeFiles/hello_world.axf.dir/utils/debug_utils.cpp.obj
 .ARM.attributes
                0x000002a4       0x34 CMakeFiles/hello_world.axf.dir/hello_world.cpp.obj
 .ARM.attributes
                0x000002d8       0x34 CMakeFiles/hello_world.axf.dir/hello_world_circ_buffer.cpp.obj
 .ARM.attributes
                0x0000030c       0x20 C:/EIGENE~1/DSP_LA~1/DEPEND~1/GCC-13~1.REL/bin/../lib/gcc/arm-none-eabi/13.3.1/thumb/v7e-m+fp/hard\crt0.o
 .ARM.attributes
                0x0000032c       0x22 C:/EIGENE~1/DSP_LA~1/DEPEND~1/GCC-13~1.REL/bin/../lib/gcc/arm-none-eabi/13.3.1/thumb/v7e-m+fp/hard\crti.o
 .ARM.attributes
                0x0000034e       0x22 C:/EIGENE~1/DSP_LA~1/DEPEND~1/GCC-13~1.REL/bin/../lib/gcc/arm-none-eabi/13.3.1/thumb/v7e-m+fp/hard\crtn.o
 .ARM.attributes
                0x00000370       0x34 C:/EIGENE~1/DSP_LA~1/DEPEND~1/GCC-13~1.REL/bin/../lib/gcc/arm-none-eabi/13.3.1/thumb/v7e-m+fp/hard\crtbegin.o
 .ARM.attributes
                0x000003a4       0x34 C:/EIGENE~1/DSP_LA~1/DEPEND~1/GCC-13~1.REL/bin/../lib/gcc/arm-none-eabi/13.3.1/thumb/v7e-m+fp/hard\crtend.o
 .ARM.attributes
                0x000003d8       0x34 C:/EIGENE~1/DSP_LA~1/DEPEND~1/GCC-13~1.REL/bin/../lib/gcc/arm-none-eabi/13.3.1/thumb/v7e-m+fp/hard\libc.a(libc_a-exit.o)
 .ARM.attributes
                0x0000040c       0x34 C:/EIGENE~1/DSP_LA~1/DEPEND~1/GCC-13~1.REL/bin/../lib/gcc/arm-none-eabi/13.3.1/thumb/v7e-m+fp/hard\libc.a(libc_a-findfp.o)
 .ARM.attributes
                0x00000440       0x34 C:/EIGENE~1/DSP_LA~1/DEPEND~1/GCC-13~1.REL/bin/../lib/gcc/arm-none-eabi/13.3.1/thumb/v7e-m+fp/hard\libc.a(libc_a-fwalk.o)
 .ARM.attributes
                0x00000474       0x34 C:/EIGENE~1/DSP_LA~1/DEPEND~1/GCC-13~1.REL/bin/../lib/gcc/arm-none-eabi/13.3.1/thumb/v7e-m+fp/hard\libc.a(libc_a-stdio.o)
 .ARM.attributes
                0x000004a8       0x34 C:/EIGENE~1/DSP_LA~1/DEPEND~1/GCC-13~1.REL/bin/../lib/gcc/arm-none-eabi/13.3.1/thumb/v7e-m+fp/hard\libc.a(libc_a-vsnprintf.o)
 .ARM.attributes