Archive member included to satisfy reference by file (symbol)

lib_dsp/libCMSISDSP.a(arm_rfft_fast_f32.c.obj)
                              CMakeFiles/hello_world.axf.dir/hello_world.cpp.obj (arm_rfft_fast_f32)
lib_dsp/libCMSISDSP.a(arm_rfft_fast_init_f32.c.obj)
                              CMakeFiles/hello_world.axf.dir/hello_world.cpp.obj (arm_rfft_fast_init_f32)
lib_dsp/libCMSISDSP.a(arm_common_tables.c.obj)
                              lib_dsp/libCMSISDSP.a(arm_rfft_fast_init_f32.c.obj) (twiddleCoef_rfft_32)
lib_dsp/libCMSISDSP.a(arm_hamming_f32.c.obj)
                              CMakeFiles/hello_world.axf.dir/hello_world.cpp.obj (arm_hamming_f32)
lib_dsp/libCMSISDSP.a(arm_cfft_f32.c.obj)
                              lib_dsp/libCMSISDSP.a(arm_rfft_fast_f32.c.obj) (arm_cfft_f32)
lib_dsp/libCMSISDSP.a(arm_cfft_init_f32.c.obj)
                              lib_dsp/libCMSISDSP.a(arm_rfft_fast_init_f32.c.obj) (arm_cfft_init_2048_f32)
lib_dsp/libCMSISDSP.a(arm_const_structs.c.obj)
                              lib_dsp/libCMSISDSP.a(arm_cfft_init_f32.c.obj) (arm_cfft_sR_f32_len16)
lib_dsp/libCMSISDSP.a(arm_bitreversal2.c.obj)
                              lib_dsp/libCMSISDSP.a(arm_cfft_f32.c.obj) (arm_bitreversal_32)
lib_dsp/libCMSISDSP.a(arm_cfft_radix8_f32.c.obj)
                              lib_dsp/libCMSISDSP.a(arm_cfft_f32.c.obj) (arm_radix8_butterfly_f32)
C:/EIGENE~1/DSP_LA~1/DEPEND~1/GCC-13~1.REL/bin/../lib/gcc/arm-none-eabi/13.3.1/thumb/v7e-m+fp/hard\libgcc.a(_arm_muldf3.o)
                              CMakeFiles/hello_world.axf.dir/hello_world.cpp.obj (__aeabi_dmul)
C:/EIGENE~1/DSP_LA~1/DEPEND~1/GCC-13~1.REL/bin/../lib/gcc/arm-none-eabi/13.3.1/thumb/v7e-m+fp/hard\libgcc.a(_arm_addsubdf3.o)
                              CMakeFiles/hello_world.axf.dir/hello_world.cpp.obj (__aeabi_dsub)
C:/EIGENE~1/DSP_LA~1/DEPEND~1/GCC-13~1.REL/bin/../lib/gcc/arm-none-eabi/13.3.1/thumb/v7e-m+fp/hard\libgcc.a(_arm_muldivdf3.o)
                              CMakeFiles/hello_world.axf.dir/hello_world.cpp.obj (__aeabi_ddiv)
C:/EIGENE~1/DSP_LA~1/DEPEND~1/GCC-13~1.REL/bin/../lib/gcc/arm-none-eabi/13.3.1/thumb/v7e-m+fp/hard\libgcc.a(_arm_cmpdf2.o)
                              CMakeFiles/hello_world.axf.dir/hello_world.cpp.obj (__aeabi_dcmplt)
C:/EIGENE~1/DSP_LA~1/DEPEND~1/GCC-13~1.REL/bin/../lib/gcc/arm-none-eabi/13.3.1/thumb/v7e-m+fp/hard\libgcc.a(_arm_truncdfsf2.o)
                              CMakeFiles/hello_world.axf.dir/hello_world.cpp.obj (__aeabi_d2f)
C:/EIGENE~1/DSP_LA~1/DEPEND~1/GCC-13~1.REL/bin/../lib/gcc/arm-none-eabi/13.3.1/thumb/v7e-m+fp/hard\libc.a(libc_a-exit.o)
                              C:/EIGENE~1/DSP_LA~1/DEPEND~1/GCC-13~1.REL/bin/../lib/gcc/arm-none-eabi/13.3.1/thumb/v7e-m+fp/hard\crt0.o (exit)
C:/EIGENE~1/DSP_LA~1/DEPEND~1/GCC-13~1.REL/bin/../lib/gcc/arm-none-eabi/13.3.1/thumb/v7e-m+fp/hard\libc.a(libc_a-findfp.o)
                              C:/EIGENE~1/DSP_LA~1/DEPEND~1/GCC-13~1.REL/bin/../lib/gcc/arm-none-eabi/13.3.1/thumb/v7e-m+fp/hard\libc.a(libc_a-exit.o) (__stdio_exit_handler)
C:/EIGENE~1/DSP_LA~1/DEPEND~1/GCC-13~1.REL/bin/../lib/gcc/arm-none-eabi/13.3.1/thumb/v7e-m+fp/hard\libc.a(libc_a-fwalk.o)
                              C:/EIGENE~1/DSP_LA~1/DEPEND~1/GCC-13~1.REL/bin/../lib/gcc/arm-none-eabi/13.3.1/thumb/v7e-m+fp/hard\libc.a(libc_a-findfp.o) (_fwalk_sglue)
C:/EIGENE~1/DSP_LA~1/DEPEND~1/GCC-13~1.REL/bin/../lib/gcc/arm-none-eabi/13.3.1/thumb/v7e-m+fp/hard\libc.a(libc_a-stdio.o)
                              C:/EIGENE~1/DSP_LA~1/DEPEND~1/GCC-13~1.REL/bin/../lib/gcc/arm-none-eabi/13.3.1/thumb/v7e-m+fp/hard\libc.a(libc_a-findfp.o) (__sread)
C:/EIGENE~1/DSP_LA~1/DEPEND~1/GCC-13~1.REL/bin/../lib/gcc/arm-none-eabi/13.3.1/thumb/v7e-m+fp/hard\libc.a(libc_a-vsnprintf.o)
                              CMakeFiles/hello_world.axf.dir/utils/debug_utils.cpp.obj (vsnprintf)
C:/EIGENE~1/DSP_LA~1/DEPEND~1/GCC-13~1.REL/bin/../lib/gcc/arm-none-eabi/13.3.1/thumb/v7e-m+fp/hard\libc.a(libc_a-memset.o)
                              CMakeFiles/hello_world.axf.dir/hello_world.cpp.obj (memset)
C:/EIGENE~1/DSP_LA~1/DEPEND~1/GCC-13~1.REL/bin/../lib/gcc/arm-none-eabi/13.3.1/thumb/v7e-m+fp/hard\libc.a(libc_a-closer.o)
                              C:/EIGENE~1/DSP_LA~1/DEPEND~1/GCC-13~1.REL/bin/../lib/gcc/arm-none-eabi/13.3.1/thumb/v7e-m+fp/hard\libc.a(libc_a-stdio.o) (_close_r)
C:/EIGENE~1/DSP_LA~1/DEPEND~1/GCC-13~1.REL/bin/../lib/gcc/arm-none-eabi/13.3.1/thumb/v7e-m+fp/hard\libc.a(libc_a-reent.o)
                              C:/EIGENE~1/DSP_LA~1/DEPEND~1/GCC-13~1.REL/bin/../lib/gcc/arm-none-eabi/13.3.1/thumb/v7e-m+fp/hard\libc.a(libc_a-closer.o) (errno)
C:/EIGENE~1/DSP_LA~1/DEPEND~1/GCC-13~1.REL/bin/../lib/gcc/arm-none-eabi/13.3.1/thumb/v7e-m+fp/hard\libc.a(libc_a-impure.o)
                              C:/EIGENE~1/DSP_LA~1/DEPEND~1/GCC-13~1.REL/bin/../lib/gcc/arm-none-eabi/13.3.1/thumb/v7e-m+fp/hard\libc.a(libc_a-vsnprintf.o) (_impure_ptr)
[...]
Memory Configuration

Name             Origin             Length             Attributes
FLASH            0x00000000         0x00200000         xr
RAM              0x1ffd0000         0x0002f000         xrw
STACK            0x1fffe000         0x00001000         xrw
*default*        0x00000000         0xffffffff

Linker script and memory map

LOAD CMakeFiles/hello_world.axf.dir/device/startup_S6E2CCAJOA.c.obj
LOAD CMakeFiles/hello_world.axf.dir/PDL/pdl.c.obj
LOAD CMakeFiles/hello_world.axf.dir/PDL/system_s6e2cc.c.obj
LOAD CMakeFiles/hello_world.axf.dir/PDL/mfs.c.obj
LOAD CMakeFiles/hello_world.axf.dir/PDL/clk.c.obj
LOAD CMakeFiles/hello_world.axf.dir/PDL/dstc.c.obj
LOAD CMakeFiles/hello_world.axf.dir/PDL/i2s.c.obj
LOAD CMakeFiles/hello_world.axf.dir/PDL/interrupts_fm4_type_b.c.obj
LOAD CMakeFiles/hello_world.axf.dir/PDL/wm8731.c.obj
LOAD CMakeFiles/hello_world.axf.dir/utils/crt_dummy_syscalls.c.obj
LOAD CMakeFiles/hello_world.axf.dir/utils/platform.cpp.obj
LOAD CMakeFiles/hello_world.axf.dir/utils/utils.cpp.obj
LOAD CMakeFiles/hello_world.axf.dir/utils/debug_utils.cpp.obj
LOAD CMakeFiles/hello_world.axf.dir/hello_world.cpp.obj
LOAD CMakeFiles/hello_world.axf.dir/hello_world_circ_buffer.cpp.obj
LOAD lib_dsp/libCMSISDSP.a
                0x00000000                        __ROM_BASE = 0x0
                0x00200000                        __ROM_SIZE = 0x200000
                0x1ffd0000                        __RAM_BASE = 0x1ffd0000
                0x00030000                        __RAM_SIZE = 0x30000
                0x00001000                        __STACK_SIZE = 0x1000
                0x00000400                        __HEAP_SIZE = 0x400
START GROUP
LOAD C:/EIGENE~1/DSP_LA~1/DEPEND~1/GCC-13~1.REL/bin/../lib/gcc/arm-none-eabi/13.3.1/thumb/v7e-m+fp/hard\crt0.o
LOAD C:/EIGENE~1/DSP_LA~1/DEPEND~1/GCC-13~1.REL/bin/../lib/gcc/arm-none-eabi/13.3.1/thumb/v7e-m+fp/hard\crti.o
LOAD C:/EIGENE~1/DSP_LA~1/DEPEND~1/GCC-13~1.REL/bin/../lib/gcc/arm-none-eabi/13.3.1/thumb/v7e-m+fp/hard\crtn.o
LOAD C:/EIGENE~1/DSP_LA~1/DEPEND~1/GCC-13~1.REL/bin/../lib/gcc/arm-none-eabi/13.3.1/thumb/v7e-m+fp/hard\crtbegin.o
LOAD C:/EIGENE~1/DSP_LA~1/DEPEND~1/GCC-13~1.REL/bin/../lib/gcc/arm-none-eabi/13.3.1/thumb/v7e-m+fp/hard\crtend.o
LOAD C:/EIGENE~1/DSP_LA~1/DEPEND~1/GCC-13~1.REL/bin/../lib/gcc/arm-none-eabi/13.3.1/thumb/v7e-m+fp/hard\libgcc.a
LOAD C:/EIGENE~1/DSP_LA~1/DEPEND~1/GCC-13~1.REL/bin/../lib/gcc/arm-none-eabi/13.3.1/thumb/v7e-m+fp/hard\libc.a
LOAD C:/EIGENE~1/DSP_LA~1/DEPEND~1/GCC-13~1.REL/bin/../lib/gcc/arm-none-eabi/13.3.1/thumb/v7e-m+fp/hard\libnosys.a
LOAD C:/EIGENE~1/DSP_LA~1/DEPEND~1/GCC-13~1.REL/bin/../lib/gcc/arm-none-eabi/13.3.1/thumb/v7e-m+fp/hard\libsupc++.a
LOAD C:/EIGENE~1/DSP_LA~1/DEPEND~1/GCC-13~1.REL/bin/../lib/gcc/arm-none-eabi/13.3.1/thumb/v7e-m+fp/hard\libm.a
END GROUP

.text           0x00000000    0x23218
 *(.vectors)
 .vectors       0x00000000      0x240 CMakeFiles/hello_world.axf.dir/device/startup_S6E2CCAJOA.c.obj
                0x00000000                __Vectors
 *(.text*)
 .text.Reset_Handler
                0x00000240       0xa8 CMakeFiles/hello_world.axf.dir/device/startup_S6E2CCAJOA.c.obj
                0x00000240                Reset_Handler
 .text.HardFault_Handler
                0x000002e8        0x8 CMakeFiles/hello_world.axf.dir/device/startup_S6E2CCAJOA.c.obj
                0x000002e8                HardFault_Handler
 .text.Default_Handler
                0x000002f0        0x8 CMakeFiles/hello_world.axf.dir/device/startup_S6E2CCAJOA.c.obj
                0x000002f0                MFS15_TX_IRQHandler
                0x000002f0                EXINT28_31_IRQHandler
                0x000002f0                EXINT2_IRQHandler
                0x000002f0                DebugMon_Handler
                0x000002f0                BT2_IRQHandler
                0x000002f0                LVD_IRQHandler
                0x000002f0                BT9_IRQHandler
                0x000002f0                USB0_F_IRQHandler
                0x000002f0                MFT0_FRT_ZERO_IRQHandler
                0x000002f0                DMAC7_IRQHandler
                0x000002f0                USB0_H_F_IRQHandler
                0x000002f0                MFS4_RX_IRQHandler
                0x000002f0                BT12_15_IRQHandler
                0x000002f0                WC_IRQHandler
                0x000002f0                SysTick_Handler
                0x000002f0                DMAC6_IRQHandler
                0x000002f0                BT0_IRQHandler
                0x000002f0                PendSV_Handler
                0x000002f0                NMI_Handler
                0x000002f0                DMAC4_IRQHandler
                0x000002f0                BT6_IRQHandler
                0x000002f0                MFT0_ICU_IRQHandler
                0x000002f0                MFT2_WFG_DTIF_IRQHandler
                0x000002f0                MFS6_TX_IRQHandler
                0x000002f0                DMAC2_IRQHandler
                0x000002f0                EXINT15_IRQHandler
                0x000002f0                MFS8_TX_IRQHandler
                0x000002f0                ETHER0_IRQHandler
                0x000002f0                MFS3_RX_IRQHandler
                0x000002f0                PPG08_10_12_IRQHandler
                0x000002f0                MFS8_RX_IRQHandler
                0x000002f0                ADC0_IRQHandler
                0x000002f0                MFS9_RX_IRQHandler
                0x000002f0                UsageFault_Handler
                0x000002f0                USB1_H_F_IRQHandler
                0x000002f0                EXINT24_27_IRQHandler
                0x000002f0                MFT2_ICU_IRQHandler
                0x000002f0                MFS12_RX_IRQHandler
                0x000002f0                BT7_IRQHandler
                0x000002f0                PPG00_02_04_IRQHandler
                0x000002f0                BT8_IRQHandler
                0x000002f0                EXINT6_IRQHandler
                0x000002f0                EXINT12_IRQHandler
                0x000002f0                MFS14_TX_IRQHandler
                0x000002f0                EXINT10_IRQHandler
                0x000002f0                IRQ005SEL_IRQHandler
                0x000002f0                ADC1_IRQHandler
                0x000002f0                MFT2_OCU_IRQHandler
                0x000002f0                MFT1_WFG_DTIF_IRQHandler
                0x000002f0                MFS6_RX_IRQHandler
                0x000002f0                MFS11_TX_IRQHandler
                0x000002f0                EXINT0_IRQHandler
                0x000002f0                BT10_IRQHandler
                0x000002f0                RTC_IRQHandler
                0x000002f0                MFS0_RX_IRQHandler
                0x000002f0                TIM_IRQHandler
                0x000002f0                QPRC1_IRQHandler
                0x000002f0                BT3_IRQHandler
                0x000002f0                MFS11_RX_IRQHandler
                0x000002f0                MFS1_RX_IRQHandler
                0x000002f0                DMAC3_IRQHandler
                0x000002f0                EXINT13_IRQHandler
                0x000002f0                IRQ004SEL_IRQHandler
                0x000002f0                DSTC_IRQHandler
                0x000002f0                BT1_IRQHandler
                0x000002f0                IRQ007SEL_IRQHandler
                0x000002f0                MFT0_FRT_PEAK_IRQHandler
                0x000002f0                EXINT3_IRQHandler
                0x000002f0                PPG16_18_20_IRQHandler
                0x000002f0                Default_Handler
                0x000002f0                MFS4_TX_IRQHandler
                0x000002f0                MFS13_RX_IRQHandler
                0x000002f0                MFS14_RX_IRQHandler
                0x000002f0                IRQ010SEL_IRQHandler
                0x000002f0                MFT1_FRT_ZERO_IRQHandler
                0x000002f0                EXINT7_IRQHandler
                0x000002f0                EXINT11_IRQHandler
                0x000002f0                ADC2_IRQHandler
                0x000002f0                MFT0_WFG_DTIF_IRQHandler
                0x000002f0                EXINT20_23_IRQHandler
                0x000002f0                MFS2_RX_IRQHandler
                0x000002f0                MFT2_FRT_ZERO_IRQHandler
                0x000002f0                MemManage_Handler
                0x000002f0                IRQ009SEL_IRQHandler
                0x000002f0                SVC_Handler
                0x000002f0                MFS7_TX_IRQHandler
                0x000002f0                BT5_IRQHandler
                0x000002f0                QPRC3_IRQHandler
                0x000002f0                MFS13_TX_IRQHandler
                0x000002f0                USB1_F_IRQHandler
                0x000002f0                CAN1_CANFD0_IRQHandler
                0x000002f0                IRQ003SEL_IRQHandler
                0x000002f0                MFS5_TX_IRQHandler
                0x000002f0                EXINT5_IRQHandler
                0x000002f0                EXINT14_IRQHandler
                0x000002f0                FLASHIF_IRQHandler
                0x000002f0                DMAC0_IRQHandler
                0x000002f0                QPRC0_IRQHandler
                0x000002f0                MFS3_TX_IRQHandler
                0x000002f0                EXINT4_IRQHandler
                0x000002f0                CSV_IRQHandler
                0x000002f0                MFS10_RX_IRQHandler
                0x000002f0                DT_IRQHandler
                0x000002f0                MFS1_TX_IRQHandler
                0x000002f0                EXTBUS_ERR_IRQHandler
                0x000002f0                DMAC1_IRQHandler
                0x000002f0                CAN0_IRQHandler
                0x000002f0                MFT1_ICU_IRQHandler
                0x000002f0                MFS10_TX_IRQHandler
                0x000002f0                IRQ008SEL_IRQHandler
                0x000002f0                EXINT8_IRQHandler
                0x000002f0                IRQ006SEL_IRQHandler
                0x000002f0                MFS0_TX_IRQHandler
                0x000002f0                EXINT1_IRQHandler
                0x000002f0                HSSPI_IRQHandler
                0x000002f0                QPRC2_IRQHandler
                0x000002f0                MFT1_OCU_IRQHandler
                0x000002f0                MFS9_TX_IRQHandler
                0x000002f0                MFT1_FRT_PEAK_IRQHandler
                0x000002f0                MFS7_RX_IRQHandler
                0x000002f0                SD_IRQHandler
                0x000002f0                BT4_IRQHandler
                0x000002f0                DMAC5_IRQHandler
                0x000002f0                BT11_IRQHandler
                0x000002f0                BusFault_Handler
                0x000002f0                EXINT9_IRQHandler
                0x000002f0                SWDT_IRQHandler
                0x000002f0                MFS12_TX_IRQHandler
                0x000002f0                EXINT16_19_IRQHandler
                0x000002f0                MFS15_RX_IRQHandler
                0x000002f0                MFT0_OCU_IRQHandler
                0x000002f0                MFT2_FRT_PEAK_IRQHandler
                0x000002f0                MFS2_TX_IRQHandler
                0x000002f0                MFS5_RX_IRQHandler
 .text.pdl_memclr
                0x000002f8       0x2e CMakeFiles/hello_world.axf.dir/PDL/pdl.c.obj
                0x000002f8                pdl_memclr
 *fill*         0x00000326        0x2 
 .text.SystemCoreClockUpdate
                0x00000328      0x124 CMakeFiles/hello_world.axf.dir/PDL/system_s6e2cc.c.obj
                0x00000328                SystemCoreClockUpdate
 .text.SystemInit
                0x0000044c      0x140 CMakeFiles/hello_world.axf.dir/PDL/system_s6e2cc.c.obj
                0x0000044c                SystemInit
 .text.MfsUartGetInternDataPtr
                0x0000058c       0x60 CMakeFiles/hello_world.axf.dir/PDL/mfs.c.obj
 .text.Mfs_Uart_Init
                0x000005ec      0x2d0 CMakeFiles/hello_world.axf.dir/PDL/mfs.c.obj
                0x000005ec                Mfs_Uart_Init
 .text.Mfs_Uart_SetBaudRate
                0x000008bc       0x60 CMakeFiles/hello_world.axf.dir/PDL/mfs.c.obj
                0x000008bc                Mfs_Uart_SetBaudRate
 .text.Mfs_Uart_EnableFunc
                0x0000091c       0x4c CMakeFiles/hello_world.axf.dir/PDL/mfs.c.obj
                0x0000091c                Mfs_Uart_EnableFunc
 .text.Mfs_Uart_GetStatus
                0x00000968       0xac CMakeFiles/hello_world.axf.dir/PDL/mfs.c.obj
                0x00000968                Mfs_Uart_GetStatus
 .text.Mfs_Uart_SendData
                0x00000a14       0x2a CMakeFiles/hello_world.axf.dir/PDL/mfs.c.obj
                0x00000a14                Mfs_Uart_SendData
 *fill*         0x00000a3e        0x2 
 .text.MfsI2cGetInternDataPtr
                0x00000a40       0x64 CMakeFiles/hello_world.axf.dir/PDL/mfs.c.obj
 .text.Mfs_I2c_Init
                0x00000aa4      0x19a CMakeFiles/hello_world.axf.dir/PDL/mfs.c.obj
                0x00000aa4                Mfs_I2c_Init
 *fill*         0x00000c3e        0x2 
 .text.Mfs_I2c_SetBaudRate
                0x00000c40       0x94 CMakeFiles/hello_world.axf.dir/PDL/mfs.c.obj
                0x00000c40                Mfs_I2c_SetBaudRate
 .text.Mfs_I2c_GenerateStart
                0x00000cd4       0x60 CMakeFiles/hello_world.axf.dir/PDL/mfs.c.obj
                0x00000cd4                Mfs_I2c_GenerateStart
 .text.Mfs_I2c_GenerateStop
                0x00000d34       0x64 CMakeFiles/hello_world.axf.dir/PDL/mfs.c.obj
                0x00000d34                Mfs_I2c_GenerateStop
 .text.Mfs_I2c_SendData
                0x00000d98       0x2c CMakeFiles/hello_world.axf.dir/PDL/mfs.c.obj
                0x00000d98                Mfs_I2c_SendData
 .text.Mfs_I2c_ConfigAck
                0x00000dc4       0x54 CMakeFiles/hello_world.axf.dir/PDL/mfs.c.obj
                0x00000dc4                Mfs_I2c_ConfigAck
 .text.Mfs_I2c_GetAck
                0x00000e18       0x22 CMakeFiles/hello_world.axf.dir/PDL/mfs.c.obj
                0x00000e18                Mfs_I2c_GetAck
 *fill*         0x00000e3a        0x2 
 .text.Mfs_I2c_GetStatus
                0x00000e3c      0x120 CMakeFiles/hello_world.axf.dir/PDL/mfs.c.obj
                0x00000e3c                Mfs_I2c_GetStatus
 .text.Mfs_I2c_ClrStatus
                0x00000f5c       0xa0 CMakeFiles/hello_world.axf.dir/PDL/mfs.c.obj
                0x00000f5c                Mfs_I2c_ClrStatus
 .text.Clk_PeripheralClockEnable
                0x00000ffc      0x320 CMakeFiles/hello_world.axf.dir/PDL/clk.c.obj
                0x00000ffc                Clk_PeripheralClockEnable
 .text.__NVIC_EnableIRQ
                0x0000131c       0x3c CMakeFiles/hello_world.axf.dir/PDL/dstc.c.obj
 .text.__NVIC_ClearPendingIRQ
                0x00001358       0x3c CMakeFiles/hello_world.axf.dir/PDL/dstc.c.obj
 .text.__NVIC_SetPriority
                0x00001394       0x54 CMakeFiles/hello_world.axf.dir/PDL/dstc.c.obj
 .text.Dstc_ReleaseStandBy
                0x000013e8       0x50 CMakeFiles/hello_world.axf.dir/PDL/dstc.c.obj
                0x000013e8                Dstc_ReleaseStandBy
 .text.Dstc_Init
                0x00001438      0x1b0 CMakeFiles/hello_world.axf.dir/PDL/dstc.c.obj
                0x00001438                Dstc_Init
 .text.Dstc_SetHwdesp
                0x000015e8       0x48 CMakeFiles/hello_world.axf.dir/PDL/dstc.c.obj
                0x000015e8                Dstc_SetHwdesp
 .text.Dstc_SetCommand
                0x00001630       0x78 CMakeFiles/hello_world.axf.dir/PDL/dstc.c.obj
                0x00001630                Dstc_SetCommand
 .text.Dstc_SetDreqenbBit
                0x000016a8       0x50 CMakeFiles/hello_world.axf.dir/PDL/dstc.c.obj
                0x000016a8                Dstc_SetDreqenbBit
 .text.Dstc_ReadHwintBit
                0x000016f8       0x4c CMakeFiles/hello_world.axf.dir/PDL/dstc.c.obj
                0x000016f8                Dstc_ReadHwintBit
 .text.Dstc_SetHwintclrBit
                0x00001744       0x44 CMakeFiles/hello_world.axf.dir/PDL/dstc.c.obj
                0x00001744                Dstc_SetHwintclrBit
 .text.Dstc_SetDqmskclrBit
                0x00001788       0x54 CMakeFiles/hello_world.axf.dir/PDL/dstc.c.obj
                0x00001788                Dstc_SetDqmskclrBit
 .text.Dstc_I2sIrqHandler
                0x000017dc       0x58 CMakeFiles/hello_world.axf.dir/PDL/dstc.c.obj
                0x000017dc                Dstc_I2sIrqHandler
 .text.__NVIC_EnableIRQ
                0x00001834       0x3c CMakeFiles/hello_world.axf.dir/PDL/i2s.c.obj
 .text.__NVIC_ClearPendingIRQ
                0x00001870       0x3c CMakeFiles/hello_world.axf.dir/PDL/i2s.c.obj
 .text.__NVIC_SetPriority
                0x000018ac       0x54 CMakeFiles/hello_world.axf.dir/PDL/i2s.c.obj
 .text.I2sGetInternDataPtr
                0x00001900       0x54 CMakeFiles/hello_world.axf.dir/PDL/i2s.c.obj
 .text.I2sIrqHandler
                0x00001954      0x1a2 CMakeFiles/hello_world.axf.dir/PDL/i2s.c.obj
                0x00001954                I2sIrqHandler
 .text.I2sInitNvic
                0x00001af6       0x24 CMakeFiles/hello_world.axf.dir/PDL/i2s.c.obj
 *fill*         0x00001b1a        0x2 
 .text.I2s_DisablePll
                0x00001b1c       0x20 CMakeFiles/hello_world.axf.dir/PDL/i2s.c.obj
                0x00001b1c                I2s_DisablePll
 .text.I2s_StartClk
                0x00001b3c       0x30 CMakeFiles/hello_world.axf.dir/PDL/i2s.c.obj
                0x00001b3c                I2s_StartClk
 .text.I2s_StopClk
                0x00001b6c       0x30 CMakeFiles/hello_world.axf.dir/PDL/i2s.c.obj
                0x00001b6c                I2s_StopClk
 .text.I2s_Init
                0x00001b9c      0x520 CMakeFiles/hello_world.axf.dir/PDL/i2s.c.obj
                0x00001b9c                I2s_Init
 .text.I2s_Start
                0x000020bc       0x20 CMakeFiles/hello_world.axf.dir/PDL/i2s.c.obj
                0x000020bc                I2s_Start
 .text.I2s_EnableTx
                0x000020dc       0x2a CMakeFiles/hello_world.axf.dir/PDL/i2s.c.obj
                0x000020dc                I2s_EnableTx
 .text.I2s_EnableRx
                0x00002106       0x2a CMakeFiles/hello_world.axf.dir/PDL/i2s.c.obj
                0x00002106                I2s_EnableRx
 .text.PCRC_I2S0_1_IRQHandler
                0x00002130       0x34 CMakeFiles/hello_world.axf.dir/PDL/interrupts_fm4_type_b.c.obj
                0x00002130                PCRC_I2S0_1_IRQHandler
 .text.DSTC_HW_IRQHandler
                0x00002164       0x2c CMakeFiles/hello_world.axf.dir/PDL/interrupts_fm4_type_b.c.obj
                0x00002164                DSTC_HW_IRQHandler
 .text.I2cCheckErrorStatus
                0x00002190       0x3c CMakeFiles/hello_world.axf.dir/PDL/wm8731.c.obj
 .text.I2cStart
                0x000021cc       0x80 CMakeFiles/hello_world.axf.dir/PDL/wm8731.c.obj
 .text.I2cSendData
                0x0000224c       0xa0 CMakeFiles/hello_world.axf.dir/PDL/wm8731.c.obj
 .text.I2cStop  0x000022ec       0x68 CMakeFiles/hello_world.axf.dir/PDL/wm8731.c.obj
 .text.Wm8731_SendCmd
                0x00002354       0x52 CMakeFiles/hello_world.axf.dir/PDL/wm8731.c.obj
                0x00002354                Wm8731_SendCmd
 *fill*         0x000023a6        0x2 
 .text.Wm8731_Init
                0x000023a8      0x12c CMakeFiles/hello_world.axf.dir/PDL/wm8731.c.obj
                0x000023a8                Wm8731_Init
 .text._close   0x000024d4       0x18 CMakeFiles/hello_world.axf.dir/utils/crt_dummy_syscalls.c.obj
                0x000024d4                _close
 .text._fstat   0x000024ec       0x20 CMakeFiles/hello_world.axf.dir/utils/crt_dummy_syscalls.c.obj
                0x000024ec                _fstat
 .text._getpid  0x0000250c       0x10 CMakeFiles/hello_world.axf.dir/utils/crt_dummy_syscalls.c.obj
                0x0000250c                _getpid
 .text._isatty  0x0000251c       0x16 CMakeFiles/hello_world.axf.dir/utils/crt_dummy_syscalls.c.obj
                0x0000251c                _isatty
 .text._kill    0x00002532       0x20 CMakeFiles/hello_world.axf.dir/utils/crt_dummy_syscalls.c.obj
                0x00002532                _kill
 .text._lseek   0x00002552       0x1c CMakeFiles/hello_world.axf.dir/utils/crt_dummy_syscalls.c.obj
                0x00002552                _lseek
 .text._read    0x0000256e       0x1c CMakeFiles/hello_world.axf.dir/utils/crt_dummy_syscalls.c.obj
                0x0000256e                _read
 .text._write   0x0000258a       0x1c CMakeFiles/hello_world.axf.dir/utils/crt_dummy_syscalls.c.obj
                0x0000258a                _write
 .text._Z13init_platformm13sampling_rate11audio_input
                0x000025a6       0x3a CMakeFiles/hello_world.axf.dir/utils/platform.cpp.obj
                0x000025a6                init_platform(unsigned long, sampling_rate, audio_input)
 .text._Z14platform_startv
                0x000025e0       0x24 CMakeFiles/hello_world.axf.dir/utils/platform.cpp.obj
                0x000025e0                platform_start()
 .text._Z10init_codec13sampling_rate11audio_input
                0x00002604       0xa4 CMakeFiles/hello_world.axf.dir/utils/platform.cpp.obj
                0x00002604                init_codec(sampling_rate, audio_input)
 .text._Z9init_dstcv
                0x000026a8      0x2dc CMakeFiles/hello_world.axf.dir/utils/platform.cpp.obj
                0x000026a8                init_dstc()
 .text._Z6isr_txv
                0x00002984       0x30 CMakeFiles/hello_world.axf.dir/utils/platform.cpp.obj
                0x00002984                isr_tx()
 .text._Z6isr_rxv
                0x000029b4       0x30 CMakeFiles/hello_world.axf.dir/utils/platform.cpp.obj
                0x000029b4                isr_rx()
 .text._Z9init_I2S013sampling_rate
                0x000029e4      0x228 CMakeFiles/hello_world.axf.dir/utils/platform.cpp.obj
                0x000029e4                init_I2S0(sampling_rate)
 .text._Z10init_uart0m
                0x00002c0c       0xc4 CMakeFiles/hello_world.axf.dir/utils/platform.cpp.obj
                0x00002c0c                init_uart0(unsigned long)
 .text._Z9init_gpiov
                0x00002cd0      0x10c CMakeFiles/hello_world.axf.dir/utils/platform.cpp.obj
                0x00002cd0                init_gpio()
 .text._Z8gpio_set9user_gpioh
                0x00002ddc       0x70 CMakeFiles/hello_world.axf.dir/utils/utils.cpp.obj
                0x00002ddc                gpio_set(user_gpio, unsigned char)
 .text._Z11write_uart0PKc
                0x00002e4c       0x4c CMakeFiles/hello_world.axf.dir/utils/debug_utils.cpp.obj
                0x00002e4c                write_uart0(char const*)
 .text._Z12debug_printfPKcz
                0x00002e98       0x30 CMakeFiles/hello_world.axf.dir/utils/debug_utils.cpp.obj
                0x00002e98                debug_printf(char const*, ...)
 .text._Z11fatal_errorv
                0x00002ec8       0x2c CMakeFiles/hello_world.axf.dir/utils/debug_utils.cpp.obj
                0x00002ec8                fatal_error()
 .text._Z27convert_audio_sample_to_2chPmPsS0_
                0x00002ef4       0x52 CMakeFiles/hello_world.axf.dir/hello_world.cpp.obj
                0x00002ef4                convert_audio_sample_to_2ch(unsigned long*, short*, short*)
 .text._Z27convert_2ch_to_audio_samplePsS_Pm
                0x00002f46       0x5e CMakeFiles/hello_world.axf.dir/hello_world.cpp.obj
                0x00002f46                convert_2ch_to_audio_sample(short*, short*, unsigned long*)
 .text._ZSt4fabsf
                0x00002fa4       0x20 CMakeFiles/hello_world.axf.dir/hello_world.cpp.obj
                0x00002fa4                std::fabs(float)
 .text._Z12compress_fftPfPsm
                0x00002fc4       0xa4 CMakeFiles/hello_world.axf.dir/hello_world.cpp.obj
                0x00002fc4                compress_fft(float*, short*, unsigned long)
 .text._Z14decompress_fftPsPfm
                0x00003068       0x60 CMakeFiles/hello_world.axf.dir/hello_world.cpp.obj
                0x00003068                decompress_fft(short*, float*, unsigned long)
 .text._Z19calculate_magnitudePfS_m
                0x000030c8       0x94 CMakeFiles/hello_world.axf.dir/hello_world.cpp.obj
                0x000030c8                calculate_magnitude(float*, float*, unsigned long)
 .text._Z16extract_featuresPfS_P13AudioFeatures
                0x0000315c      0x3cc CMakeFiles/hello_world.axf.dir/hello_world.cpp.obj
                0x0000315c                extract_features(float*, float*, AudioFeatures*)
 .text._Z9normalizeddd
                0x00003528       0x9c CMakeFiles/hello_world.axf.dir/hello_world.cpp.obj
                0x00003528                normalize(double, double, double)
 .text._Z13cfar_detectorf
                0x000035c4      0x118 CMakeFiles/hello_world.axf.dir/hello_world.cpp.obj
                0x000035c4                cfar_detector(float)
 .text._Z16check_signal_endff
                0x000036dc       0xdc CMakeFiles/hello_world.axf.dir/hello_world.cpp.obj
                0x000036dc                check_signal_end(float, float)
 .text.main     0x000037b8      0xdb4 CMakeFiles/hello_world.axf.dir/hello_world.cpp.obj
                0x000037b8                main
 .text._Z21get_new_tx_buffer_ptrv
                0x0000456c       0x28 CMakeFiles/hello_world.axf.dir/hello_world.cpp.obj
                0x0000456c                get_new_tx_buffer_ptr()
 .text._Z21get_new_rx_buffer_ptrv
                0x00004594       0x28 CMakeFiles/hello_world.axf.dir/hello_world.cpp.obj
                0x00004594                get_new_rx_buffer_ptr()
 .text._Z41__static_initialization_and_destruction_0v
                0x000045bc       0x54 CMakeFiles/hello_world.axf.dir/hello_world.cpp.obj
 .text._GLOBAL__sub_I_Amount_of_Signals
                0x00004610        0xa CMakeFiles/hello_world.axf.dir/hello_world.cpp.obj
 *fill*         0x0000461a        0x2 
 .text.__NVIC_EnableIRQ
                0x0000461c       0x3c CMakeFiles/hello_world.axf.dir/hello_world_circ_buffer.cpp.obj
 .text.__NVIC_DisableIRQ
                0x00004658       0x48 CMakeFiles/hello_world.axf.dir/hello_world_circ_buffer.cpp.obj
 .text._ZN14CircularBufferC2Ev
                0x000046a0       0x36 CMakeFiles/hello_world.axf.dir/hello_world_circ_buffer.cpp.obj
                0x000046a0                CircularBuffer::CircularBuffer()
                0x000046a0                CircularBuffer::CircularBuffer()
 .text._ZN14CircularBuffer4initEv
                0x000046d6       0x1e CMakeFiles/hello_world.axf.dir/hello_world_circ_buffer.cpp.obj
                0x000046d6                CircularBuffer::init()
 .text._ZN14CircularBuffer4readEPm
                0x000046f4       0x96 CMakeFiles/hello_world.axf.dir/hello_world_circ_buffer.cpp.obj
                0x000046f4                CircularBuffer::read(unsigned long*)
 .text._ZN14CircularBuffer12get_read_ptrEv
                0x0000478a       0x9e CMakeFiles/hello_world.axf.dir/hello_world_circ_buffer.cpp.obj
                0x0000478a                CircularBuffer::get_read_ptr()
 .text._ZN14CircularBuffer5writeEPm
                0x00004828       0xa0 CMakeFiles/hello_world.axf.dir/hello_world_circ_buffer.cpp.obj
                0x00004828                CircularBuffer::write(unsigned long*)
 .text._ZN14CircularBuffer13get_write_ptrEv
                0x000048c8       0x98 CMakeFiles/hello_world.axf.dir/hello_world_circ_buffer.cpp.obj
                0x000048c8                CircularBuffer::get_write_ptr()
 .text.stage_rfft_f32
                0x00004960      0x1d2 lib_dsp/libCMSISDSP.a(arm_rfft_fast_f32.c.obj)
 .text.merge_rfft_f32
                0x00004b32      0x198 lib_dsp/libCMSISDSP.a(arm_rfft_fast_f32.c.obj)
 .text.arm_rfft_fast_f32
                0x00004cca       0x4e lib_dsp/libCMSISDSP.a(arm_rfft_fast_f32.c.obj)
                0x00004cca                arm_rfft_fast_f32
 .text.arm_rfft_fast_init_32_f32
                0x00004d18       0x48 lib_dsp/libCMSISDSP.a(arm_rfft_fast_init_f32.c.obj)
                0x00004d18                arm_rfft_fast_init_32_f32
 .text.arm_rfft_fast_init_64_f32
                0x00004d60       0x48 lib_dsp/libCMSISDSP.a(arm_rfft_fast_init_f32.c.obj)
                0x00004d60                arm_rfft_fast_init_64_f32
 .text.arm_rfft_fast_init_128_f32
                0x00004da8       0x48 lib_dsp/libCMSISDSP.a(arm_rfft_fast_init_f32.c.obj)
                0x00004da8                arm_rfft_fast_init_128_f32
 .text.arm_rfft_fast_init_256_f32
                0x00004df0       0x4c lib_dsp/libCMSISDSP.a(arm_rfft_fast_init_f32.c.obj)
                0x00004df0                arm_rfft_fast_init_256_f32
 .text.arm_rfft_fast_init_512_f32
                0x00004e3c       0x4c lib_dsp/libCMSISDSP.a(arm_rfft_fast_init_f32.c.obj)
                0x00004e3c                arm_rfft_fast_init_512_f32
 .text.arm_rfft_fast_init_1024_f32
                0x00004e88       0x4c lib_dsp/libCMSISDSP.a(arm_rfft_fast_init_f32.c.obj)
                0x00004e88                arm_rfft_fast_init_1024_f32
 .text.arm_rfft_fast_init_2048_f32
                0x00004ed4       0x4c lib_dsp/libCMSISDSP.a(arm_rfft_fast_init_f32.c.obj)
                0x00004ed4                arm_rfft_fast_init_2048_f32
 .text.arm_rfft_fast_init_4096_f32
                0x00004f20       0x4c lib_dsp/libCMSISDSP.a(arm_rfft_fast_init_f32.c.obj)
                0x00004f20                arm_rfft_fast_init_4096_f32
 .text.arm_rfft_fast_init_f32
                0x00004f6c       0xce lib_dsp/libCMSISDSP.a(arm_rfft_fast_init_f32.c.obj)
                0x00004f6c                arm_rfft_fast_init_f32
 *fill*         0x0000503a        0x2 
 .text.arm_hamming_f32
                0x0000503c       0x90 lib_dsp/libCMSISDSP.a(arm_hamming_f32.c.obj)
                0x0000503c                arm_hamming_f32
 .text.arm_cfft_radix8by2_f32
                0x000050cc      0x3e8 lib_dsp/libCMSISDSP.a(arm_cfft_f32.c.obj)
 .text.arm_cfft_radix8by4_f32
                0x000054b4      0xc60 lib_dsp/libCMSISDSP.a(arm_cfft_f32.c.obj)
 .text.arm_cfft_f32
                0x00006114      0x174 lib_dsp/libCMSISDSP.a(arm_cfft_f32.c.obj)
                0x00006114                arm_cfft_f32
 .text.arm_cfft_init_2048_f32
                0x00006288       0x48 lib_dsp/libCMSISDSP.a(arm_cfft_init_f32.c.obj)
                0x00006288                arm_cfft_init_2048_f32
 .text.arm_cfft_init_1024_f32
                0x000062d0       0x48 lib_dsp/libCMSISDSP.a(arm_cfft_init_f32.c.obj)
                0x000062d0                arm_cfft_init_1024_f32
 .text.arm_cfft_init_512_f32
                0x00006318       0x48 lib_dsp/libCMSISDSP.a(arm_cfft_init_f32.c.obj)
                0x00006318                arm_cfft_init_512_f32
 .text.arm_cfft_init_256_f32
                0x00006360       0x48 lib_dsp/libCMSISDSP.a(arm_cfft_init_f32.c.obj)
                0x00006360                arm_cfft_init_256_f32
 .text.arm_cfft_init_128_f32
                0x000063a8       0x44 lib_dsp/libCMSISDSP.a(arm_cfft_init_f32.c.obj)
                0x000063a8                arm_cfft_init_128_f32
 .text.arm_cfft_init_64_f32
                0x000063ec       0x44 lib_dsp/libCMSISDSP.a(arm_cfft_init_f32.c.obj)
                0x000063ec                arm_cfft_init_64_f32
 .text.arm_cfft_init_32_f32
                0x00006430       0x44 lib_dsp/libCMSISDSP.a(arm_cfft_init_f32.c.obj)
                0x00006430                arm_cfft_init_32_f32
 .text.arm_cfft_init_16_f32
                0x00006474       0x44 lib_dsp/libCMSISDSP.a(arm_cfft_init_f32.c.obj)
                0x00006474                arm_cfft_init_16_f32
 .text.arm_bitreversal_32
                0x000064b8       0xb2 lib_dsp/libCMSISDSP.a(arm_bitreversal2.c.obj)
                0x000064b8                arm_bitreversal_32
 *fill*         0x0000656a        0x2 
 .text.arm_radix8_butterfly_f32
                0x0000656c     0x100c lib_dsp/libCMSISDSP.a(arm_cfft_radix8_f32.c.obj)
                0x0000656c                arm_radix8_butterfly_f32
 .text          0x00007578       0x7c C:/EIGENE~1/DSP_LA~1/DEPEND~1/GCC-13~1.REL/bin/../lib/gcc/arm-none-eabi/13.3.1/thumb/v7e-m+fp/hard\crt0.o
                0x00007578                _stack_init
                0x00007580                _start
                0x00007580                _mainCRTStartup
 .text.deregister_tm_clones
                0x000075f4       0x1c C:/EIGENE~1/DSP_LA~1/DEPEND~1/GCC-13~1.REL/bin/../lib/gcc/arm-none-eabi/13.3.1/thumb/v7e-m+fp/hard\crtbegin.o
 .text.register_tm_clones
                0x00007610       0x24 C:/EIGENE~1/DSP_LA~1/DEPEND~1/GCC-13~1.REL/bin/../lib/gcc/arm-none-eabi/13.3.1/thumb/v7e-m+fp/hard\crtbegin.o
 .text.__do_global_dtors_aux
                0x00007634       0x28 C:/EIGENE~1/DSP_LA~1/DEPEND~1/GCC-13~1.REL/bin/../lib/gcc/arm-none-eabi/13.3.1/thumb/v7e-m+fp/hard\crtbegin.o
 .text.frame_dummy
                0x0000765c       0x24 C:/EIGENE~1/DSP_LA~1/DEPEND~1/GCC-13~1.REL/bin/../lib/gcc/arm-none-eabi/13.3.1/thumb/v7e-m+fp/hard\crtbegin.o
 .text          0x00007680      0x378 C:/EIGENE~1/DSP_LA~1/DEPEND~1/GCC-13~1.REL/bin/../lib/gcc/arm-none-eabi/13.3.1/thumb/v7e-m+fp/hard\libgcc.a(_arm_addsubdf3.o)
                0x00007680                __aeabi_drsub
                0x00007688                __aeabi_dsub
                0x00007688                __subdf3
                0x0000768c                __aeabi_dadd
                0x0000768c                __adddf3
                0x00007904                __floatunsidf
                0x00007904                __aeabi_ui2d
                0x00007924                __floatsidf
                0x00007924                __aeabi_i2d
                0x00007948                __aeabi_f2d
                0x00007948                __extendsfdf2
                0x0000798c                __floatundidf
                0x0000798c                __aeabi_ul2d
                0x0000799c                __floatdidf
                0x0000799c                __aeabi_l2d
 .text          0x000079f8      0x424 C:/EIGENE~1/DSP_LA~1/DEPEND~1/GCC-13~1.REL/bin/../lib/gcc/arm-none-eabi/13.3.1/thumb/v7e-m+fp/hard\libgcc.a(_arm_muldivdf3.o)
                0x000079f8                __aeabi_dmul
                0x000079f8                __muldf3
                0x00007c4c                __divdf3
                0x00007c4c                __aeabi_ddiv
 .text          0x00007e1c      0x110 C:/EIGENE~1/DSP_LA~1/DEPEND~1/GCC-13~1.REL/bin/../lib/gcc/arm-none-eabi/13.3.1/thumb/v7e-m+fp/hard\libgcc.a(_arm_cmpdf2.o)
                0x00007e1c                __gtdf2
                0x00007e1c                __gedf2
                0x00007e24                __ltdf2
                0x00007e24                __ledf2
                0x00007e2c                __nedf2
                0x00007e2c                __eqdf2
                0x00007e2c                __cmpdf2
                0x00007ea8                __aeabi_cdrcmple
                0x00007eb8                __aeabi_cdcmpeq
                0x00007eb8                __aeabi_cdcmple
                0x00007ec8                __aeabi_dcmpeq
                0x00007edc                __aeabi_dcmplt
                0x00007ef0                __aeabi_dcmple
                0x00007f04                __aeabi_dcmpge
                0x00007f18                __aeabi_dcmpgt
 .text          0x00007f2c       0xa0 C:/EIGENE~1/DSP_LA~1/DEPEND~1/GCC-13~1.REL/bin/../lib/gcc/arm-none-eabi/13.3.1/thumb/v7e-m+fp/hard\libgcc.a(_arm_truncdfsf2.o)
                0x00007f2c                __truncdfsf2
                0x00007f2c                __aeabi_d2f
 .text.exit     0x00007fcc       0x1c C:/EIGENE~1/DSP_LA~1/DEPEND~1/GCC-13~1.REL/bin/../lib/gcc/arm-none-eabi/13.3.1/thumb/v7e-m+fp/hard\libc.a(libc_a-exit.o)
                0x00007fcc                exit
 .text.stdio_exit_handler
                0x00007fe8       0x18 C:/EIGENE~1/DSP_LA~1/DEPEND~1/GCC-13~1.REL/bin/../lib/gcc/arm-none-eabi/13.3.1/thumb/v7e-m+fp/hard\libc.a(libc_a-findfp.o)
 .text.cleanup_stdio
                0x00008000       0x40 C:/EIGENE~1/DSP_LA~1/DEPEND~1/GCC-13~1.REL/bin/../lib/gcc/arm-none-eabi/13.3.1/thumb/v7e-m+fp/hard\libc.a(libc_a-findfp.o)
 .text.global_stdio_init.part.0
                0x00008040       0xf0 C:/EIGENE~1/DSP_LA~1/DEPEND~1/GCC-13~1.REL/bin/../lib/gcc/arm-none-eabi/13.3.1/thumb/v7e-m+fp/hard\libc.a(libc_a-findfp.o)
 .text.__sinit  0x00008130       0x3c C:/EIGENE~1/DSP_LA~1/DEPEND~1/GCC-13~1.REL/bin/../lib/gcc/arm-none-eabi/13.3.1/thumb/v7e-m+fp/hard\libc.a(libc_a-findfp.o)
                0x00008130                __sinit
 .text.__sfp_lock_acquire
                0x0000816c        0xc C:/EIGENE~1/DSP_LA~1/DEPEND~1/GCC-13~1.REL/bin/../lib/gcc/arm-none-eabi/13.3.1/thumb/v7e-m+fp/hard\libc.a(libc_a-findfp.o)
                0x0000816c                __sfp_lock_acquire
 .text.__sfp_lock_release
                0x00008178        0xc C:/EIGENE~1/DSP_LA~1/DEPEND~1/GCC-13~1.REL/bin/../lib/gcc/arm-none-eabi/13.3.1/thumb/v7e-m+fp/hard\libc.a(libc_a-findfp.o)
                0x00008178                __sfp_lock_release
 .text._fwalk_sglue
                0x00008184       0x44 C:/EIGENE~1/DSP_LA~1/DEPEND~1/GCC-13~1.REL/bin/../lib/gcc/arm-none-eabi/13.3.1/thumb/v7e-m+fp/hard\libc.a(libc_a-fwalk.o)
                0x00008184                _fwalk_sglue
 .text.__sread  0x000081c8       0x24 C:/EIGENE~1/DSP_LA~1/DEPEND~1/GCC-13~1.REL/bin/../lib/gcc/arm-none-eabi/13.3.1/thumb/v7e-m+fp/hard\libc.a(libc_a-stdio.o)
                0x000081c8                __sread
 .text.__swrite
                0x000081ec       0x40 C:/EIGENE~1/DSP_LA~1/DEPEND~1/GCC-13~1.REL/bin/../lib/gcc/arm-none-eabi/13.3.1/thumb/v7e-m+fp/hard\libc.a(libc_a-stdio.o)
                0x000081ec                __swrite
 .text.__sseek  0x0000822c       0x24 C:/EIGENE~1/DSP_LA~1/DEPEND~1/GCC-13~1.REL/bin/../lib/gcc/arm-none-eabi/13.3.1/thumb/v7e-m+fp/hard\libc.a(libc_a-stdio.o)
                0x0000822c                __sseek
 .text.__sclose
                0x00008250        0x8 C:/EIGENE~1/DSP_LA~1/DEPEND~1/GCC-13~1.REL/bin/../lib/gcc/arm-none-eabi/13.3.1/thumb/v7e-m+fp/hard\libc.a(libc_a-stdio.o)
                0x00008250                __sclose
 .text.vsnprintf
                0x00008258       0x78 C:/EIGENE~1/DSP_LA~1/DEPEND~1/GCC-13~1.REL/bin/../lib/gcc/arm-none-eabi/13.3.1/thumb/v7e-m+fp/hard\libc.a(libc_a-vsnprintf.o)
                0x00008258                vsnprintf
 .text.memset   0x000082d0       0xa4 C:/EIGENE~1/DSP_LA~1/DEPEND~1/GCC-13~1.REL/bin/../lib/gcc/arm-none-eabi/13.3.1/thumb/v7e-m+fp/hard\libc.a(libc_a-memset.o)
                0x000082d0                memset
 .text._close_r
                0x00008374       0x24 C:/EIGENE~1/DSP_LA~1/DEPEND~1/GCC-13~1.REL/bin/../lib/gcc/arm-none-eabi/13.3.1/thumb/v7e-m+fp/hard\libc.a(libc_a-closer.o)
                0x00008374                _close_r
 .text._lseek_r
                0x00008398       0x2c C:/EIGENE~1/DSP_LA~1/DEPEND~1/GCC-13~1.REL/bin/../lib/gcc/arm-none-eabi/13.3.1/thumb/v7e-m+fp/hard\libc.a(libc_a-lseekr.o)
                0x00008398                _lseek_r
 .text._read_r  0x000083c4       0x2c C:/EIGENE~1/DSP_LA~1/DEPEND~1/GCC-13~1.REL/bin/../lib/gcc/arm-none-eabi/13.3.1/thumb/v7e-m+fp/hard\libc.a(libc_a-readr.o)
                0x000083c4                _read_r
 .text._write_r
                0x000083f0       0x2c C:/EIGENE~1/DSP_LA~1/DEPEND~1/GCC-13~1.REL/bin/../lib/gcc/arm-none-eabi/13.3.1/thumb/v7e-m+fp/hard\libc.a(libc_a-writer.o)
                0x000083f0                _write_r
 .text.__errno  0x0000841c        0xc C:/EIGENE~1/DSP_LA~1/DEPEND~1/GCC-13~1.REL/bin/../lib/gcc/arm-none-eabi/13.3.1/thumb/v7e-m+fp/hard\libc.a(libc_a-errno.o)
                0x0000841c                __errno
 .text.__libc_init_array
                0x00008428       0x50 C:/EIGENE~1/DSP_LA~1/DEPEND~1/GCC-13~1.REL/bin/../lib/gcc/arm-none-eabi/13.3.1/thumb/v7e-m+fp/hard\libc.a(libc_a-init.o)
                0x00008428                __libc_init_array
 .text.__retarget_lock_init_recursive
                0x00008478        0x4 C:/EIGENE~1/DSP_LA~1/DEPEND~1/GCC-13~1.REL/bin/../lib/gcc/arm-none-eabi/13.3.1/thumb/v7e-m+fp/hard\libc.a(libc_a-lock.o)
                0x00008478                __retarget_lock_init_recursive
 .text.__retarget_lock_close_recursive
                0x0000847c        0x4 C:/EIGENE~1/DSP_LA~1/DEPEND~1/GCC-13~1.REL/bin/../lib/gcc/arm-none-eabi/13.3.1/thumb/v7e-m+fp/hard\libc.a(libc_a-lock.o)
                0x0000847c                __retarget_lock_close_recursive
 .text.__retarget_lock_acquire_recursive
                0x00008480        0x4 C:/EIGENE~1/DSP_LA~1/DEPEND~1/GCC-13~1.REL/bin/../lib/gcc/arm-none-eabi/13.3.1/thumb/v7e-m+fp/hard\libc.a(libc_a-lock.o)
                0x00008480                __retarget_lock_acquire_recursive
 .text.__retarget_lock_release_recursive
                0x00008484        0x4 C:/EIGENE~1/DSP_LA~1/DEPEND~1/GCC-13~1.REL/bin/../lib/gcc/arm-none-eabi/13.3.1/thumb/v7e-m+fp/hard\libc.a(libc_a-lock.o)
                0x00008484                __retarget_lock_release_recursive
 .text          0x00008488      0x134 C:/EIGENE~1/DSP_LA~1/DEPEND~1/GCC-13~1.REL/bin/../lib/gcc/arm-none-eabi/13.3.1/thumb/v7e-m+fp/hard\libc.a(libc_a-memcpy.o)
                0x00008488                memcpy
 .text.startup.register_fini
                0x000085bc       0x14 C:/EIGENE~1/DSP_LA~1/DEPEND~1/GCC-13~1.REL/bin/../lib/gcc/arm-none-eabi/13.3.1/thumb/v7e-m+fp/hard\libc.a(libc_a-__call_atexit.o)
 .text.__call_exitprocs
                0x000085d0       0xc0 C:/EIGENE~1/DSP_LA~1/DEPEND~1/GCC-13~1.REL/bin/../lib/gcc/arm-none-eabi/13.3.1/thumb/v7e-m+fp/hard\libc.a(libc_a-__call_atexit.o)
                0x000085d0                __call_exitprocs
 .text.atexit   0x00008690        0xc C:/EIGENE~1/DSP_LA~1/DEPEND~1/GCC-13~1.REL/bin/../lib/gcc/arm-none-eabi/13.3.1/thumb/v7e-m+fp/hard\libc.a(libc_a-atexit.o)
                0x00008690                atexit
 .text._malloc_trim_r
                0x0000869c       0xb8 C:/EIGENE~1/DSP_LA~1/DEPEND~1/GCC-13~1.REL/bin/../lib/gcc/arm-none-eabi/13.3.1/thumb/v7e-m+fp/hard\libc.a(libc_a-freer.o)
                0x0000869c                _malloc_trim_r
 .text._free_r  0x00008754      0x1f8 C:/EIGENE~1/DSP_LA~1/DEPEND~1/GCC-13~1.REL/bin/../lib/gcc/arm-none-eabi/13.3.1/thumb/v7e-m+fp/hard\libc.a(libc_a-freer.o)
                0x00008754                _free_r
 .text._malloc_r
                0x0000894c      0x564 C:/EIGENE~1/DSP_LA~1/DEPEND~1/GCC-13~1.REL/bin/../lib/gcc/arm-none-eabi/13.3.1/thumb/v7e-m+fp/hard\libc.a(libc_a-mallocr.o)
                0x0000894c                _malloc_r
 .text.__malloc_lock
                0x00008eb0        0xc C:/EIGENE~1/DSP_LA~1/DEPEND~1/GCC-13~1.REL/bin/../lib/gcc/arm-none-eabi/13.3.1/thumb/v7e-m+fp/hard\libc.a(libc_a-mlock.o)
                0x00008eb0                __malloc_lock
 .text.__malloc_unlock
                0x00008ebc        0xc C:/EIGENE~1/DSP_LA~1/DEPEND~1/GCC-13~1.REL/bin/../lib/gcc/arm-none-eabi/13.3.1/thumb/v7e-m+fp/hard\libc.a(libc_a-mlock.o)
                0x00008ebc                __malloc_unlock
 .text._svfprintf_r
                0x00008ec8     0x1b3c C:/EIGENE~1/DSP_LA~1/DEPEND~1/GCC-13~1.REL/bin/../lib/gcc/arm-none-eabi/13.3.1/thumb/v7e-m+fp/hard\libc.a(libc_a-svfprintf.o)
                0x00008ec8                _svfprintf_r
 .text.__ssprint_r
                0x0000aa04       0x58 C:/EIGENE~1/DSP_LA~1/DEPEND~1/GCC-13~1.REL/bin/../lib/gcc/arm-none-eabi/13.3.1/thumb/v7e-m+fp/hard\libc.a(libc_a-ssprint_r.o)
                0x0000aa04                __ssprint_r
 .text._fclose_r
                0x0000aa5c       0xc0 C:/EIGENE~1/DSP_LA~1/DEPEND~1/GCC-13~1.REL/bin/../lib/gcc/arm-none-eabi/13.3.1/thumb/v7e-m+fp/hard\libc.a(libc_a-fclose.o)
                0x0000aa5c                _fclose_r
 .text.__sflush_r
                0x0000ab1c      0x138 C:/EIGENE~1/DSP_LA~1/DEPEND~1/GCC-13~1.REL/bin/../lib/gcc/arm-none-eabi/13.3.1/thumb/v7e-m+fp/hard\libc.a(libc_a-fflush.o)
                0x0000ab1c                __sflush_r
 .text._fflush_r
                0x0000ac54       0x54 C:/EIGENE~1/DSP_LA~1/DEPEND~1/GCC-13~1.REL/bin/../lib/gcc/arm-none-eabi/13.3.1/thumb/v7e-m+fp/hard\libc.a(libc_a-fflush.o)
                0x0000ac54                _fflush_r
 .text.strncpy  0x0000aca8       0x68 C:/EIGENE~1/DSP_LA~1/DEPEND~1/GCC-13~1.REL/bin/../lib/gcc/arm-none-eabi/13.3.1/thumb/v7e-m+fp/hard\libc.a(libc_a-strncpy.o)
                0x0000aca8                strncpy
 .text.__locale_mb_cur_max
                0x0000ad10        0xc C:/EIGENE~1/DSP_LA~1/DEPEND~1/GCC-13~1.REL/bin/../lib/gcc/arm-none-eabi/13.3.1/thumb/v7e-m+fp/hard\libc.a(libc_a-locale.o)
                0x0000ad10                __locale_mb_cur_max
 .text._localeconv_r
                0x0000ad1c        0x8 C:/EIGENE~1/DSP_LA~1/DEPEND~1/GCC-13~1.REL/bin/../lib/gcc/arm-none-eabi/13.3.1/thumb/v7e-m+fp/hard\libc.a(libc_a-localeconv.o)
                0x0000ad1c                _localeconv_r
 .text._sbrk_r  0x0000ad24       0x24 C:/EIGENE~1/DSP_LA~1/DEPEND~1/GCC-13~1.REL/bin/../lib/gcc/arm-none-eabi/13.3.1/thumb/v7e-m+fp/hard\libc.a(libc_a-sbrkr.o)
                0x0000ad24                _sbrk_r
 .text.__libc_fini_array
                0x0000ad48       0x28 C:/EIGENE~1/DSP_LA~1/DEPEND~1/GCC-13~1.REL/bin/../lib/gcc/arm-none-eabi/13.3.1/thumb/v7e-m+fp/hard\libc.a(libc_a-fini.o)
                0x0000ad48                __libc_fini_array
 .text.sysconf  0x0000ad70       0x1c C:/EIGENE~1/DSP_LA~1/DEPEND~1/GCC-13~1.REL/bin/../lib/gcc/arm-none-eabi/13.3.1/thumb/v7e-m+fp/hard\libc.a(libc_a-sysconf.o)
                0x0000ad70                sysconf
 *fill*         0x0000ad8c        0x4 
 .text          0x0000ad90       0xa0 C:/EIGENE~1/DSP_LA~1/DEPEND~1/GCC-13~1.REL/bin/../lib/gcc/arm-none-eabi/13.3.1/thumb/v7e-m+fp/hard\libc.a(libc_a-memchr.o)
                0x0000ad90                memchr
 *fill*         0x0000ae30       0x10 
 .text          0x0000ae40       0xd8 C:/EIGENE~1/DSP_LA~1/DEPEND~1/GCC-13~1.REL/bin/../lib/gcc/arm-none-eabi/13.3.1/thumb/v7e-m+fp/hard\libc.a(libc_a-strlen.o)
                0x0000ae40                strlen
 .text.frexp    0x0000af18       0x64 C:/EIGENE~1/DSP_LA~1/DEPEND~1/GCC-13~1.REL/bin/../lib/gcc/arm-none-eabi/13.3.1/thumb/v7e-m+fp/hard\libc.a(libm_a-s_frexp.o)
                0x0000af18                frexp
 .text.__register_exitproc
                0x0000af7c       0x80 C:/EIGENE~1/DSP_LA~1/DEPEND~1/GCC-13~1.REL/bin/../lib/gcc/arm-none-eabi/13.3.1/thumb/v7e-m+fp/hard\libc.a(libc_a-__atexit.o)
                0x0000af7c                __register_exitproc
 .text.quorem   0x0000affc      0x12c C:/EIGENE~1/DSP_LA~1/DEPEND~1/GCC-13~1.REL/bin/../lib/gcc/arm-none-eabi/13.3.1/thumb/v7e-m+fp/hard\libc.a(libc_a-dtoa.o)
 .text._dtoa_r  0x0000b128      0xe80 C:/EIGENE~1/DSP_LA~1/DEPEND~1/GCC-13~1.REL/bin/../lib/gcc/arm-none-eabi/13.3.1/thumb/v7e-m+fp/hard\libc.a(libc_a-dtoa.o)
                0x0000b128                _dtoa_r
 .text.__ascii_mbtowc
                0x0000bfa8       0x2c C:/EIGENE~1/DSP_LA~1/DEPEND~1/GCC-13~1.REL/bin/../lib/gcc/arm-none-eabi/13.3.1/thumb/v7e-m+fp/hard\libc.a(libc_a-mbtowc_r.o)
                0x0000bfa8                __ascii_mbtowc
 .text._Balloc  0x0000bfd4       0x4c C:/EIGENE~1/DSP_LA~1/DEPEND~1/GCC-13~1.REL/bin/../lib/gcc/arm-none-eabi/13.3.1/thumb/v7e-m+fp/hard\libc.a(libc_a-mprec.o)
                0x0000bfd4                _Balloc
 .text._Bfree   0x0000c020       0x14 C:/EIGENE~1/DSP_LA~1/DEPEND~1/GCC-13~1.REL/bin/../lib/gcc/arm-none-eabi/13.3.1/thumb/v7e-m+fp/hard\libc.a(libc_a-mprec.o)
                0x0000c020                _Bfree
 .text.__multadd
                0x0000c034       0xa0 C:/EIGENE~1/DSP_LA~1/DEPEND~1/GCC-13~1.REL/bin/../lib/gcc/arm-none-eabi/13.3.1/thumb/v7e-m+fp/hard\libc.a(libc_a-mprec.o)
                0x0000c034                __multadd
 .text.__hi0bits
                0x0000c0d4       0x44 C:/EIGENE~1/DSP_LA~1/DEPEND~1/GCC-13~1.REL/bin/../lib/gcc/arm-none-eabi/13.3.1/thumb/v7e-m+fp/hard\libc.a(libc_a-mprec.o)
                0x0000c0d4                __hi0bits
 .text.__lo0bits
                0x0000c118       0x60 C:/EIGENE~1/DSP_LA~1/DEPEND~1/GCC-13~1.REL/bin/../lib/gcc/arm-none-eabi/13.3.1/thumb/v7e-m+fp/hard\libc.a(libc_a-mprec.o)
                0x0000c118                __lo0bits
 .text.__i2b    0x0000c178       0x5c C:/EIGENE~1/DSP_LA~1/DEPEND~1/GCC-13~1.REL/bin/../lib/gcc/arm-none-eabi/13.3.1/thumb/v7e-m+fp/hard\libc.a(libc_a-mprec.o)
                0x0000c178                __i2b
 .text.__multiply
                0x0000c1d4      0x16c C:/EIGENE~1/DSP_LA~1/DEPEND~1/GCC-13~1.REL/bin/../lib/gcc/arm-none-eabi/13.3.1/thumb/v7e-m+fp/hard\libc.a(libc_a-mprec.o)
                0x0000c1d4                __multiply
 .text.__pow5mult
                0x0000c340       0xb4 C:/EIGENE~1/DSP_LA~1/DEPEND~1/GCC-13~1.REL/bin/../lib/gcc/arm-none-eabi/13.3.1/thumb/v7e-m+fp/hard\libc.a(libc_a-mprec.o)
                0x0000c340                __pow5mult
 .text.__lshift
                0x0000c3f4       0xf0 C:/EIGENE~1/DSP_LA~1/DEPEND~1/GCC-13~1.REL/bin/../lib/gcc/arm-none-eabi/13.3.1/thumb/v7e-m+fp/hard\libc.a(libc_a-mprec.o)
                0x0000c3f4                __lshift
 .text.__mcmp   0x0000c4e4       0x44 C:/EIGENE~1/DSP_LA~1/DEPEND~1/GCC-13~1.REL/bin/../lib/gcc/arm-none-eabi/13.3.1/thumb/v7e-m+fp/hard\libc.a(libc_a-mprec.o)
                0x0000c4e4                __mcmp
 .text.__mdiff  0x0000c528      0x178 C:/EIGENE~1/DSP_LA~1/DEPEND~1/GCC-13~1.REL/bin/../lib/gcc/arm-none-eabi/13.3.1/thumb/v7e-m+fp/hard\libc.a(libc_a-mprec.o)
                0x0000c528                __mdiff
 .text.__d2b    0x0000c6a0       0xc0 C:/EIGENE~1/DSP_LA~1/DEPEND~1/GCC-13~1.REL/bin/../lib/gcc/arm-none-eabi/13.3.1/thumb/v7e-m+fp/hard\libc.a(libc_a-mprec.o)
                0x0000c6a0                __d2b
 .text.__ascii_wctomb
                0x0000c760       0x1c C:/EIGENE~1/DSP_LA~1/DEPEND~1/GCC-13~1.REL/bin/../lib/gcc/arm-none-eabi/13.3.1/thumb/v7e-m+fp/hard\libc.a(libc_a-wctomb_r.o)
                0x0000c760                __ascii_wctomb
 .text._wcrtomb_r
                0x0000c77c       0x4c C:/EIGENE~1/DSP_LA~1/DEPEND~1/GCC-13~1.REL/bin/../lib/gcc/arm-none-eabi/13.3.1/thumb/v7e-m+fp/hard\libc.a(libc_a-wcrtomb.o)
                0x0000c77c                _wcrtomb_r
 .text._wcsrtombs_r
                0x0000c7c8       0x18 C:/EIGENE~1/DSP_LA~1/DEPEND~1/GCC-13~1.REL/bin/../lib/gcc/arm-none-eabi/13.3.1/thumb/v7e-m+fp/hard\libc.a(libc_a-wcsrtombs.o)
                0x0000c7c8                _wcsrtombs_r
 .text.__ssputs_r
                0x0000c7e0       0xc0 C:/EIGENE~1/DSP_LA~1/DEPEND~1/GCC-13~1.REL/bin/../lib/gcc/arm-none-eabi/13.3.1/thumb/v7e-m+fp/hard\libc.a(libc_a-ssputs_r.o)
                0x0000c7e0                __ssputs_r
 .text.memmove  0x0000c8a0      0x100 C:/EIGENE~1/DSP_LA~1/DEPEND~1/GCC-13~1.REL/bin/../lib/gcc/arm-none-eabi/13.3.1/thumb/v7e-m+fp/hard\libc.a(libc_a-memmove.o)
                0x0000c8a0                memmove
 .text.__assert_func
                0x0000c9a0       0x40 C:/EIGENE~1/DSP_LA~1/DEPEND~1/GCC-13~1.REL/bin/../lib/gcc/arm-none-eabi/13.3.1/thumb/v7e-m+fp/hard\libc.a(libc_a-assert.o)
                0x0000c9a0                __assert_func
 .text._calloc_r
                0x0000c9e0       0x6c C:/EIGENE~1/DSP_LA~1/DEPEND~1/GCC-13~1.REL/bin/../lib/gcc/arm-none-eabi/13.3.1/thumb/v7e-m+fp/hard\libc.a(libc_a-callocr.o)
                0x0000c9e0                _calloc_r
 .text._realloc_r
                0x0000ca4c      0x344 C:/EIGENE~1/DSP_LA~1/DEPEND~1/GCC-13~1.REL/bin/../lib/gcc/arm-none-eabi/13.3.1/thumb/v7e-m+fp/hard\libc.a(libc_a-reallocr.o)
                0x0000ca4c                _realloc_r
 .text._wcsnrtombs_l
                0x0000cd90       0xfc C:/EIGENE~1/DSP_LA~1/DEPEND~1/GCC-13~1.REL/bin/../lib/gcc/arm-none-eabi/13.3.1/thumb/v7e-m+fp/hard\libc.a(libc_a-wcsnrtombs.o)
                0x0000cd90                _wcsnrtombs_l
 .text._wcsnrtombs_r
                0x0000ce8c       0x24 C:/EIGENE~1/DSP_LA~1/DEPEND~1/GCC-13~1.REL/bin/../lib/gcc/arm-none-eabi/13.3.1/thumb/v7e-m+fp/hard\libc.a(libc_a-wcsnrtombs.o)
                0x0000ce8c                _wcsnrtombs_r
 .text.fiprintf
                0x0000ceb0       0x28 C:/EIGENE~1/DSP_LA~1/DEPEND~1/GCC-13~1.REL/bin/../lib/gcc/arm-none-eabi/13.3.1/thumb/v7e-m+fp/hard\libc.a(libc_a-fiprintf.o)
                0x0000ceb0                fiprintf
 .text._vfiprintf_r
                0x0000ced8      0xe68 C:/EIGENE~1/DSP_LA~1/DEPEND~1/GCC-13~1.REL/bin/../lib/gcc/arm-none-eabi/13.3.1/thumb/v7e-m+fp/hard\libc.a(libc_a-vfiprintf.o)
                0x0000ced8                _vfiprintf_r
 .text.__sbprintf
                0x0000dd40       0x80 C:/EIGENE~1/DSP_LA~1/DEPEND~1/GCC-13~1.REL/bin/../lib/gcc/arm-none-eabi/13.3.1/thumb/v7e-m+fp/hard\libc.a(libc_a-vfiprintf.o)
 .text.__sprint_r
                0x0000ddc0       0x20 C:/EIGENE~1/DSP_LA~1/DEPEND~1/GCC-13~1.REL/bin/../lib/gcc/arm-none-eabi/13.3.1/thumb/v7e-m+fp/hard\libc.a(libc_a-sprint_r.o)
                0x0000ddc0                __sprint_r
 .text.__sfvwrite_r
                0x0000dde0      0x300 C:/EIGENE~1/DSP_LA~1/DEPEND~1/GCC-13~1.REL/bin/../lib/gcc/arm-none-eabi/13.3.1/thumb/v7e-m+fp/hard\libc.a(libc_a-fvwrite.o)
                0x0000dde0                __sfvwrite_r
 .text.__swsetup_r
                0x0000e0e0       0xc4 C:/EIGENE~1/DSP_LA~1/DEPEND~1/GCC-13~1.REL/bin/../lib/gcc/arm-none-eabi/13.3.1/thumb/v7e-m+fp/hard\libc.a(libc_a-wsetup.o)
                0x0000e0e0                __swsetup_r
 .text.abort    0x0000e1a4       0x10 C:/EIGENE~1/DSP_LA~1/DEPEND~1/GCC-13~1.REL/bin/../lib/gcc/arm-none-eabi/13.3.1/thumb/v7e-m+fp/hard\libc.a(libc_a-abort.o)
                0x0000e1a4                abort
 .text.__smakebuf_r
                0x0000e1b4       0xdc C:/EIGENE~1/DSP_LA~1/DEPEND~1/GCC-13~1.REL/bin/../lib/gcc/arm-none-eabi/13.3.1/thumb/v7e-m+fp/hard\libc.a(libc_a-makebuf.o)
                0x0000e1b4                __smakebuf_r
 .text.raise    0x0000e290       0x58 C:/EIGENE~1/DSP_LA~1/DEPEND~1/GCC-13~1.REL/bin/../lib/gcc/arm-none-eabi/13.3.1/thumb/v7e-m+fp/hard\libc.a(libc_a-signal.o)
                0x0000e290                raise
 .text._fstat_r
                0x0000e2e8       0x2c C:/EIGENE~1/DSP_LA~1/DEPEND~1/GCC-13~1.REL/bin/../lib/gcc/arm-none-eabi/13.3.1/thumb/v7e-m+fp/hard\libc.a(libc_a-fstatr.o)
                0x0000e2e8                _fstat_r
 .text._isatty_r
                0x0000e314       0x24 C:/EIGENE~1/DSP_LA~1/DEPEND~1/GCC-13~1.REL/bin/../lib/gcc/arm-none-eabi/13.3.1/thumb/v7e-m+fp/hard\libc.a(libc_a-isattyr.o)
                0x0000e314                _isatty_r
 .text._kill_r  0x0000e338       0x2c C:/EIGENE~1/DSP_LA~1/DEPEND~1/GCC-13~1.REL/bin/../lib/gcc/arm-none-eabi/13.3.1/thumb/v7e-m+fp/hard\libc.a(libc_a-signalr.o)
                0x0000e338                _kill_r
 .text._getpid_r
                0x0000e364        0x4 C:/EIGENE~1/DSP_LA~1/DEPEND~1/GCC-13~1.REL/bin/../lib/gcc/arm-none-eabi/13.3.1/thumb/v7e-m+fp/hard\libc.a(libc_a-signalr.o)
                0x0000e364                _getpid_r
 .text._sbrk    0x0000e368       0x1c C:/EIGENE~1/DSP_LA~1/DEPEND~1/GCC-13~1.REL/bin/../lib/gcc/arm-none-eabi/13.3.1/thumb/v7e-m+fp/hard\libnosys.a(sbrk.o)
                0x0000e368                _sbrk
 .text._exit    0x0000e384        0x4 C:/EIGENE~1/DSP_LA~1/DEPEND~1/GCC-13~1.REL/bin/../lib/gcc/arm-none-eabi/13.3.1/thumb/v7e-m+fp/hard\libnosys.a(_exit.o)
                0x0000e384                _exit
 .text.logf     0x0000e388       0x60 C:/EIGENE~1/DSP_LA~1/DEPEND~1/GCC-13~1.REL/bin/../lib/gcc/arm-none-eabi/13.3.1/thumb/v7e-m+fp/hard\libm.a(libm_a-wf_log.o)
                0x0000e388                logf
 .text.log10f   0x0000e3e8       0x60 C:/EIGENE~1/DSP_LA~1/DEPEND~1/GCC-13~1.REL/bin/../lib/gcc/arm-none-eabi/13.3.1/thumb/v7e-m+fp/hard\libm.a(libm_a-wf_log10.o)
                0x0000e3e8                log10f
 .text.sqrtf    0x0000e448       0x44 C:/EIGENE~1/DSP_LA~1/DEPEND~1/GCC-13~1.REL/bin/../lib/gcc/arm-none-eabi/13.3.1/thumb/v7e-m+fp/hard\libm.a(libm_a-wf_sqrt.o)
                0x0000e448                sqrtf
 .text.cosf     0x0000e48c       0x70 C:/EIGENE~1/DSP_LA~1/DEPEND~1/GCC-13~1.REL/bin/../lib/gcc/arm-none-eabi/13.3.1/thumb/v7e-m+fp/hard\libm.a(libm_a-sf_cos.o)
                0x0000e48c                cosf
 .text.nanf     0x0000e4fc        0xc C:/EIGENE~1/DSP_LA~1/DEPEND~1/GCC-13~1.REL/bin/../lib/gcc/arm-none-eabi/13.3.1/thumb/v7e-m+fp/hard\libm.a(libm_a-sf_nan.o)
                0x0000e4fc                nanf
 .text.__ieee754_sqrtf
                0x0000e508        0x8 C:/EIGENE~1/DSP_LA~1/DEPEND~1/GCC-13~1.REL/bin/../lib/gcc/arm-none-eabi/13.3.1/thumb/v7e-m+fp/hard\libm.a(libm_a-ef_sqrt.o)
                0x0000e508                __ieee754_sqrtf
 .text.__kernel_cosf
                0x0000e510      0x104 C:/EIGENE~1/DSP_LA~1/DEPEND~1/GCC-13~1.REL/bin/../lib/gcc/arm-none-eabi/13.3.1/thumb/v7e-m+fp/hard\libm.a(libm_a-kf_cos.o)
                0x0000e510                __kernel_cosf
 .text.__kernel_sinf
                0x0000e614       0x90 C:/EIGENE~1/DSP_LA~1/DEPEND~1/GCC-13~1.REL/bin/../lib/gcc/arm-none-eabi/13.3.1/thumb/v7e-m+fp/hard\libm.a(libm_a-kf_sin.o)
                0x0000e614                __kernel_sinf
 .text.__ieee754_logf
                0x0000e6a4      0x1f4 C:/EIGENE~1/DSP_LA~1/DEPEND~1/GCC-13~1.REL/bin/../lib/gcc/arm-none-eabi/13.3.1/thumb/v7e-m+fp/hard\libm.a(libm_a-ef_log.o)
                0x0000e6a4                __ieee754_logf
 .text.__ieee754_log10f
                0x0000e898       0xc4 C:/EIGENE~1/DSP_LA~1/DEPEND~1/GCC-13~1.REL/bin/../lib/gcc/arm-none-eabi/13.3.1/thumb/v7e-m+fp/hard\libm.a(libm_a-ef_log10.o)
                0x0000e898                __ieee754_log10f
 .text.__ieee754_rem_pio2f
                0x0000e95c      0x260 C:/EIGENE~1/DSP_LA~1/DEPEND~1/GCC-13~1.REL/bin/../lib/gcc/arm-none-eabi/13.3.1/thumb/v7e-m+fp/hard\libm.a(libm_a-ef_rem_pio2.o)
                0x0000e95c                __ieee754_rem_pio2f
 .text.fabsf    0x0000ebbc       0x10 C:/EIGENE~1/DSP_LA~1/DEPEND~1/GCC-13~1.REL/bin/../lib/gcc/arm-none-eabi/13.3.1/thumb/v7e-m+fp/hard\libm.a(libm_a-sf_fabs.o)
                0x0000ebbc                fabsf
 .text.__kernel_rem_pio2f
                0x0000ebcc      0x63c C:/EIGENE~1/DSP_LA~1/DEPEND~1/GCC-13~1.REL/bin/../lib/gcc/arm-none-eabi/13.3.1/thumb/v7e-m+fp/hard\libm.a(libm_a-kf_rem_pio2.o)
                0x0000ebcc                __kernel_rem_pio2f
 .text.scalbnf  0x0000f208       0xe4 C:/EIGENE~1/DSP_LA~1/DEPEND~1/GCC-13~1.REL/bin/../lib/gcc/arm-none-eabi/13.3.1/thumb/v7e-m+fp/hard\libm.a(libm_a-sf_scalbn.o)
                0x0000f208                scalbnf
 .text.floorf   0x0000f2ec       0x94 C:/EIGENE~1/DSP_LA~1/DEPEND~1/GCC-13~1.REL/bin/../lib/gcc/arm-none-eabi/13.3.1/thumb/v7e-m+fp/hard\libm.a(libm_a-sf_floor.o)
                0x0000f2ec                floorf
 .text          0x0000f380       0x2c C:/EIGENE~1/DSP_LA~1/DEPEND~1/GCC-13~1.REL/bin/../lib/gcc/arm-none-eabi/13.3.1/thumb/v7e-m+fp/hard\libgcc.a(_arm_unorddf2.o)
                0x0000f380                __unorddf2
                0x0000f380                __aeabi_dcmpun
 .text          0x0000f3ac       0x50 C:/EIGENE~1/DSP_LA~1/DEPEND~1/GCC-13~1.REL/bin/../lib/gcc/arm-none-eabi/13.3.1/thumb/v7e-m+fp/hard\libgcc.a(_arm_fixdfsi.o)
                0x0000f3ac                __aeabi_d2iz
                0x0000f3ac                __fixdfsi
 *(.init)
 .init          0x0000f3fc        0x4 C:/EIGENE~1/DSP_LA~1/DEPEND~1/GCC-13~1.REL/bin/../lib/gcc/arm-none-eabi/13.3.1/thumb/v7e-m+fp/hard\crti.o
                0x0000f3fc                _init
 .init          0x0000f400        0x8 C:/EIGENE~1/DSP_LA~1/DEPEND~1/GCC-13~1.REL/bin/../lib/gcc/arm-none-eabi/13.3.1/thumb/v7e-m+fp/hard\crtn.o
 *(.fini)
 .fini          0x0000f408        0x4 C:/EIGENE~1/DSP_LA~1/DEPEND~1/GCC-13~1.REL/bin/../lib/gcc/arm-none-eabi/13.3.1/thumb/v7e-m+fp/hard\crti.o
                0x0000f408                _fini
 .fini          0x0000f40c        0x8 C:/EIGENE~1/DSP_LA~1/DEPEND~1/GCC-13~1.REL/bin/../lib/gcc/arm-none-eabi/13.3.1/thumb/v7e-m+fp/hard\crtn.o
 *crtbegin.o(.ctors)
 *crtbegin?.o(.ctors)
 *(EXCLUDE_FILE(*crtend.o *crtend?.o) .ctors)
 *(SORT_BY_NAME(.ctors.*))
 *(.ctors)
 *crtbegin.o(.dtors)
 *crtbegin?.o(.dtors)
 *(EXCLUDE_FILE(*crtend.o *crtend?.o) .dtors)
 *(SORT_BY_NAME(.dtors.*))
 *(.dtors)
 *(.rodata*)
 .rodata        0x0000f414        0xd CMakeFiles/hello_world.axf.dir/utils/debug_utils.cpp.obj
 *fill*         0x0000f421        0x3 
 .rodata        0x0000f424       0xac CMakeFiles/hello_world.axf.dir/hello_world.cpp.obj
 .rodata.twiddleCoef_16
                0x0000f4d0       0x80 lib_dsp/libCMSISDSP.a(arm_common_tables.c.obj)
                0x0000f4d0                twiddleCoef_16
 .rodata.twiddleCoef_32
                0x0000f550      0x100 lib_dsp/libCMSISDSP.a(arm_common_tables.c.obj)
                0x0000f550                twiddleCoef_32
 .rodata.twiddleCoef_64
                0x0000f650      0x200 lib_dsp/libCMSISDSP.a(arm_common_tables.c.obj)
                0x0000f650                twiddleCoef_64
 .rodata.twiddleCoef_128
                0x0000f850      0x400 lib_dsp/libCMSISDSP.a(arm_common_tables.c.obj)
                0x0000f850                twiddleCoef_128
 .rodata.twiddleCoef_256
                0x0000fc50      0x800 lib_dsp/libCMSISDSP.a(arm_common_tables.c.obj)
                0x0000fc50                twiddleCoef_256
 .rodata.twiddleCoef_512
                0x00010450     0x1000 lib_dsp/libCMSISDSP.a(arm_common_tables.c.obj)
                0x00010450                twiddleCoef_512
 .rodata.twiddleCoef_1024
                0x00011450     0x2000 lib_dsp/libCMSISDSP.a(arm_common_tables.c.obj)
                0x00011450                twiddleCoef_1024
 .rodata.twiddleCoef_2048
                0x00013450     0x4000 lib_dsp/libCMSISDSP.a(arm_common_tables.c.obj)
                0x00013450                twiddleCoef_2048
 .rodata.armBitRevIndexTable16
                0x00017450       0x28 lib_dsp/libCMSISDSP.a(arm_common_tables.c.obj)
                0x00017450                armBitRevIndexTable16
 .rodata.armBitRevIndexTable32
                0x00017478       0x60 lib_dsp/libCMSISDSP.a(arm_common_tables.c.obj)
                0x00017478                armBitRevIndexTable32
 .rodata.armBitRevIndexTable64
                0x000174d8       0x70 lib_dsp/libCMSISDSP.a(arm_common_tables.c.obj)
                0x000174d8                armBitRevIndexTable64
 .rodata.armBitRevIndexTable128
                0x00017548      0x1a0 lib_dsp/libCMSISDSP.a(arm_common_tables.c.obj)
                0x00017548                armBitRevIndexTable128
 .rodata.armBitRevIndexTable256
                0x000176e8      0x370 lib_dsp/libCMSISDSP.a(arm_common_tables.c.obj)
                0x000176e8                armBitRevIndexTable256
 .rodata.armBitRevIndexTable512
                0x00017a58      0x380 lib_dsp/libCMSISDSP.a(arm_common_tables.c.obj)
                0x00017a58                armBitRevIndexTable512
 .rodata.armBitRevIndexTable1024
                0x00017dd8      0xe10 lib_dsp/libCMSISDSP.a(arm_common_tables.c.obj)
                0x00017dd8                armBitRevIndexTable1024
 .rodata.armBitRevIndexTable2048
                0x00018be8     0x1dc0 lib_dsp/libCMSISDSP.a(arm_common_tables.c.obj)
                0x00018be8                armBitRevIndexTable2048
 .rodata.twiddleCoef_rfft_32
                0x0001a9a8       0x80 lib_dsp/libCMSISDSP.a(arm_common_tables.c.obj)
                0x0001a9a8                twiddleCoef_rfft_32
 .rodata.twiddleCoef_rfft_64
                0x0001aa28      0x100 lib_dsp/libCMSISDSP.a(arm_common_tables.c.obj)
                0x0001aa28                twiddleCoef_rfft_64
 .rodata.twiddleCoef_rfft_128
                0x0001ab28      0x200 lib_dsp/libCMSISDSP.a(arm_common_tables.c.obj)
                0x0001ab28                twiddleCoef_rfft_128
 .rodata.twiddleCoef_rfft_256
                0x0001ad28      0x400 lib_dsp/libCMSISDSP.a(arm_common_tables.c.obj)
                0x0001ad28                twiddleCoef_rfft_256
 .rodata.twiddleCoef_rfft_512
                0x0001b128      0x800 lib_dsp/libCMSISDSP.a(arm_common_tables.c.obj)
                0x0001b128                twiddleCoef_rfft_512
 .rodata.twiddleCoef_rfft_1024
                0x0001b928     0x1000 lib_dsp/libCMSISDSP.a(arm_common_tables.c.obj)
                0x0001b928                twiddleCoef_rfft_1024
 .rodata.twiddleCoef_rfft_2048
                0x0001c928     0x2000 lib_dsp/libCMSISDSP.a(arm_common_tables.c.obj)
                0x0001c928                twiddleCoef_rfft_2048
 .rodata.twiddleCoef_rfft_4096
                0x0001e928     0x4000 lib_dsp/libCMSISDSP.a(arm_common_tables.c.obj)
                0x0001e928                twiddleCoef_rfft_4096
 .rodata.arm_cfft_sR_f32_len16
                0x00022928       0x10 lib_dsp/libCMSISDSP.a(arm_const_structs.c.obj)
                0x00022928                arm_cfft_sR_f32_len16
 .rodata.arm_cfft_sR_f32_len32
                0x00022938       0x10 lib_dsp/libCMSISDSP.a(arm_const_structs.c.obj)
                0x00022938                arm_cfft_sR_f32_len32
 .rodata.arm_cfft_sR_f32_len64
                0x00022948       0x10 lib_dsp/libCMSISDSP.a(arm_const_structs.c.obj)
                0x00022948                arm_cfft_sR_f32_len64
 .rodata.arm_cfft_sR_f32_len128
                0x00022958       0x10 lib_dsp/libCMSISDSP.a(arm_const_structs.c.obj)
                0x00022958                arm_cfft_sR_f32_len128
 .rodata.arm_cfft_sR_f32_len256
                0x00022968       0x10 lib_dsp/libCMSISDSP.a(arm_const_structs.c.obj)
                0x00022968                arm_cfft_sR_f32_len256
 .rodata.arm_cfft_sR_f32_len512
                0x00022978       0x10 lib_dsp/libCMSISDSP.a(arm_const_structs.c.obj)
                0x00022978                arm_cfft_sR_f32_len512
 .rodata.arm_cfft_sR_f32_len1024
                0x00022988       0x10 lib_dsp/libCMSISDSP.a(arm_const_structs.c.obj)
                0x00022988                arm_cfft_sR_f32_len1024
 .rodata.arm_cfft_sR_f32_len2048
                0x00022998       0x10 lib_dsp/libCMSISDSP.a(arm_const_structs.c.obj)
                0x00022998                arm_cfft_sR_f32_len2048
 .rodata._svfprintf_r.str1.4
                0x000229a8      0x1a7 C:/EIGENE~1/DSP_LA~1/DEPEND~1/GCC-13~1.REL/bin/../lib/gcc/arm-none-eabi/13.3.1/thumb/v7e-m+fp/hard\libc.a(libc_a-svfprintf.o)
                                 0x42 (size before relaxing)
 *fill*         0x00022b4f        0x1 
 .rodata.zeroes.0
                0x00022b50       0x10 C:/EIGENE~1/DSP_LA~1/DEPEND~1/GCC-13~1.REL/bin/../lib/gcc/arm-none-eabi/13.3.1/thumb/v7e-m+fp/hard\libc.a(libc_a-svfprintf.o)
 .rodata.blanks.1
                0x00022b60       0x10 C:/EIGENE~1/DSP_LA~1/DEPEND~1/GCC-13~1.REL/bin/../lib/gcc/arm-none-eabi/13.3.1/thumb/v7e-m+fp/hard\libc.a(libc_a-svfprintf.o)
 .rodata.str1.4
                0x00022b70       0x4c C:/EIGENE~1/DSP_LA~1/DEPEND~1/GCC-13~1.REL/bin/../lib/gcc/arm-none-eabi/13.3.1/thumb/v7e-m+fp/hard\libc.a(libc_a-locale.o)
 .rodata._dtoa_r.str1.4
                0x00022b70       0x81 C:/EIGENE~1/DSP_LA~1/DEPEND~1/GCC-13~1.REL/bin/../lib/gcc/arm-none-eabi/13.3.1/thumb/v7e-m+fp/hard\libc.a(libc_a-dtoa.o)
 .rodata.__multadd.str1.4
                0x00022b70       0x6e C:/EIGENE~1/DSP_LA~1/DEPEND~1/GCC-13~1.REL/bin/../lib/gcc/arm-none-eabi/13.3.1/thumb/v7e-m+fp/hard\libc.a(libc_a-mprec.o)
 .rodata.p05.0  0x00022b70        0xc C:/EIGENE~1/DSP_LA~1/DEPEND~1/GCC-13~1.REL/bin/../lib/gcc/arm-none-eabi/13.3.1/thumb/v7e-m+fp/hard\libc.a(libc_a-mprec.o)
 *fill*         0x00022b7c        0x4 
 .rodata.__mprec_bigtens
                0x00022b80       0x28 C:/EIGENE~1/DSP_LA~1/DEPEND~1/GCC-13~1.REL/bin/../lib/gcc/arm-none-eabi/13.3.1/thumb/v7e-m+fp/hard\libc.a(libc_a-mprec.o)
                0x00022b80                __mprec_bigtens
 .rodata.__mprec_tens
                0x00022ba8       0xc8 C:/EIGENE~1/DSP_LA~1/DEPEND~1/GCC-13~1.REL/bin/../lib/gcc/arm-none-eabi/13.3.1/thumb/v7e-m+fp/hard\libc.a(libc_a-mprec.o)
                0x00022ba8                __mprec_tens
 .rodata._ctype_
                0x00022c70      0x101 C:/EIGENE~1/DSP_LA~1/DEPEND~1/GCC-13~1.REL/bin/../lib/gcc/arm-none-eabi/13.3.1/thumb/v7e-m+fp/hard\libc.a(libc_a-ctype_.o)
                0x00022c70                _ctype_
 .rodata.__assert_func.str1.4
                0x00022d71       0x43 C:/EIGENE~1/DSP_LA~1/DEPEND~1/GCC-13~1.REL/bin/../lib/gcc/arm-none-eabi/13.3.1/thumb/v7e-m+fp/hard\libc.a(libc_a-assert.o)
 .rodata._vfiprintf_r.str1.4
                0x00022d71       0x2f C:/EIGENE~1/DSP_LA~1/DEPEND~1/GCC-13~1.REL/bin/../lib/gcc/arm-none-eabi/13.3.1/thumb/v7e-m+fp/hard\libc.a(libc_a-vfiprintf.o)
 *fill*         0x00022d71        0x3 
 .rodata.zeroes.0
                0x00022d74       0x10 C:/EIGENE~1/DSP_LA~1/DEPEND~1/GCC-13~1.REL/bin/../lib/gcc/arm-none-eabi/13.3.1/thumb/v7e-m+fp/hard\libc.a(libc_a-vfiprintf.o)
 .rodata.blanks.1
                0x00022d84       0x10 C:/EIGENE~1/DSP_LA~1/DEPEND~1/GCC-13~1.REL/bin/../lib/gcc/arm-none-eabi/13.3.1/thumb/v7e-m+fp/hard\libc.a(libc_a-vfiprintf.o)
 .rodata.logf.str1.4
                0x00022d94        0x1 C:/EIGENE~1/DSP_LA~1/DEPEND~1/GCC-13~1.REL/bin/../lib/gcc/arm-none-eabi/13.3.1/thumb/v7e-m+fp/hard\libm.a(libm_a-wf_log.o)
 .rodata.log10f.str1.4
                0x00022d94        0x1 C:/EIGENE~1/DSP_LA~1/DEPEND~1/GCC-13~1.REL/bin/../lib/gcc/arm-none-eabi/13.3.1/thumb/v7e-m+fp/hard\libm.a(libm_a-wf_log10.o)
 .rodata.npio2_hw
                0x00022d94       0x80 C:/EIGENE~1/DSP_LA~1/DEPEND~1/GCC-13~1.REL/bin/../lib/gcc/arm-none-eabi/13.3.1/thumb/v7e-m+fp/hard\libm.a(libm_a-ef_rem_pio2.o)
 .rodata.two_over_pi
                0x00022e14      0x318 C:/EIGENE~1/DSP_LA~1/DEPEND~1/GCC-13~1.REL/bin/../lib/gcc/arm-none-eabi/13.3.1/thumb/v7e-m+fp/hard\libm.a(libm_a-ef_rem_pio2.o)
 .rodata.PIo2   0x0002312c       0x2c C:/EIGENE~1/DSP_LA~1/DEPEND~1/GCC-13~1.REL/bin/../lib/gcc/arm-none-eabi/13.3.1/thumb/v7e-m+fp/hard\libm.a(libm_a-kf_rem_pio2.o)
 .rodata.init_jk
                0x00023158        0xc C:/EIGENE~1/DSP_LA~1/DEPEND~1/GCC-13~1.REL/bin/../lib/gcc/arm-none-eabi/13.3.1/thumb/v7e-m+fp/hard\libm.a(libm_a-kf_rem_pio2.o)
 *(.eh_frame*)
 .eh_frame      0x00023164        0x0 C:/EIGENE~1/DSP_LA~1/DEPEND~1/GCC-13~1.REL/bin/../lib/gcc/arm-none-eabi/13.3.1/thumb/v7e-m+fp/hard\crtbegin.o
 .eh_frame      0x00023164        0x4 C:/EIGENE~1/DSP_LA~1/DEPEND~1/GCC-13~1.REL/bin/../lib/gcc/arm-none-eabi/13.3.1/thumb/v7e-m+fp/hard\crtend.o
 .eh_frame      0x00023168       0x2c C:/EIGENE~1/DSP_LA~1/DEPEND~1/GCC-13~1.REL/bin/../lib/gcc/arm-none-eabi/13.3.1/thumb/v7e-m+fp/hard\libc.a(libc_a-memcpy.o)
 .eh_frame      0x00023194       0x50 C:/EIGENE~1/DSP_LA~1/DEPEND~1/GCC-13~1.REL/bin/../lib/gcc/arm-none-eabi/13.3.1/thumb/v7e-m+fp/hard\libc.a(libc_a-memchr.o)
 .eh_frame      0x000231e4       0x34 C:/EIGENE~1/DSP_LA~1/DEPEND~1/GCC-13~1.REL/bin/../lib/gcc/arm-none-eabi/13.3.1/thumb/v7e-m+fp/hard\libc.a(libc_a-strlen.o)

.glue_7         0x00023218        0x0
 .glue_7        0x00023218        0x0 linker stubs

.glue_7t        0x00023218        0x0
 .glue_7t       0x00023218        0x0 linker stubs

.vfp11_veneer   0x00023218        0x0
 .vfp11_veneer  0x00023218        0x0 linker stubs

.v4_bx          0x00023218        0x0
 .v4_bx         0x00023218        0x0 linker stubs

.iplt           0x00023218        0x0
 .iplt          0x00023218        0x0 CMakeFiles/hello_world.axf.dir/device/startup_S6E2CCAJOA.c.obj

.ARM.extab
 *(.ARM.extab* .gnu.linkonce.armextab.*)
                0x00023218                        __exidx_start = .

.ARM.exidx      0x00023218        0x8
 *(.ARM.exidx* .gnu.linkonce.armexidx.*)
 .ARM.exidx     0x00023218        0x8 C:/EIGENE~1/DSP_LA~1/DEPEND~1/GCC-13~1.REL/bin/../lib/gcc/arm-none-eabi/13.3.1/thumb/v7e-m+fp/hard\crt0.o
                                 0x10 (size before relaxing)
 .ARM.exidx     0x00023220        0x0 C:/EIGENE~1/DSP_LA~1/DEPEND~1/GCC-13~1.REL/bin/../lib/gcc/arm-none-eabi/13.3.1/thumb/v7e-m+fp/hard\libc.a(libc_a-memcpy.o)
                                  0x8 (size before relaxing)
 .ARM.exidx     0x00023220        0x0 C:/EIGENE~1/DSP_LA~1/DEPEND~1/GCC-13~1.REL/bin/../lib/gcc/arm-none-eabi/13.3.1/thumb/v7e-m+fp/hard\libc.a(libc_a-memchr.o)
                                  0x8 (size before relaxing)
 .ARM.exidx     0x00023220        0x0 C:/EIGENE~1/DSP_LA~1/DEPEND~1/GCC-13~1.REL/bin/../lib/gcc/arm-none-eabi/13.3.1/thumb/v7e-m+fp/hard\libc.a(libc_a-strlen.o)
                                  0x8 (size before relaxing)
                0x00023220                        __exidx_end = .

.copy.table     0x00023220        0xc
                0x00023220                        . = ALIGN (0x4)
                0x00023220                        __copy_table_start__ = .
                0x00023220        0x4 LONG 0x2322c LOADADDR (.data)
                0x00023224        0x4 LONG 0x1ffd0000 ADDR (.data)
                0x00023228        0x4 LONG 0x2e5 (SIZEOF (.data) / 0x4)
                0x0002322c                        __copy_table_end__ = .

.rel.dyn        0x0002322c        0x0
 .rel.iplt      0x0002322c        0x0 CMakeFiles/hello_world.axf.dir/device/startup_S6E2CCAJOA.c.obj

.zero.table     0x0002322c        0x0
                0x0002322c                        . = ALIGN (0x4)
                0x0002322c                        __zero_table_start__ = .
                0x0002322c                        __zero_table_end__ = .
                [!provide]                        PROVIDE (__etext = LOADADDR (.data))

.data           0x1ffd0000      0xb94 load address 0x0002322c
                0x1ffd0000                        __data_start__ = .
 *(vtable)
 *(.data)
 *(.data.*)
 .data.SystemCoreClock
                0x1ffd0000        0x4 CMakeFiles/hello_world.axf.dir/PDL/system_s6e2cc.c.obj
                0x1ffd0000                SystemCoreClock
 .data.m_astcMfsInstanceDataLut
                0x1ffd0004       0x48 CMakeFiles/hello_world.axf.dir/PDL/mfs.c.obj
                0x1ffd0004                m_astcMfsInstanceDataLut
 .data.m_astcI2sInstanceDataLut
                0x1ffd004c       0x30 CMakeFiles/hello_world.axf.dir/PDL/i2s.c.obj
                0x1ffd004c                m_astcI2sInstanceDataLut
 .data.Amount_of_Signals
                0x1ffd007c        0x2 CMakeFiles/hello_world.axf.dir/hello_world.cpp.obj
                0x1ffd007c                Amount_of_Signals
 *fill*         0x1ffd007e        0x2 
 .data.fs       0x1ffd0080        0x4 CMakeFiles/hello_world.axf.dir/hello_world.cpp.obj
                0x1ffd0080                fs
 .data.alpha    0x1ffd0084        0x4 CMakeFiles/hello_world.axf.dir/hello_world.cpp.obj
                0x1ffd0084                alpha
 .data.weightCentroid
                0x1ffd0088        0x2 CMakeFiles/hello_world.axf.dir/hello_world.cpp.obj
                0x1ffd0088                weightCentroid
 .data.weightPower
                0x1ffd008a        0x2 CMakeFiles/hello_world.axf.dir/hello_world.cpp.obj
                0x1ffd008a                weightPower
 .data.weightEnergy
                0x1ffd008c        0x2 CMakeFiles/hello_world.axf.dir/hello_world.cpp.obj
                0x1ffd008c                weightEnergy
 .data.weightpeakF
                0x1ffd008e        0x2 CMakeFiles/hello_world.axf.dir/hello_world.cpp.obj
                0x1ffd008e                weightpeakF
 .data.weightFlux
                0x1ffd0090        0x2 CMakeFiles/hello_world.axf.dir/hello_world.cpp.obj
                0x1ffd0090                weightFlux
 .data.weightbandwidth
                0x1ffd0092        0x2 CMakeFiles/hello_world.axf.dir/hello_world.cpp.obj
                0x1ffd0092                weightbandwidth
 .data.weightRolloff
                0x1ffd0094        0x2 CMakeFiles/hello_world.axf.dir/hello_world.cpp.obj
                0x1ffd0094                weightRolloff
 *fill*         0x1ffd0096        0x2 
 .data.score_threshold
                0x1ffd0098        0x4 CMakeFiles/hello_world.axf.dir/hello_world.cpp.obj
                0x1ffd0098                score_threshold
 .data.threshCentroid
                0x1ffd009c        0x2 CMakeFiles/hello_world.axf.dir/hello_world.cpp.obj
                0x1ffd009c                threshCentroid
 .data.threshPower
                0x1ffd009e        0x2 CMakeFiles/hello_world.axf.dir/hello_world.cpp.obj
                0x1ffd009e                threshPower
 .data.threshEnergy
                0x1ffd00a0        0x2 CMakeFiles/hello_world.axf.dir/hello_world.cpp.obj
                0x1ffd00a0                threshEnergy
 .data.threshpeakF
                0x1ffd00a2        0x2 CMakeFiles/hello_world.axf.dir/hello_world.cpp.obj
                0x1ffd00a2                threshpeakF
 .data.threshFlux
                0x1ffd00a4        0x2 CMakeFiles/hello_world.axf.dir/hello_world.cpp.obj
                0x1ffd00a4                threshFlux
 .data.threshBandwidth
                0x1ffd00a6        0x2 CMakeFiles/hello_world.axf.dir/hello_world.cpp.obj
                0x1ffd00a6                threshBandwidth
 .data.threshRolloff
                0x1ffd00a8        0x2 CMakeFiles/hello_world.axf.dir/hello_world.cpp.obj
                0x1ffd00a8                threshRolloff
 .data.min_Signal_count
                0x1ffd00aa        0x2 CMakeFiles/hello_world.axf.dir/hello_world.cpp.obj
                0x1ffd00aa                min_Signal_count
 .data.window   0x1ffd00ac      0x400 CMakeFiles/hello_world.axf.dir/hello_world.cpp.obj
                0x1ffd00ac                window
 .data.__sglue  0x1ffd04ac        0xc C:/EIGENE~1/DSP_LA~1/DEPEND~1/GCC-13~1.REL/bin/../lib/gcc/arm-none-eabi/13.3.1/thumb/v7e-m+fp/hard\libc.a(libc_a-findfp.o)
                0x1ffd04ac                __sglue
 .data._impure_ptr
                0x1ffd04b8        0x4 C:/EIGENE~1/DSP_LA~1/DEPEND~1/GCC-13~1.REL/bin/../lib/gcc/arm-none-eabi/13.3.1/thumb/v7e-m+fp/hard\libc.a(libc_a-impure.o)
                0x1ffd04b8                _impure_ptr
 *fill*         0x1ffd04bc        0x4 
 .data._impure_data
                0x1ffd04c0      0x140 C:/EIGENE~1/DSP_LA~1/DEPEND~1/GCC-13~1.REL/bin/../lib/gcc/arm-none-eabi/13.3.1/thumb/v7e-m+fp/hard\libc.a(libc_a-impure.o)
                0x1ffd04c0                _impure_data
 .data.__atexit_recursive_mutex
                0x1ffd0600        0x4 C:/EIGENE~1/DSP_LA~1/DEPEND~1/GCC-13~1.REL/bin/../lib/gcc/arm-none-eabi/13.3.1/thumb/v7e-m+fp/hard\libc.a(libc_a-__call_atexit.o)
                0x1ffd0600                __atexit_recursive_mutex
 .data.__malloc_sbrk_base
                0x1ffd0604        0x4 C:/EIGENE~1/DSP_LA~1/DEPEND~1/GCC-13~1.REL/bin/../lib/gcc/arm-none-eabi/13.3.1/thumb/v7e-m+fp/hard\libc.a(libc_a-mallocr.o)
                0x1ffd0604                __malloc_sbrk_base
 .data.__malloc_trim_threshold
                0x1ffd0608        0x4 C:/EIGENE~1/DSP_LA~1/DEPEND~1/GCC-13~1.REL/bin/../lib/gcc/arm-none-eabi/13.3.1/thumb/v7e-m+fp/hard\libc.a(libc_a-mallocr.o)
                0x1ffd0608                __malloc_trim_threshold
 *fill*         0x1ffd060c        0x4 
 .data.__malloc_av_
                0x1ffd0610      0x408 C:/EIGENE~1/DSP_LA~1/DEPEND~1/GCC-13~1.REL/bin/../lib/gcc/arm-none-eabi/13.3.1/thumb/v7e-m+fp/hard\libc.a(libc_a-mallocr.o)
                0x1ffd0610                __malloc_av_
 .data.__global_locale
                0x1ffd0a18      0x16c C:/EIGENE~1/DSP_LA~1/DEPEND~1/GCC-13~1.REL/bin/../lib/gcc/arm-none-eabi/13.3.1/thumb/v7e-m+fp/hard\libc.a(libc_a-locale.o)
                0x1ffd0a18                __global_locale
                0x1ffd0b84                        . = ALIGN (0x4)
                0x1ffd0b84                        PROVIDE (__preinit_array_start = .)
 *(.preinit_array)
                0x1ffd0b84                        PROVIDE (__preinit_array_end = .)
                0x1ffd0b84                        . = ALIGN (0x4)
                0x1ffd0b84                        PROVIDE (__init_array_start = .)
 *(SORT_BY_NAME(.init_array.*))
 .init_array.00000
                0x1ffd0b84        0x4 C:/EIGENE~1/DSP_LA~1/DEPEND~1/GCC-13~1.REL/bin/../lib/gcc/arm-none-eabi/13.3.1/thumb/v7e-m+fp/hard\libc.a(libc_a-__call_atexit.o)
 *(.init_array)
 .init_array    0x1ffd0b88        0x4 CMakeFiles/hello_world.axf.dir/hello_world.cpp.obj
 .init_array    0x1ffd0b8c        0x4 C:/EIGENE~1/DSP_LA~1/DEPEND~1/GCC-13~1.REL/bin/../lib/gcc/arm-none-eabi/13.3.1/thumb/v7e-m+fp/hard\crtbegin.o
                0x1ffd0b90                        PROVIDE (__init_array_end = .)
                0x1ffd0b90                        . = ALIGN (0x4)
                0x1ffd0b90                        PROVIDE (__fini_array_start = .)
 *(SORT_BY_NAME(.fini_array.*))
 *(.fini_array)
 .fini_array    0x1ffd0b90        0x4 C:/EIGENE~1/DSP_LA~1/DEPEND~1/GCC-13~1.REL/bin/../lib/gcc/arm-none-eabi/13.3.1/thumb/v7e-m+fp/hard\crtbegin.o
                0x1ffd0b94                        PROVIDE (__fini_array_end = .)
 *(.jcr*)
                0x1ffd0b94                        . = ALIGN (0x4)
                0x1ffd0b94                        __data_end__ = .

.igot.plt       0x1ffd0b94        0x0 load address 0x00023dc0
 .igot.plt      0x1ffd0b94        0x0 CMakeFiles/hello_world.axf.dir/device/startup_S6E2CCAJOA.c.obj

.tm_clone_table
                0x1ffd0b94        0x0 load address 0x00023dc0
 .tm_clone_table
                0x1ffd0b94        0x0 C:/EIGENE~1/DSP_LA~1/DEPEND~1/GCC-13~1.REL/bin/../lib/gcc/arm-none-eabi/13.3.1/thumb/v7e-m+fp/hard\crtbegin.o
 .tm_clone_table
                0x1ffd0b94        0x0 C:/EIGENE~1/DSP_LA~1/DEPEND~1/GCC-13~1.REL/bin/../lib/gcc/arm-none-eabi/13.3.1/thumb/v7e-m+fp/hard\crtend.o

.bss            0x1ffd0b94    0x2c47c
                0x1ffd0b94                        . = ALIGN (0x4)
                0x1ffd0b94                        __bss_start__ = .
 *(.bss)
 *(.bss.*)
 .bss.u32IoRegisterRead.0
                0x1ffd0b94        0x4 CMakeFiles/hello_world.axf.dir/PDL/system_s6e2cc.c.obj
 .bss.stcDstcInternData
                0x1ffd0b98       0x10 CMakeFiles/hello_world.axf.dir/PDL/dstc.c.obj
 .bss.pstcI2cInstance
                0x1ffd0ba8        0x4 CMakeFiles/hello_world.axf.dir/PDL/wm8731.c.obj
                0x1ffd0ba8                pstcI2cInstance
 .bss.u16LeftHpOut
                0x1ffd0bac        0x2 CMakeFiles/hello_world.axf.dir/PDL/wm8731.c.obj
                0x1ffd0bac                u16LeftHpOut
 .bss.u16RightHpOut
                0x1ffd0bae        0x2 CMakeFiles/hello_world.axf.dir/PDL/wm8731.c.obj
                0x1ffd0bae                u16RightHpOut
 .bss.stcDES    0x1ffd0bb0       0x38 CMakeFiles/hello_world.axf.dir/utils/platform.cpp.obj
                0x1ffd0bb0                stcDES
 .bss.df        0x1ffd0be8        0x4 CMakeFiles/hello_world.axf.dir/hello_world.cpp.obj
                0x1ffd0be8                df
 .bss.dT        0x1ffd0bec        0x4 CMakeFiles/hello_world.axf.dir/hello_world.cpp.obj
                0x1ffd0bec                dT
 .bss.score     0x1ffd0bf0        0x4 CMakeFiles/hello_world.axf.dir/hello_world.cpp.obj
                0x1ffd0bf0                score
 .bss.flux_counter
                0x1ffd0bf4        0x2 CMakeFiles/hello_world.axf.dir/hello_world.cpp.obj
                0x1ffd0bf4                flux_counter
 *fill*         0x1ffd0bf6        0x2 
 .bss.energy_history
                0x1ffd0bf8       0x50 CMakeFiles/hello_world.axf.dir/hello_world.cpp.obj
                0x1ffd0bf8                energy_history
 .bss.energy_history_index
                0x1ffd0c48        0x4 CMakeFiles/hello_world.axf.dir/hello_world.cpp.obj
                0x1ffd0c48                energy_history_index
 .bss.energy_history_count
                0x1ffd0c4c        0x4 CMakeFiles/hello_world.axf.dir/hello_world.cpp.obj
                0x1ffd0c4c                energy_history_count
 .bss.signal_detected
                0x1ffd0c50        0x1 CMakeFiles/hello_world.axf.dir/hello_world.cpp.obj
                0x1ffd0c50                signal_detected
 *fill*         0x1ffd0c51        0x1 
 .bss.Signal_count
                0x1ffd0c52        0x2 CMakeFiles/hello_world.axf.dir/hello_world.cpp.obj
                0x1ffd0c52                Signal_count
 .bss.low_energy_counter
                0x1ffd0c54        0x4 CMakeFiles/hello_world.axf.dir/hello_world.cpp.obj
                0x1ffd0c54                low_energy_counter
 .bss.signal_energy_reference
                0x1ffd0c58        0x4 CMakeFiles/hello_world.axf.dir/hello_world.cpp.obj
                0x1ffd0c58                signal_energy_reference
 .bss.reference_energy_set
                0x1ffd0c5c        0x1 CMakeFiles/hello_world.axf.dir/hello_world.cpp.obj
                0x1ffd0c5c                reference_energy_set
 *fill*         0x1ffd0c5d        0x3 
 .bss.rx_buffer
                0x1ffd0c60      0xc0c CMakeFiles/hello_world.axf.dir/hello_world.cpp.obj
                0x1ffd0c60                rx_buffer
 .bss.tx_buffer
                0x1ffd186c      0xc0c CMakeFiles/hello_world.axf.dir/hello_world.cpp.obj
                0x1ffd186c                tx_buffer
 .bss.in        0x1ffd2478      0x400 CMakeFiles/hello_world.axf.dir/hello_world.cpp.obj
                0x1ffd2478                in
 .bss.out       0x1ffd2878      0x400 CMakeFiles/hello_world.axf.dir/hello_world.cpp.obj
                0x1ffd2878                out
 .bss.left_in   0x1ffd2c78      0x200 CMakeFiles/hello_world.axf.dir/hello_world.cpp.obj
                0x1ffd2c78                left_in
 .bss.left_out  0x1ffd2e78      0x200 CMakeFiles/hello_world.axf.dir/hello_world.cpp.obj
                0x1ffd2e78                left_out
 .bss.left_fft  0x1ffd3078      0x800 CMakeFiles/hello_world.axf.dir/hello_world.cpp.obj
                0x1ffd3078                left_fft
 .bss.left_float
                0x1ffd3878      0x400 CMakeFiles/hello_world.axf.dir/hello_world.cpp.obj
                0x1ffd3878                left_float
 .bss.signalAusgang_compressed
                0x1ffd3c78    0x28000 CMakeFiles/hello_world.axf.dir/hello_world.cpp.obj
                0x1ffd3c78                signalAusgang_compressed
 .bss.write_index
                0x1fffbc78        0x4 CMakeFiles/hello_world.axf.dir/hello_world.cpp.obj
                0x1fffbc78                write_index
 .bss.decompression_buffer
                0x1fffbc7c      0x800 CMakeFiles/hello_world.axf.dir/hello_world.cpp.obj
                0x1fffbc7c                decompression_buffer
 .bss.magnitude
                0x1fffc47c      0x200 CMakeFiles/hello_world.axf.dir/hello_world.cpp.obj
                0x1fffc47c                magnitude
 .bss.magnitude_past
                0x1fffc67c      0x200 CMakeFiles/hello_world.axf.dir/hello_world.cpp.obj
                0x1fffc67c                magnitude_past
 .bss.FFT_conf  0x1fffc87c       0x18 CMakeFiles/hello_world.axf.dir/hello_world.cpp.obj
                0x1fffc87c                FFT_conf
 .bss.fft_input_buffer
                0x1fffc894      0x400 CMakeFiles/hello_world.axf.dir/hello_world.cpp.obj
                0x1fffc894                fft_input_buffer
 .bss.magnitude_sum_past
                0x1fffcc94        0x4 CMakeFiles/hello_world.axf.dir/hello_world.cpp.obj
                0x1fffcc94                magnitude_sum_past
 .bss.left_features
                0x1fffcc98       0x20 CMakeFiles/hello_world.axf.dir/hello_world.cpp.obj
                0x1fffcc98                left_features
 .bss.signalA   0x1fffccb8       0x20 CMakeFiles/hello_world.axf.dir/hello_world.cpp.obj
                0x1fffccb8                signalA
 .bss.playback_index
                0x1fffccd8        0x4 CMakeFiles/hello_world.axf.dir/hello_world.cpp.obj
                0x1fffccd8                playback_index
 .bss.is_playing
                0x1fffccdc        0x1 CMakeFiles/hello_world.axf.dir/hello_world.cpp.obj
                0x1fffccdc                is_playing
 .bss.completed.1
                0x1fffccdd        0x1 C:/EIGENE~1/DSP_LA~1/DEPEND~1/GCC-13~1.REL/bin/../lib/gcc/arm-none-eabi/13.3.1/thumb/v7e-m+fp/hard\crtbegin.o
 *fill*         0x1fffccde        0x2 
 .bss.object.0  0x1fffcce0       0x18 C:/EIGENE~1/DSP_LA~1/DEPEND~1/GCC-13~1.REL/bin/../lib/gcc/arm-none-eabi/13.3.1/thumb/v7e-m+fp/hard\crtbegin.o
 .bss.__sf      0x1fffccf8      0x138 C:/EIGENE~1/DSP_LA~1/DEPEND~1/GCC-13~1.REL/bin/../lib/gcc/arm-none-eabi/13.3.1/thumb/v7e-m+fp/hard\libc.a(libc_a-findfp.o)
                0x1fffccf8                __sf
 .bss.__stdio_exit_handler
                0x1fffce30        0x4 C:/EIGENE~1/DSP_LA~1/DEPEND~1/GCC-13~1.REL/bin/../lib/gcc/arm-none-eabi/13.3.1/thumb/v7e-m+fp/hard\libc.a(libc_a-findfp.o)
                0x1fffce30                __stdio_exit_handler
 .bss.errno     0x1fffce34        0x4 C:/EIGENE~1/DSP_LA~1/DEPEND~1/GCC-13~1.REL/bin/../lib/gcc/arm-none-eabi/13.3.1/thumb/v7e-m+fp/hard\libc.a(libc_a-reent.o)
                0x1fffce34                errno
 .bss.__lock___malloc_recursive_mutex
                0x1fffce38        0x1 C:/EIGENE~1/DSP_LA~1/DEPEND~1/GCC-13~1.REL/bin/../lib/gcc/arm-none-eabi/13.3.1/thumb/v7e-m+fp/hard\libc.a(libc_a-lock.o)
                0x1fffce38                __lock___malloc_recursive_mutex
 *fill*         0x1fffce39        0x3 
 .bss.__lock___atexit_recursive_mutex
                0x1fffce3c        0x1 C:/EIGENE~1/DSP_LA~1/DEPEND~1/GCC-13~1.REL/bin/../lib/gcc/arm-none-eabi/13.3.1/thumb/v7e-m+fp/hard\libc.a(libc_a-lock.o)
                0x1fffce3c                __lock___atexit_recursive_mutex
 *fill*         0x1fffce3d        0x3 
 .bss.__lock___sfp_recursive_mutex
                0x1fffce40        0x1 C:/EIGENE~1/DSP_LA~1/DEPEND~1/GCC-13~1.REL/bin/../lib/gcc/arm-none-eabi/13.3.1/thumb/v7e-m+fp/hard\libc.a(libc_a-lock.o)
                0x1fffce40                __lock___sfp_recursive_mutex
 *fill*         0x1fffce41        0x3 
 .bss.__atexit  0x1fffce44        0x4 C:/EIGENE~1/DSP_LA~1/DEPEND~1/GCC-13~1.REL/bin/../lib/gcc/arm-none-eabi/13.3.1/thumb/v7e-m+fp/hard\libc.a(libc_a-__call_atexit.o)
                0x1fffce44                __atexit
 .bss.__malloc_current_mallinfo
                0x1fffce48       0x28 C:/EIGENE~1/DSP_LA~1/DEPEND~1/GCC-13~1.REL/bin/../lib/gcc/arm-none-eabi/13.3.1/thumb/v7e-m+fp/hard\libc.a(libc_a-mallocr.o)
                0x1fffce48                __malloc_current_mallinfo
 .bss.__malloc_max_total_mem
                0x1fffce70        0x4 C:/EIGENE~1/DSP_LA~1/DEPEND~1/GCC-13~1.REL/bin/../lib/gcc/arm-none-eabi/13.3.1/thumb/v7e-m+fp/hard\libc.a(libc_a-mallocr.o)
                0x1fffce70                __malloc_max_total_mem
 .bss.__malloc_max_sbrked_mem
                0x1fffce74        0x4 C:/EIGENE~1/DSP_LA~1/DEPEND~1/GCC-13~1.REL/bin/../lib/gcc/arm-none-eabi/13.3.1/thumb/v7e-m+fp/hard\libc.a(libc_a-mallocr.o)
                0x1fffce74                __malloc_max_sbrked_mem
 .bss.__malloc_top_pad
                0x1fffce78        0x4 C:/EIGENE~1/DSP_LA~1/DEPEND~1/GCC-13~1.REL/bin/../lib/gcc/arm-none-eabi/13.3.1/thumb/v7e-m+fp/hard\libc.a(libc_a-mallocr.o)
                0x1fffce78                __malloc_top_pad
 .bss.__atexit0
                0x1fffce7c      0x190 C:/EIGENE~1/DSP_LA~1/DEPEND~1/GCC-13~1.REL/bin/../lib/gcc/arm-none-eabi/13.3.1/thumb/v7e-m+fp/hard\libc.a(libc_a-__atexit.o)
                0x1fffce7c                __atexit0
 .bss.heap_end.0
                0x1fffd00c        0x4 C:/EIGENE~1/DSP_LA~1/DEPEND~1/GCC-13~1.REL/bin/../lib/gcc/arm-none-eabi/13.3.1/thumb/v7e-m+fp/hard\libnosys.a(sbrk.o)
 *(COMMON)
                0x1fffd010                        . = ALIGN (0x4)
                0x1fffd010                        __bss_end__ = .

.heap           0x1fffd010      0x400
                0x1fffd010                        . = ALIGN (0x8)
                0x1fffd010                        __end__ = .
                0x1fffd010                        PROVIDE (end = .)
                0x1fffd410                        . = (. + __HEAP_SIZE)
 *fill*         0x1fffd010      0x400 
                0x1fffd410                        . = ALIGN (0x8)
                0x1fffd410                        __HeapLimit = .

.stack          0x1fffe000     0x1000
                0x1fffe000                        . = ALIGN (0x8)
                0x1fffe000                        __StackLimit = .
                0x1ffff000                        . = (. + __STACK_SIZE)
 *fill*         0x1fffe000     0x1000 
                0x1ffff000                        . = ALIGN (0x8)
                0x1ffff000                        __StackTop = .
                0x1ffff000                        PROVIDE (__stack = __StackTop)
                0x00000001                        ASSERT ((__StackLimit >= __HeapLimit), region RAM overflowed with stack)
OUTPUT(hello_world.axf elf32-littlearm)
LOAD linker stubs

.debug_info     0x00000000    0x48bb9
 .debug_info    0x00000000      0x2d9 CMakeFiles/hello_world.axf.dir/device/startup_S6E2CCAJOA.c.obj
 .debug_info    0x000002d9      0x106 CMakeFiles/hello_world.axf.dir/PDL/pdl.c.obj
 .debug_info    0x000003df     0x79a1 CMakeFiles/hello_world.axf.dir/PDL/system_s6e2cc.c.obj
 .debug_info    0x00007d80     0x51dd CMakeFiles/hello_world.axf.dir/PDL/mfs.c.obj
 .debug_info    0x0000cf5d     0x3c18 CMakeFiles/hello_world.axf.dir/PDL/clk.c.obj
 .debug_info    0x00010b75     0x3823 CMakeFiles/hello_world.axf.dir/PDL/dstc.c.obj
 .debug_info    0x00014398     0x3b94 CMakeFiles/hello_world.axf.dir/PDL/i2s.c.obj
 .debug_info    0x00017f2c     0xc29f CMakeFiles/hello_world.axf.dir/PDL/interrupts_fm4_type_b.c.obj
 .debug_info    0x000241cb     0x17e0 CMakeFiles/hello_world.axf.dir/PDL/wm8731.c.obj
 .debug_info    0x000259ab      0x50d CMakeFiles/hello_world.axf.dir/utils/crt_dummy_syscalls.c.obj
 .debug_info    0x00025eb8    0x16baf CMakeFiles/hello_world.axf.dir/utils/platform.cpp.obj
 .debug_info    0x0003ca67     0x1a2a CMakeFiles/hello_world.axf.dir/utils/utils.cpp.obj
 .debug_info    0x0003e491     0x2385 CMakeFiles/hello_world.axf.dir/utils/debug_utils.cpp.obj
 .debug_info    0x00040816     0x256d CMakeFiles/hello_world.axf.dir/hello_world.cpp.obj
 .debug_info    0x00042d83     0x1e24 CMakeFiles/hello_world.axf.dir/hello_world_circ_buffer.cpp.obj
 .debug_info    0x00044ba7      0x46d lib_dsp/libCMSISDSP.a(arm_rfft_fast_f32.c.obj)